<html>
<body>
<pre>
<h1>µVision Build Log</h1>
<h2>Tool Versions:</h2>
IDE-Version: µVision V5.13.0.0
Copyright (C) 2014 ARM Ltd and ARM Germany GmbH. All rights reserved.
License Information: Da Khoa Nguyen Huynh, HCMUT, LIC=MPPAR-KB7A9-BEQHH-W2LSE-MI3FU-7054W
 
Tool Versions:
Toolchain:       MDK-ARM Standard  Version: 5.13.0.0
Toolchain Path:  D:\Keil_v5\ARM\ARMCC\Bin
C Compiler:      Armcc.exe V5.05 update 1 (build 106)
Assembler:       Armasm.exe V5.05 update 1 (build 106)
Linker/Locator:  ArmLink.exe V5.05 update 1 (build 106)
Library Manager: ArmAr.exe V5.05 update 1 (build 106)
Hex Converter:   FromElf.exe V5.05 update 1 (build 106)
CPU DLL:         SARMCM3.DLL V5.13.0.0
Dialog DLL:      DCM.DLL V1.13.1.0
Target DLL:      lmidk-agdi.dll V???
Dialog DLL:      TCM.DLL V1.14.4.0
 
<h2>Project:</h2>
F:\Microcontroller_Projects\1_TM4C_FreeRTOS\TM4C_FreeRTOS.uvprojx
Project File Date:  01/09/2017

<h2>Output:</h2>
Rebuild target 'Default_Project'
assembling startup_rvmdk.S...
compiling main.c...
compiling PLL.c...
compiling GPIO.c...
compiling UART.c...
compiling led_task.c...
compiling switch_task.c...
compiling buttons.c...
compiling rgb.c...
compiling list.c...
compiling queue.c...
compiling tasks.c...
compiling heap_2.c...
compiling port.c...
linking...
Program Size: Code=7824 RO-data=32 RW-data=112 ZI-data=30960  
".\Objects\Default_Project.axf" - 0 Error(s), 0 Warning(s).

<h2>Collection of Component include folders:</h2>
  F:\Microcontroller_Projects\1_TM4C_FreeRTOS\RTE
  D:\Keil_v5\ARM\PACK\Keil\TM4C_DFP\1.0.0\Device\Include\TM4C123

<h2>Collection of Component Files used:</h2>
</pre>
</body>
</html>
