Component: ARM Compiler 5.06 update 4 (build 422) Tool: armlink [4d35d2]

==============================================================================

Section Cross References

    startup_rvmdk.o(RESET) refers to startup_rvmdk.o(STACK) for StackMem
    startup_rvmdk.o(RESET) refers to port.o(.emb_text) for vPortSVCHandler
    startup_rvmdk.o(RESET) refers to port.o(.text) for xPortSysTickHandler
    startup_rvmdk.o(RESET) refers to sensor_task.o(.text) for GPIOPortB_Handler
    startup_rvmdk.o(RESET) refers to entry.o(.ARM.Collect$$$$00000000) for __main
    main.o(.text) refers to tasks.o(.text) for xTaskGetTickCount
    main.o(.text) refers to queue.o(.text) for xQueueGenericSend
    main.o(.text) refers to gpio.o(.text) for Led_ON
    main.o(.text) refers to pll.o(.text) for PLL_Init
    main.o(.text) refers to uart.o(.text) for UART_Init
    main.o(.text) refers to timer0a.o(.text) for Timer0A_Delay_Init
    main.o(.text) refers to sensor_task.o(.text) for MPU9150TaskInit
    main.o(.text) refers to main.o(.data) for .data
    main.o(.text) refers to ram.o(.data) for SwitchesState_Queue
    main.o(.text) refers to ram.o(.data) for RGBLED_Queue
    main.o(.text) refers to ram.o(.data) for System_Status
    main.o(.text) refers to ram.o(.data) for GlobalVariable_Mutex
    buttons.o(.text) refers to buttons.o(.data) for .data
    rgb.o(.text) refers to sysctl.o(i.SysCtlClockGet) for SysCtlClockGet
    rgb.o(.text) refers to ffixul.o(.text) for __aeabi_f2ulz
    rgb.o(.text) refers to rgb.o(.data) for .data
    rgb.o(.text) refers to rgb.o(.bss) for .bss
    calibration.o(.text) refers to sqrtf.o(i.__hardfp_sqrtf) for __hardfp_sqrtf
    calibration.o(.text) refers to uart.o(.text) for UART_OutString
    calibration.o(.text) refers to timer0a.o(.text) for Delay_ms
    calibration.o(.text) refers to calibration.o(.constdata) for .constdata
    calibration.o(.text) refers to calibration.o(.bss) for .bss
    calibration.o(.text) refers to calibration.o(.data) for .data
    firstorderfilter.o(.text) refers to firstorderfilter.o(.bss) for .bss
    i2c.o(.text) refers to timer0a.o(.text) for Delay_us
    imu_quest.o(.text) refers to asinf.o(i.__hardfp_asinf) for __hardfp_asinf
    imu_quest.o(.text) refers to atan2f.o(i.__hardfp_atan2f) for __hardfp_atan2f
    imu_quest.o(.text) refers to cosf.o(i.__hardfp_cosf) for __hardfp_cosf
    imu_quest.o(.text) refers to sinf.o(i.__hardfp_sinf) for __hardfp_sinf
    imu_quest.o(.text) refers to imu_quest.o(.data) for .data
    imu_quest.o(.text) refers to imu_quest.o(.bss) for .bss
    mpu9150.o(.text) refers to i2c.o(.text) for I2C3_Write_Byte
    mpu9150.o(.text) refers to timer0a.o(.text) for Delay_ms
    mpu9150.o(.text) refers to powf.o(i.__hardfp_powf) for __hardfp_powf
    mpu9150.o(.text) refers to mpu9150.o(.data) for .data
    mpu9150.o(.text) refers to ram.o(.bss) for MPU9150_Bias
    mpu9150.o(.text) refers to uart.o(.text) for UART_OutString
    sensor_task.o(.text) refers to queue.o(.text) for xQueueGiveFromISR
    sensor_task.o(.text) refers to tasks.o(.text) for vTaskSwitchContext
    sensor_task.o(.text) refers to mpu9150.o(.text) for MPU9150_readAccelData
    sensor_task.o(.text) refers to firstorderfilter.o(.text) for firstOrderFilter
    sensor_task.o(.text) refers to calibration.o(.text) for Mag_Transformation
    sensor_task.o(.text) refers to imu_quest.o(.text) for QUEST
    sensor_task.o(.text) refers to memcpya.o(.text) for __aeabi_memcpy4
    sensor_task.o(.text) refers to i2c.o(.text) for I2C3_Init
    sensor_task.o(.text) refers to gpio.o(.text) for MotionInt_Init
    sensor_task.o(.text) refers to uart.o(.text) for UART_OutString
    sensor_task.o(.text) refers to sensor_task.o(.data) for .data
    sensor_task.o(.text) refers to ram.o(.data) for MPU9150_RawData_Semaphore
    sensor_task.o(.text) refers to ram.o(.data) for I2C3_Mutex
    sensor_task.o(.text) refers to ram.o(.bss) for MPU9150_Bias
    sensor_task.o(.text) refers to firstorderfilter.o(.bss) for firstOrderFilters
    sensor_task.o(.text) refers to calibration.o(.bss) for Mag_calibrated
    sensor_task.o(.text) refers to calibration.o(.data) for accel_BiasMPU
    sensor_task.o(.text) refers to ram.o(.data) for GlobalVariable_Mutex
    sensor_task.o(.text) refers to ram.o(.bss) for MPU9150_FilteredData
    queue.o(.text) refers to port.o(.text) for vPortEnterCritical
    queue.o(.text) refers to list.o(.text) for vListInitialise
    queue.o(.text) refers to tasks.o(.text) for xTaskRemoveFromEventList
    queue.o(.text) refers to heap_2.o(.text) for pvPortMalloc
    queue.o(.text) refers to memcpya.o(.text) for __aeabi_memcpy
    queue.o(.text) refers to queue.o(.bss) for .bss
    tasks.o(.text) refers to port.o(.text) for vPortEnterCritical
    tasks.o(.text) refers to list.o(.text) for vListInitialise
    tasks.o(.text) refers to heap_2.o(.text) for pvPortMalloc
    tasks.o(.text) refers to tasks.o(.data) for .data
    tasks.o(.text) refers to tasks.o(.bss) for .bss
    tasks.o(.text) refers to main.o(.text) for vApplicationStackOverflowHook
    tasks.o(.text) refers to memseta.o(.text) for __aeabi_memset
    heap_2.o(.text) refers to tasks.o(.text) for vTaskSuspendAll
    heap_2.o(.text) refers to heap_2.o(.data) for .data
    heap_2.o(.text) refers to heap_2.o(.bss) for .bss
    port.o(.emb_text) refers to tasks.o(.text) for vTaskSwitchContext
    port.o(.emb_text) refers to tasks.o(.data) for pxCurrentTCB
    port.o(.text) refers to port.o(.emb_text) for __asm___6_port_c_39a90d8d__prvEnableVFP
    port.o(.text) refers to tasks.o(.text) for xTaskIncrementTick
    port.o(.text) refers to port.o(.data) for .data
    sysctl.o(i.SysCtlClockFreqSet) refers to sysctl.o(.constdata) for .constdata
    sysctl.o(i.SysCtlClockGet) refers to sysctl.o(.constdata) for .constdata
    sysctl.o(i.SysCtlClockSet) refers to sysctl.o(.emb_text) for SysCtlDelay
    sysctl.o(i.SysCtlDeepSleep) refers to cpu.o(.emb_text) for CPUwfi
    sysctl.o(i.SysCtlIntRegister) refers to interrupt.o(i.IntRegister) for IntRegister
    sysctl.o(i.SysCtlIntRegister) refers to interrupt.o(i.IntEnable) for IntEnable
    sysctl.o(i.SysCtlIntUnregister) refers to interrupt.o(i.IntDisable) for IntDisable
    sysctl.o(i.SysCtlIntUnregister) refers to interrupt.o(i.IntUnregister) for IntUnregister
    sysctl.o(i.SysCtlSleep) refers to cpu.o(.emb_text) for CPUwfi
    interrupt.o(i.IntDisable) refers to interrupt.o(.constdata) for .constdata
    interrupt.o(i.IntEnable) refers to interrupt.o(.constdata) for .constdata
    interrupt.o(i.IntIsEnabled) refers to interrupt.o(.constdata) for .constdata
    interrupt.o(i.IntMasterDisable) refers to cpu.o(.emb_text) for CPUcpsid
    interrupt.o(i.IntMasterEnable) refers to cpu.o(.emb_text) for CPUcpsie
    interrupt.o(i.IntPendClear) refers to interrupt.o(.constdata) for .constdata
    interrupt.o(i.IntPendSet) refers to interrupt.o(.constdata) for .constdata
    interrupt.o(i.IntPriorityGet) refers to interrupt.o(.constdata) for .constdata
    interrupt.o(i.IntPriorityGroupingGet) refers to interrupt.o(.constdata) for .constdata
    interrupt.o(i.IntPriorityGroupingSet) refers to interrupt.o(.constdata) for .constdata
    interrupt.o(i.IntPriorityMaskGet) refers to cpu.o(.emb_text) for CPUbasepriGet
    interrupt.o(i.IntPriorityMaskSet) refers to cpu.o(.emb_text) for CPUbasepriSet
    interrupt.o(i.IntPrioritySet) refers to interrupt.o(.constdata) for .constdata
    interrupt.o(i.IntRegister) refers to interrupt.o(vtable) for vtable
    interrupt.o(i.IntUnregister) refers to interrupt.o(i._IntDefaultHandler) for _IntDefaultHandler
    interrupt.o(i.IntUnregister) refers to interrupt.o(vtable) for vtable
    asinf.o(i.__hardfp_asinf) refers (Special) to iusefp.o(.text) for __I$use$fp
    asinf.o(i.__hardfp_asinf) refers to sqrtf.o(i.sqrtf) for sqrtf
    asinf.o(i.__hardfp_asinf) refers to fpclassifyf.o(i.__ARM_fpclassifyf) for __ARM_fpclassifyf
    asinf.o(i.__hardfp_asinf) refers to funder.o(i.__mathlib_flt_underflow) for __mathlib_flt_underflow
    asinf.o(i.__hardfp_asinf) refers to funder.o(i.__mathlib_flt_infnan) for __mathlib_flt_infnan
    asinf.o(i.__hardfp_asinf) refers to errno.o(i.__set_errno) for __set_errno
    asinf.o(i.__hardfp_asinf) refers to funder.o(i.__mathlib_flt_invalid) for __mathlib_flt_invalid
    asinf.o(i.__softfp_asinf) refers (Special) to iusefp.o(.text) for __I$use$fp
    asinf.o(i.__softfp_asinf) refers to asinf.o(i.__hardfp_asinf) for __hardfp_asinf
    asinf.o(i.asinf) refers (Special) to iusefp.o(.text) for __I$use$fp
    asinf.o(i.asinf) refers to asinf.o(i.__hardfp_asinf) for __hardfp_asinf
    asinf_x.o(i.____hardfp_asinf$lsc) refers (Special) to iusefp.o(.text) for __I$use$fp
    asinf_x.o(i.____hardfp_asinf$lsc) refers to sqrtf.o(i.sqrtf) for sqrtf
    asinf_x.o(i.____hardfp_asinf$lsc) refers to funder.o(i.__mathlib_flt_infnan) for __mathlib_flt_infnan
    asinf_x.o(i.____hardfp_asinf$lsc) refers to errno.o(i.__set_errno) for __set_errno
    asinf_x.o(i.____softfp_asinf$lsc) refers (Special) to iusefp.o(.text) for __I$use$fp
    asinf_x.o(i.____softfp_asinf$lsc) refers to asinf_x.o(i.____hardfp_asinf$lsc) for ____hardfp_asinf$lsc
    asinf_x.o(i.__asinf$lsc) refers (Special) to iusefp.o(.text) for __I$use$fp
    asinf_x.o(i.__asinf$lsc) refers to asinf_x.o(i.____hardfp_asinf$lsc) for ____hardfp_asinf$lsc
    atan2f.o(i.__hardfp_atan2f) refers (Special) to iusefp.o(.text) for __I$use$fp
    atan2f.o(i.__hardfp_atan2f) refers to fpclassifyf.o(i.__ARM_fpclassifyf) for __ARM_fpclassifyf
    atan2f.o(i.__hardfp_atan2f) refers to funder.o(i.__mathlib_flt_underflow) for __mathlib_flt_underflow
    atan2f.o(i.__hardfp_atan2f) refers to funder.o(i.__mathlib_flt_infnan2) for __mathlib_flt_infnan2
    atan2f.o(i.__softfp_atan2f) refers (Special) to iusefp.o(.text) for __I$use$fp
    atan2f.o(i.__softfp_atan2f) refers to atan2f.o(i.__hardfp_atan2f) for __hardfp_atan2f
    atan2f.o(i.atan2f) refers (Special) to iusefp.o(.text) for __I$use$fp
    atan2f.o(i.atan2f) refers to atan2f.o(i.__hardfp_atan2f) for __hardfp_atan2f
    atan2f_x.o(i.____hardfp_atan2f$lsc) refers (Special) to iusefp.o(.text) for __I$use$fp
    atan2f_x.o(i.____hardfp_atan2f$lsc) refers to funder.o(i.__mathlib_flt_infnan2) for __mathlib_flt_infnan2
    atan2f_x.o(i.____hardfp_atan2f$lsc) refers to errno.o(i.__set_errno) for __set_errno
    atan2f_x.o(i.____softfp_atan2f$lsc) refers (Special) to iusefp.o(.text) for __I$use$fp
    atan2f_x.o(i.____softfp_atan2f$lsc) refers to atan2f_x.o(i.____hardfp_atan2f$lsc) for ____hardfp_atan2f$lsc
    atan2f_x.o(i.__atan2f$lsc) refers (Special) to iusefp.o(.text) for __I$use$fp
    atan2f_x.o(i.__atan2f$lsc) refers to atan2f_x.o(i.____hardfp_atan2f$lsc) for ____hardfp_atan2f$lsc
    cosf.o(i.__hardfp_cosf) refers (Special) to iusefp.o(.text) for __I$use$fp
    cosf.o(i.__hardfp_cosf) refers to rredf.o(i.__mathlib_rredf2) for __mathlib_rredf2
    cosf.o(i.__hardfp_cosf) refers to errno.o(i.__set_errno) for __set_errno
    cosf.o(i.__hardfp_cosf) refers to funder.o(i.__mathlib_flt_invalid) for __mathlib_flt_invalid
    cosf.o(i.__hardfp_cosf) refers to funder.o(i.__mathlib_flt_infnan) for __mathlib_flt_infnan
    cosf.o(i.__softfp_cosf) refers (Special) to iusefp.o(.text) for __I$use$fp
    cosf.o(i.__softfp_cosf) refers to cosf.o(i.__hardfp_cosf) for __hardfp_cosf
    cosf.o(i.cosf) refers (Special) to iusefp.o(.text) for __I$use$fp
    cosf.o(i.cosf) refers to cosf.o(i.__hardfp_cosf) for __hardfp_cosf
    cosf_x.o(i.____hardfp_cosf$lsc) refers (Special) to iusefp.o(.text) for __I$use$fp
    cosf_x.o(i.____hardfp_cosf$lsc) refers to rredf.o(i.__mathlib_rredf2) for __mathlib_rredf2
    cosf_x.o(i.____hardfp_cosf$lsc) refers to errno.o(i.__set_errno) for __set_errno
    cosf_x.o(i.____hardfp_cosf$lsc) refers to funder.o(i.__mathlib_flt_infnan) for __mathlib_flt_infnan
    cosf_x.o(i.____softfp_cosf$lsc) refers (Special) to iusefp.o(.text) for __I$use$fp
    cosf_x.o(i.____softfp_cosf$lsc) refers to cosf_x.o(i.____hardfp_cosf$lsc) for ____hardfp_cosf$lsc
    cosf_x.o(i.__cosf$lsc) refers (Special) to iusefp.o(.text) for __I$use$fp
    cosf_x.o(i.__cosf$lsc) refers to cosf_x.o(i.____hardfp_cosf$lsc) for ____hardfp_cosf$lsc
    powf.o(i.__hardfp_powf) refers (Special) to iusefp.o(.text) for __I$use$fp
    powf.o(i.__hardfp_powf) refers to fpstat.o(.text) for __ieee_status
    powf.o(i.__hardfp_powf) refers to errno.o(i.__set_errno) for __set_errno
    powf.o(i.__hardfp_powf) refers to funder.o(i.__mathlib_flt_overflow) for __mathlib_flt_overflow
    powf.o(i.__hardfp_powf) refers to fpclassifyf.o(i.__ARM_fpclassifyf) for __ARM_fpclassifyf
    powf.o(i.__hardfp_powf) refers to funder.o(i.__mathlib_flt_underflow) for __mathlib_flt_underflow
    powf.o(i.__hardfp_powf) refers to funder.o(i.__mathlib_flt_invalid) for __mathlib_flt_invalid
    powf.o(i.__hardfp_powf) refers to powf.o(.constdata) for .constdata
    powf.o(i.__hardfp_powf) refers to funder.o(i.__mathlib_flt_infnan2) for __mathlib_flt_infnan2
    powf.o(i.__hardfp_powf) refers to funder.o(i.__mathlib_flt_divzero) for __mathlib_flt_divzero
    powf.o(i.__softfp_powf) refers (Special) to iusefp.o(.text) for __I$use$fp
    powf.o(i.__softfp_powf) refers to powf.o(i.__hardfp_powf) for __hardfp_powf
    powf.o(i.powf) refers (Special) to iusefp.o(.text) for __I$use$fp
    powf.o(i.powf) refers to powf.o(i.__hardfp_powf) for __hardfp_powf
    powf.o(.constdata) refers (Special) to iusefp.o(.text) for __I$use$fp
    powf_x.o(i.____hardfp_powf$lsc) refers (Special) to iusefp.o(.text) for __I$use$fp
    powf_x.o(i.____hardfp_powf$lsc) refers to fpstat.o(.text) for __ieee_status
    powf_x.o(i.____hardfp_powf$lsc) refers to errno.o(i.__set_errno) for __set_errno
    powf_x.o(i.____hardfp_powf$lsc) refers to powf_x.o(.constdata) for .constdata
    powf_x.o(i.____hardfp_powf$lsc) refers to funder.o(i.__mathlib_flt_infnan2) for __mathlib_flt_infnan2
    powf_x.o(i.____softfp_powf$lsc) refers (Special) to iusefp.o(.text) for __I$use$fp
    powf_x.o(i.____softfp_powf$lsc) refers to powf_x.o(i.____hardfp_powf$lsc) for ____hardfp_powf$lsc
    powf_x.o(i.__powf$lsc) refers (Special) to iusefp.o(.text) for __I$use$fp
    powf_x.o(i.__powf$lsc) refers to powf_x.o(i.____hardfp_powf$lsc) for ____hardfp_powf$lsc
    powf_x.o(.constdata) refers (Special) to iusefp.o(.text) for __I$use$fp
    sinf.o(i.__hardfp_sinf) refers (Special) to iusefp.o(.text) for __I$use$fp
    sinf.o(i.__hardfp_sinf) refers to rredf.o(i.__mathlib_rredf2) for __mathlib_rredf2
    sinf.o(i.__hardfp_sinf) refers to fpclassifyf.o(i.__ARM_fpclassifyf) for __ARM_fpclassifyf
    sinf.o(i.__hardfp_sinf) refers to funder.o(i.__mathlib_flt_underflow) for __mathlib_flt_underflow
    sinf.o(i.__hardfp_sinf) refers to errno.o(i.__set_errno) for __set_errno
    sinf.o(i.__hardfp_sinf) refers to funder.o(i.__mathlib_flt_invalid) for __mathlib_flt_invalid
    sinf.o(i.__hardfp_sinf) refers to funder.o(i.__mathlib_flt_infnan) for __mathlib_flt_infnan
    sinf.o(i.__softfp_sinf) refers (Special) to iusefp.o(.text) for __I$use$fp
    sinf.o(i.__softfp_sinf) refers to sinf.o(i.__hardfp_sinf) for __hardfp_sinf
    sinf.o(i.sinf) refers (Special) to iusefp.o(.text) for __I$use$fp
    sinf.o(i.sinf) refers to sinf.o(i.__hardfp_sinf) for __hardfp_sinf
    sinf_x.o(i.____hardfp_sinf$lsc) refers (Special) to iusefp.o(.text) for __I$use$fp
    sinf_x.o(i.____hardfp_sinf$lsc) refers to rredf.o(i.__mathlib_rredf2) for __mathlib_rredf2
    sinf_x.o(i.____hardfp_sinf$lsc) refers to errno.o(i.__set_errno) for __set_errno
    sinf_x.o(i.____hardfp_sinf$lsc) refers to funder.o(i.__mathlib_flt_infnan) for __mathlib_flt_infnan
    sinf_x.o(i.____softfp_sinf$lsc) refers (Special) to iusefp.o(.text) for __I$use$fp
    sinf_x.o(i.____softfp_sinf$lsc) refers to sinf_x.o(i.____hardfp_sinf$lsc) for ____hardfp_sinf$lsc
    sinf_x.o(i.__sinf$lsc) refers (Special) to iusefp.o(.text) for __I$use$fp
    sinf_x.o(i.__sinf$lsc) refers to sinf_x.o(i.____hardfp_sinf$lsc) for ____hardfp_sinf$lsc
    sqrtf.o(i.__hardfp_sqrtf) refers (Special) to iusefp.o(.text) for __I$use$fp
    sqrtf.o(i.__hardfp_sqrtf) refers to errno.o(i.__set_errno) for __set_errno
    sqrtf.o(i.__softfp_sqrtf) refers (Special) to iusefp.o(.text) for __I$use$fp
    sqrtf.o(i.__softfp_sqrtf) refers to errno.o(i.__set_errno) for __set_errno
    sqrtf.o(i.sqrtf) refers (Special) to iusefp.o(.text) for __I$use$fp
    sqrtf.o(i.sqrtf) refers to errno.o(i.__set_errno) for __set_errno
    sqrtf_x.o(i.____hardfp_sqrtf$lsc) refers (Special) to iusefp.o(.text) for __I$use$fp
    sqrtf_x.o(i.____hardfp_sqrtf$lsc) refers to errno.o(i.__set_errno) for __set_errno
    sqrtf_x.o(i.____softfp_sqrtf$lsc) refers (Special) to iusefp.o(.text) for __I$use$fp
    sqrtf_x.o(i.____softfp_sqrtf$lsc) refers to errno.o(i.__set_errno) for __set_errno
    sqrtf_x.o(i.__sqrtf$lsc) refers (Special) to iusefp.o(.text) for __I$use$fp
    sqrtf_x.o(i.__sqrtf$lsc) refers to errno.o(i.__set_errno) for __set_errno
    entry.o(.ARM.Collect$$$$00000000) refers (Special) to entry10a.o(.ARM.Collect$$$$0000000D) for __rt_final_cpp
    entry.o(.ARM.Collect$$$$00000000) refers (Special) to entry11a.o(.ARM.Collect$$$$0000000F) for __rt_final_exit
    entry.o(.ARM.Collect$$$$00000000) refers (Special) to entry7b.o(.ARM.Collect$$$$00000008) for _main_clock
    entry.o(.ARM.Collect$$$$00000000) refers (Special) to entry8b.o(.ARM.Collect$$$$0000000A) for _main_cpp_init
    entry.o(.ARM.Collect$$$$00000000) refers (Special) to entry9a.o(.ARM.Collect$$$$0000000B) for _main_init
    entry.o(.ARM.Collect$$$$00000000) refers (Special) to entry5.o(.ARM.Collect$$$$00000004) for _main_scatterload
    entry.o(.ARM.Collect$$$$00000000) refers (Special) to entry2.o(.ARM.Collect$$$$00000001) for _main_stk
    ffixul.o(.text) refers (Special) to iusefp.o(.text) for __I$use$fp
    ffixul.o(.text) refers to llshl.o(.text) for __aeabi_llsl
    fpclassifyf.o(i.__ARM_fpclassifyf) refers (Special) to iusefp.o(.text) for __I$use$fp
    rredf.o(i.__mathlib_rredf2) refers (Special) to iusefp.o(.text) for __I$use$fp
    rredf.o(i.__mathlib_rredf2) refers to rredf.o(.constdata) for .constdata
    rredf.o(.constdata) refers (Special) to iusefp.o(.text) for __I$use$fp
    entry2.o(.ARM.Collect$$$$00000001) refers to entry2.o(.ARM.Collect$$$$00002712) for __lit__00000000
    entry2.o(.ARM.Collect$$$$00002712) refers to startup_rvmdk.o(STACK) for __initial_sp
    entry2.o(__vectab_stack_and_reset_area) refers to startup_rvmdk.o(STACK) for __initial_sp
    entry2.o(__vectab_stack_and_reset_area) refers to entry.o(.ARM.Collect$$$$00000000) for __main
    entry5.o(.ARM.Collect$$$$00000004) refers to init.o(.text) for __scatterload
    entry9a.o(.ARM.Collect$$$$0000000B) refers to main.o(.text) for main
    entry9b.o(.ARM.Collect$$$$0000000C) refers to main.o(.text) for main
    errno.o(i.__aeabi_errno_addr) refers to errno.o(.data) for .data
    errno.o(i.__read_errno) refers to errno.o(.data) for .data
    errno.o(i.__set_errno) refers to errno.o(.data) for .data
    init.o(.text) refers to entry5.o(.ARM.Collect$$$$00000004) for __main_after_scatterload


==============================================================================

Removing Unused input sections from the image.

    Removing startup_rvmdk.o(HEAP), (0 bytes).
    Removing startup_rvmdk.o(.text), (28 bytes).
    Removing buttons.o(.text), (176 bytes).
    Removing buttons.o(.data), (3 bytes).
    Removing rgb.o(.text), (796 bytes).
    Removing rgb.o(.bss), (12 bytes).
    Removing rgb.o(.data), (8 bytes).
    Removing ram.o(.data), (4 bytes).
    Removing sysctl.o(.emb_text), (6 bytes).
    Removing sysctl.o(i.SysCtlAltClkConfig), (12 bytes).
    Removing sysctl.o(i.SysCtlClockFreqSet), (712 bytes).
    Removing sysctl.o(i.SysCtlClockGet), (340 bytes).
    Removing sysctl.o(i.SysCtlClockOutConfig), (20 bytes).
    Removing sysctl.o(i.SysCtlClockSet), (288 bytes).
    Removing sysctl.o(i.SysCtlDeepSleep), (32 bytes).
    Removing sysctl.o(i.SysCtlDeepSleepClockConfigSet), (112 bytes).
    Removing sysctl.o(i.SysCtlDeepSleepClockSet), (12 bytes).
    Removing sysctl.o(i.SysCtlDeepSleepPowerSet), (12 bytes).
    Removing sysctl.o(i.SysCtlFlashSectorSizeGet), (56 bytes).
    Removing sysctl.o(i.SysCtlFlashSizeGet), (56 bytes).
    Removing sysctl.o(i.SysCtlGPIOAHBDisable), (28 bytes).
    Removing sysctl.o(i.SysCtlGPIOAHBEnable), (24 bytes).
    Removing sysctl.o(i.SysCtlIntClear), (12 bytes).
    Removing sysctl.o(i.SysCtlIntDisable), (16 bytes).
    Removing sysctl.o(i.SysCtlIntEnable), (16 bytes).
    Removing sysctl.o(i.SysCtlIntRegister), (20 bytes).
    Removing sysctl.o(i.SysCtlIntStatus), (16 bytes).
    Removing sysctl.o(i.SysCtlIntUnregister), (18 bytes).
    Removing sysctl.o(i.SysCtlLDODeepSleepGet), (12 bytes).
    Removing sysctl.o(i.SysCtlLDODeepSleepSet), (12 bytes).
    Removing sysctl.o(i.SysCtlLDOSleepGet), (12 bytes).
    Removing sysctl.o(i.SysCtlLDOSleepSet), (12 bytes).
    Removing sysctl.o(i.SysCtlMOSCConfigSet), (12 bytes).
    Removing sysctl.o(i.SysCtlNMIClear), (16 bytes).
    Removing sysctl.o(i.SysCtlNMIStatus), (12 bytes).
    Removing sysctl.o(i.SysCtlPIOSCCalibrate), (76 bytes).
    Removing sysctl.o(i.SysCtlPWMClockGet), (24 bytes).
    Removing sysctl.o(i.SysCtlPWMClockSet), (20 bytes).
    Removing sysctl.o(i.SysCtlPeripheralClockGating), (68 bytes).
    Removing sysctl.o(i.SysCtlPeripheralDeepSleepDisable), (40 bytes).
    Removing sysctl.o(i.SysCtlPeripheralDeepSleepEnable), (40 bytes).
    Removing sysctl.o(i.SysCtlPeripheralDisable), (40 bytes).
    Removing sysctl.o(i.SysCtlPeripheralEnable), (40 bytes).
    Removing sysctl.o(i.SysCtlPeripheralPowerOff), (40 bytes).
    Removing sysctl.o(i.SysCtlPeripheralPowerOn), (40 bytes).
    Removing sysctl.o(i.SysCtlPeripheralPresent), (44 bytes).
    Removing sysctl.o(i.SysCtlPeripheralReady), (44 bytes).
    Removing sysctl.o(i.SysCtlPeripheralReset), (60 bytes).
    Removing sysctl.o(i.SysCtlPeripheralSleepDisable), (40 bytes).
    Removing sysctl.o(i.SysCtlPeripheralSleepEnable), (40 bytes).
    Removing sysctl.o(i.SysCtlReset), (16 bytes).
    Removing sysctl.o(i.SysCtlResetBehaviorGet), (12 bytes).
    Removing sysctl.o(i.SysCtlResetBehaviorSet), (12 bytes).
    Removing sysctl.o(i.SysCtlResetCauseClear), (16 bytes).
    Removing sysctl.o(i.SysCtlResetCauseGet), (12 bytes).
    Removing sysctl.o(i.SysCtlSRAMSizeGet), (16 bytes).
    Removing sysctl.o(i.SysCtlSleep), (4 bytes).
    Removing sysctl.o(i.SysCtlSleepPowerSet), (12 bytes).
    Removing sysctl.o(i.SysCtlUSBPLLDisable), (16 bytes).
    Removing sysctl.o(i.SysCtlUSBPLLEnable), (16 bytes).
    Removing sysctl.o(i.SysCtlVoltageEventClear), (16 bytes).
    Removing sysctl.o(i.SysCtlVoltageEventConfig), (12 bytes).
    Removing sysctl.o(i.SysCtlVoltageEventStatus), (12 bytes).
    Removing sysctl.o(.constdata), (452 bytes).
    Removing cpu.o(.emb_text), (38 bytes).
    Removing interrupt.o(i.IntDisable), (100 bytes).
    Removing interrupt.o(i.IntEnable), (100 bytes).
    Removing interrupt.o(i.IntIsEnabled), (96 bytes).
    Removing interrupt.o(i.IntMasterDisable), (14 bytes).
    Removing interrupt.o(i.IntMasterEnable), (14 bytes).
    Removing interrupt.o(i.IntPendClear), (68 bytes).
    Removing interrupt.o(i.IntPendSet), (84 bytes).
    Removing interrupt.o(i.IntPriorityGet), (28 bytes).
    Removing interrupt.o(i.IntPriorityGroupingGet), (36 bytes).
    Removing interrupt.o(i.IntPriorityGroupingSet), (28 bytes).
    Removing interrupt.o(i.IntPriorityMaskGet), (4 bytes).
    Removing interrupt.o(i.IntPriorityMaskSet), (4 bytes).
    Removing interrupt.o(i.IntPrioritySet), (40 bytes).
    Removing interrupt.o(i.IntRegister), (52 bytes).
    Removing interrupt.o(i.IntTrigger), (12 bytes).
    Removing interrupt.o(i.IntUnregister), (20 bytes).
    Removing interrupt.o(i._IntDefaultHandler), (2 bytes).
    Removing interrupt.o(.constdata), (268 bytes).
    Removing interrupt.o(vtable), (620 bytes).
    Removing ffixul.o(.text), (44 bytes).

85 unused section(s) (total 5875 bytes) removed from the image.

==============================================================================

Image Symbol Table

    Local Symbols

    Symbol Name                              Value     Ov Type        Size  Object(Section)

    RESET                                    0x00000000   Section      644  startup_rvmdk.o(RESET)
    ../clib/../cmprslib/zerorunl.c           0x00000000   Number         0  __dczerorl.o ABSOLUTE
    ../clib/microlib/errno.c                 0x00000000   Number         0  errno.o ABSOLUTE
    ../clib/microlib/init/entry.s            0x00000000   Number         0  entry.o ABSOLUTE
    ../clib/microlib/init/entry.s            0x00000000   Number         0  entry2.o ABSOLUTE
    ../clib/microlib/init/entry.s            0x00000000   Number         0  entry9a.o ABSOLUTE
    ../clib/microlib/init/entry.s            0x00000000   Number         0  entry7a.o ABSOLUTE
    ../clib/microlib/init/entry.s            0x00000000   Number         0  entry8b.o ABSOLUTE
    ../clib/microlib/init/entry.s            0x00000000   Number         0  entry7b.o ABSOLUTE
    ../clib/microlib/init/entry.s            0x00000000   Number         0  entry9b.o ABSOLUTE
    ../clib/microlib/init/entry.s            0x00000000   Number         0  entry8a.o ABSOLUTE
    ../clib/microlib/init/entry.s            0x00000000   Number         0  entry11b.o ABSOLUTE
    ../clib/microlib/init/entry.s            0x00000000   Number         0  entry11a.o ABSOLUTE
    ../clib/microlib/init/entry.s            0x00000000   Number         0  entry10b.o ABSOLUTE
    ../clib/microlib/init/entry.s            0x00000000   Number         0  entry10a.o ABSOLUTE
    ../clib/microlib/init/entry.s            0x00000000   Number         0  entry5.o ABSOLUTE
    ../clib/microlib/longlong.c              0x00000000   Number         0  llshl.o ABSOLUTE
    ../clib/microlib/string/memcpy.c         0x00000000   Number         0  memcpyb.o ABSOLUTE
    ../clib/microlib/string/memcpy.c         0x00000000   Number         0  memcpya.o ABSOLUTE
    ../clib/microlib/string/memset.c         0x00000000   Number         0  memseta.o ABSOLUTE
    ../clib/microlib/stubs.s                 0x00000000   Number         0  iusefp.o ABSOLUTE
    ../fplib/microlib/fpfix.c                0x00000000   Number         0  ffixul.o ABSOLUTE
    ../fplib/microlib/fpstat.c               0x00000000   Number         0  fpstat.o ABSOLUTE
    ../mathlib/asinf.c                       0x00000000   Number         0  asinf.o ABSOLUTE
    ../mathlib/asinf.c                       0x00000000   Number         0  asinf_x.o ABSOLUTE
    ../mathlib/atan2f.c                      0x00000000   Number         0  atan2f.o ABSOLUTE
    ../mathlib/atan2f.c                      0x00000000   Number         0  atan2f_x.o ABSOLUTE
    ../mathlib/cosf.c                        0x00000000   Number         0  cosf.o ABSOLUTE
    ../mathlib/cosf.c                        0x00000000   Number         0  cosf_x.o ABSOLUTE
    ../mathlib/fpclassifyf.c                 0x00000000   Number         0  fpclassifyf.o ABSOLUTE
    ../mathlib/funder.c                      0x00000000   Number         0  funder.o ABSOLUTE
    ../mathlib/powf.c                        0x00000000   Number         0  powf_x.o ABSOLUTE
    ../mathlib/powf.c                        0x00000000   Number         0  powf.o ABSOLUTE
    ../mathlib/rredf.c                       0x00000000   Number         0  rredf.o ABSOLUTE
    ../mathlib/sinf.c                        0x00000000   Number         0  sinf.o ABSOLUTE
    ../mathlib/sinf.c                        0x00000000   Number         0  sinf_x.o ABSOLUTE
    ../mathlib/sqrtf.c                       0x00000000   Number         0  sqrtf.o ABSOLUTE
    ../mathlib/sqrtf.c                       0x00000000   Number         0  sqrtf_x.o ABSOLUTE
    FreeRTOS\ARM_CM4F\port.c                 0x00000000   Number         0  port.o ABSOLUTE
    FreeRTOS\MemMang\heap_2.c                0x00000000   Number         0  heap_2.o ABSOLUTE
    FreeRTOS\\ARM_CM4F\\port.c               0x00000000   Number         0  port.o ABSOLUTE
    FreeRTOS\list.c                          0x00000000   Number         0  list.o ABSOLUTE
    FreeRTOS\queue.c                         0x00000000   Number         0  queue.o ABSOLUTE
    FreeRTOS\tasks.c                         0x00000000   Number         0  tasks.o ABSOLUTE
    Source\GPIO.c                            0x00000000   Number         0  gpio.o ABSOLUTE
    Source\I2C.c                             0x00000000   Number         0  i2c.o ABSOLUTE
    Source\IMU_QUEST.c                       0x00000000   Number         0  imu_quest.o ABSOLUTE
    Source\MPU9150.c                         0x00000000   Number         0  mpu9150.o ABSOLUTE
    Source\PLL.c                             0x00000000   Number         0  pll.o ABSOLUTE
    Source\Sensor_Task.c                     0x00000000   Number         0  sensor_task.o ABSOLUTE
    Source\Timer0A.c                         0x00000000   Number         0  timer0a.o ABSOLUTE
    Source\UART.c                            0x00000000   Number         0  uart.o ABSOLUTE
    Source\calibration.c                     0x00000000   Number         0  calibration.o ABSOLUTE
    Source\drivers\buttons.c                 0x00000000   Number         0  buttons.o ABSOLUTE
    Source\drivers\rgb.c                     0x00000000   Number         0  rgb.o ABSOLUTE
    Source\firstOrderFilter.c                0x00000000   Number         0  firstorderfilter.o ABSOLUTE
    Source\main.c                            0x00000000   Number         0  main.o ABSOLUTE
    Source\ram.c                             0x00000000   Number         0  ram.o ABSOLUTE
    Startup\startup_rvmdk.S                  0x00000000   Number         0  startup_rvmdk.o ABSOLUTE
    cpu.c                                    0x00000000   Number         0  cpu.o ABSOLUTE
    cpu.c                                    0x00000000   Number         0  cpu.o ABSOLUTE
    dc.s                                     0x00000000   Number         0  dc.o ABSOLUTE
    handlers.s                               0x00000000   Number         0  handlers.o ABSOLUTE
    init.s                                   0x00000000   Number         0  init.o ABSOLUTE
    interrupt.c                              0x00000000   Number         0  interrupt.o ABSOLUTE
    sysctl.c                                 0x00000000   Number         0  sysctl.o ABSOLUTE
    sysctl.c                                 0x00000000   Number         0  sysctl.o ABSOLUTE
    $v0                                      0x0000026c   Number         0  startup_rvmdk.o(RESET)
    .ARM.Collect$$$$00000000                 0x00000284   Section        0  entry.o(.ARM.Collect$$$$00000000)
    .ARM.Collect$$$$00000001                 0x00000284   Section        4  entry2.o(.ARM.Collect$$$$00000001)
    .ARM.Collect$$$$00000004                 0x00000288   Section        4  entry5.o(.ARM.Collect$$$$00000004)
    .ARM.Collect$$$$00000008                 0x0000028c   Section        0  entry7b.o(.ARM.Collect$$$$00000008)
    .ARM.Collect$$$$0000000A                 0x0000028c   Section        0  entry8b.o(.ARM.Collect$$$$0000000A)
    .ARM.Collect$$$$0000000B                 0x0000028c   Section        8  entry9a.o(.ARM.Collect$$$$0000000B)
    .ARM.Collect$$$$0000000D                 0x00000294   Section        0  entry10a.o(.ARM.Collect$$$$0000000D)
    .ARM.Collect$$$$0000000F                 0x00000294   Section        0  entry11a.o(.ARM.Collect$$$$0000000F)
    .ARM.Collect$$$$00002712                 0x00000294   Section        4  entry2.o(.ARM.Collect$$$$00002712)
    __lit__00000000                          0x00000294   Data           4  entry2.o(.ARM.Collect$$$$00002712)
    .emb_text                                0x00000298   Section      182  port.o(.emb_text)
    $v0                                      0x00000298   Number         0  port.o(.emb_text)
    .text                                    0x00000350   Section        0  main.o(.text)
    ProcessReceivedCommands_Task             0x00000353   Thumb Code   368  main.o(.text)
    MonitorAndCommunication_Task             0x000004c3   Thumb Code   234  main.o(.text)
    SystemExecution_Task                     0x000005ad   Thumb Code    50  main.o(.text)
    .text                                    0x000006e4   Section        0  pll.o(.text)
    .text                                    0x0000079c   Section        0  gpio.o(.text)
    .text                                    0x00000954   Section        0  uart.o(.text)
    .text                                    0x00000c4c   Section        0  calibration.o(.text)
    .text                                    0x00002464   Section        0  firstorderfilter.o(.text)
    .text                                    0x00002630   Section        0  i2c.o(.text)
    .text                                    0x000029ec   Section        0  imu_quest.o(.text)
    .text                                    0x00002f08   Section        0  mpu9150.o(.text)
    .text                                    0x00003a2c   Section        0  sensor_task.o(.text)
    MPU9150_QUESTFilter_Task                 0x00003a5f   Thumb Code   806  sensor_task.o(.text)
    .text                                    0x00003e88   Section        0  timer0a.o(.text)
    .text                                    0x00003f28   Section        0  list.o(.text)
    .text                                    0x00003fb0   Section        0  queue.o(.text)
    prvUnlockQueue                           0x00004061   Thumb Code   106  queue.o(.text)
    prvCopyDataToQueue                       0x000040cb   Thumb Code   106  queue.o(.text)
    prvCopyDataFromQueue                     0x0000427d   Thumb Code    38  queue.o(.text)
    prvIsQueueEmpty                          0x0000460b   Thumb Code    26  queue.o(.text)
    .text                                    0x00004628   Section        0  tasks.o(.text)
    prvAddNewTaskToReadyList                 0x00004629   Thumb Code   192  tasks.o(.text)
    prvAddCurrentTaskToDelayedList           0x00004917   Thumb Code   102  tasks.o(.text)
    prvIdleTask                              0x00004cf5   Thumb Code     6  tasks.o(.text)
    prvListTasksWithinSingleList             0x00004de3   Thumb Code   114  tasks.o(.text)
    prvInitialiseNewTask                     0x00005433   Thumb Code   136  tasks.o(.text)
    prvResetNextTaskUnblockTime              0x000054bb   Thumb Code    26  tasks.o(.text)
    prvDeleteTCB                             0x000054d5   Thumb Code    20  tasks.o(.text)
    prvTaskIsTaskSuspended                   0x000054e9   Thumb Code    28  tasks.o(.text)
    prvCheckTasksWaitingTermination          0x00005505   Thumb Code    76  tasks.o(.text)
    prvTaskCheckFreeStackSpace               0x00005551   Thumb Code    20  tasks.o(.text)
    .text                                    0x00005570   Section        0  heap_2.o(.text)
    .text                                    0x00005664   Section        0  port.o(.text)
    prvTaskExitError                         0x00005665   Thumb Code    16  port.o(.text)
    .text                                    0x00005744   Section        0  memcpya.o(.text)
    .text                                    0x00005768   Section        0  memseta.o(.text)
    .text                                    0x0000578c   Section        0  fpstat.o(.text)
    .text                                    0x0000578c   Section        0  iusefp.o(.text)
    .text                                    0x00005790   Section       36  init.o(.text)
    .text                                    0x000057b4   Section        0  __dczerorl.o(.text)
    i.__ARM_fpclassifyf                      0x000057ee   Section        0  fpclassifyf.o(i.__ARM_fpclassifyf)
    i.__hardfp_asinf                         0x00005814   Section        0  asinf.o(i.__hardfp_asinf)
    i.__hardfp_atan2f                        0x00005940   Section        0  atan2f.o(i.__hardfp_atan2f)
    i.__hardfp_cosf                          0x00005b90   Section        0  cosf.o(i.__hardfp_cosf)
    i.__hardfp_powf                          0x00005ce0   Section        0  powf.o(i.__hardfp_powf)
    i.__hardfp_sinf                          0x00006344   Section        0  sinf.o(i.__hardfp_sinf)
    i.__hardfp_sqrtf                         0x000064d4   Section        0  sqrtf.o(i.__hardfp_sqrtf)
    i.__mathlib_flt_divzero                  0x00006510   Section        0  funder.o(i.__mathlib_flt_divzero)
    i.__mathlib_flt_infnan                   0x00006524   Section        0  funder.o(i.__mathlib_flt_infnan)
    i.__mathlib_flt_infnan2                  0x0000652a   Section        0  funder.o(i.__mathlib_flt_infnan2)
    i.__mathlib_flt_invalid                  0x00006530   Section        0  funder.o(i.__mathlib_flt_invalid)
    i.__mathlib_flt_overflow                 0x00006540   Section        0  funder.o(i.__mathlib_flt_overflow)
    i.__mathlib_flt_underflow                0x00006550   Section        0  funder.o(i.__mathlib_flt_underflow)
    i.__mathlib_rredf2                       0x00006560   Section        0  rredf.o(i.__mathlib_rredf2)
    i.__scatterload_copy                     0x000066b4   Section       14  handlers.o(i.__scatterload_copy)
    i.__scatterload_null                     0x000066c2   Section        2  handlers.o(i.__scatterload_null)
    i.__scatterload_zeroinit                 0x000066c4   Section       14  handlers.o(i.__scatterload_zeroinit)
    i.__set_errno                            0x000066d4   Section        0  errno.o(i.__set_errno)
    i.sqrtf                                  0x000066e0   Section        0  sqrtf.o(i.sqrtf)
    .constdata                               0x00006720   Section       48  calibration.o(.constdata)
    .constdata                               0x00006750   Section      320  powf.o(.constdata)
    table                                    0x00006750   Data         128  powf.o(.constdata)
    powersof2to1over16top                    0x000067d0   Data          64  powf.o(.constdata)
    powersof2to1over16bot                    0x00006810   Data          64  powf.o(.constdata)
    powersof2to1over16all                    0x00006850   Data          64  powf.o(.constdata)
    .constdata                               0x00006890   Section       32  rredf.o(.constdata)
    twooverpi                                0x00006890   Data          32  rredf.o(.constdata)
    .data                                    0x20000000   Section        2  main.o(.data)
    tick_count                               0x20000000   Data           1  main.o(.data)
    tick_count                               0x20000001   Data           1  main.o(.data)
    .data                                    0x20000004   Section       88  calibration.o(.data)
    .data                                    0x2000005c   Section       64  imu_quest.o(.data)
    p                                        0x20000060   Data           4  imu_quest.o(.data)
    q                                        0x20000064   Data           4  imu_quest.o(.data)
    r                                        0x20000068   Data           4  imu_quest.o(.data)
    h1                                       0x2000006c   Data           4  imu_quest.o(.data)
    h2                                       0x20000070   Data           4  imu_quest.o(.data)
    h3                                       0x20000074   Data           4  imu_quest.o(.data)
    b1                                       0x20000078   Data           4  imu_quest.o(.data)
    b2                                       0x2000007c   Data           4  imu_quest.o(.data)
    b3                                       0x20000080   Data           4  imu_quest.o(.data)
    phi                                      0x20000084   Data           4  imu_quest.o(.data)
    theta                                    0x20000088   Data           4  imu_quest.o(.data)
    psi                                      0x2000008c   Data           4  imu_quest.o(.data)
    Xh                                       0x20000090   Data           4  imu_quest.o(.data)
    Yh                                       0x20000094   Data           4  imu_quest.o(.data)
    recipNorm                                0x20000098   Data           4  imu_quest.o(.data)
    .data                                    0x2000009c   Section       16  mpu9150.o(.data)
    .data                                    0x200000ac   Section        4  ram.o(.data)
    .data                                    0x200000b0   Section        4  ram.o(.data)
    .data                                    0x200000b4   Section        4  ram.o(.data)
    .data                                    0x200000b8   Section        1  ram.o(.data)
    .data                                    0x200000bc   Section        4  ram.o(.data)
    .data                                    0x200000c0   Section        4  ram.o(.data)
    .data                                    0x200000c4   Section       20  sensor_task.o(.data)
    count                                    0x200000c4   Data           1  sensor_task.o(.data)
    quest_freqdev                            0x200000c5   Data           1  sensor_task.o(.data)
    xHigherPriorityTaskWoken                 0x200000c8   Data           4  sensor_task.o(.data)
    current_Time                             0x200000cc   Data           4  sensor_task.o(.data)
    previous_Time                            0x200000d0   Data           4  sensor_task.o(.data)
    delta_T                                  0x200000d4   Data           4  sensor_task.o(.data)
    .data                                    0x200000d8   Section       60  tasks.o(.data)
    uxDeletedTasksWaitingCleanUp             0x200000dc   Data           4  tasks.o(.data)
    uxCurrentNumberOfTasks                   0x200000e0   Data           4  tasks.o(.data)
    xTickCount                               0x200000e4   Data           4  tasks.o(.data)
    uxTopReadyPriority                       0x200000e8   Data           4  tasks.o(.data)
    xSchedulerRunning                        0x200000ec   Data           4  tasks.o(.data)
    uxPendedTicks                            0x200000f0   Data           4  tasks.o(.data)
    xYieldPending                            0x200000f4   Data           4  tasks.o(.data)
    xNumOfOverflows                          0x200000f8   Data           4  tasks.o(.data)
    uxTaskNumber                             0x200000fc   Data           4  tasks.o(.data)
    xNextTaskUnblockTime                     0x20000100   Data           4  tasks.o(.data)
    xIdleTaskHandle                          0x20000104   Data           4  tasks.o(.data)
    uxSchedulerSuspended                     0x20000108   Data           4  tasks.o(.data)
    pxDelayedTaskList                        0x2000010c   Data           4  tasks.o(.data)
    pxOverflowDelayedTaskList                0x20000110   Data           4  tasks.o(.data)
    .data                                    0x20000114   Section       24  heap_2.o(.data)
    xFreeBytesRemaining                      0x20000114   Data           4  heap_2.o(.data)
    xHeapHasBeenInitialised                  0x20000118   Data           4  heap_2.o(.data)
    xStart                                   0x2000011c   Data           8  heap_2.o(.data)
    xEnd                                     0x20000124   Data           8  heap_2.o(.data)
    .data                                    0x2000012c   Section        4  port.o(.data)
    uxCriticalNesting                        0x2000012c   Data           4  port.o(.data)
    .data                                    0x20000130   Section        4  errno.o(.data)
    _errno                                   0x20000130   Data           4  errno.o(.data)
    .bss                                     0x20000134   Section       72  calibration.o(.bss)
    .bss                                     0x2000017c   Section      300  firstorderfilter.o(.bss)
    .bss                                     0x200002a8   Section       32  imu_quest.o(.bss)
    qs                                       0x200002a8   Data          16  imu_quest.o(.bss)
    error                                    0x200002b8   Data          16  imu_quest.o(.bss)
    .bss                                     0x200002c8   Section       56  ram.o(.bss)
    .bss                                     0x20000300   Section       64  ram.o(.bss)
    .bss                                     0x20000340   Section       80  queue.o(.bss)
    .bss                                     0x20000390   Section      420  tasks.o(.bss)
    pxReadyTasksLists                        0x20000390   Data         320  tasks.o(.bss)
    xDelayedTaskList1                        0x200004d0   Data          20  tasks.o(.bss)
    xDelayedTaskList2                        0x200004e4   Data          20  tasks.o(.bss)
    xPendingReadyList                        0x200004f8   Data          20  tasks.o(.bss)
    xTasksWaitingTermination                 0x2000050c   Data          20  tasks.o(.bss)
    xSuspendedTaskList                       0x20000520   Data          20  tasks.o(.bss)
    .bss                                     0x20000534   Section    30000  heap_2.o(.bss)
    ucHeap                                   0x20000534   Data       30000  heap_2.o(.bss)
    STACK                                    0x20007a68   Section      512  startup_rvmdk.o(STACK)
    StackMem                                 0x20007a68   Data           0  startup_rvmdk.o(STACK)

    Global Symbols

    Symbol Name                              Value     Ov Type        Size  Object(Section)

    BuildAttributes$$THM_ISAv4$E$P$D$K$B$S$7EM$VFPi3$EXTD16$VFPS$VFMA$PE$A:L22UL41UL21$X:L11$S22US41US21$IEEE1$IW$USESV6$~STKCKD$USESV7$~SHL$OTIME$ROPI$IEEEX$EBA8$MICROLIB$REQ8$PRES8$EABIv2 0x00000000   Number         0  anon$$obj.o ABSOLUTE
    __ARM_use_no_argv                        0x00000000   Number         0  main.o ABSOLUTE
    __Vectors                                0x00000000   Data           0  startup_rvmdk.o(RESET)
    __cpp_initialize__aeabi_                  - Undefined Weak Reference
    __cxa_finalize                            - Undefined Weak Reference
    _clock_init                               - Undefined Weak Reference
    _microlib_exit                            - Undefined Weak Reference
    Reset_Handler                            0x0000026d   Thumb Code     0  startup_rvmdk.o(RESET)
    NMI_Handler                              0x00000271   Thumb Code     2  startup_rvmdk.o(RESET)
    HardFault_Handler                        0x00000273   Thumb Code     2  startup_rvmdk.o(RESET)
    MemManage_Handler                        0x00000275   Thumb Code     2  startup_rvmdk.o(RESET)
    BusFault_Handler                         0x00000277   Thumb Code     2  startup_rvmdk.o(RESET)
    UsageFault_Handler                       0x00000279   Thumb Code     2  startup_rvmdk.o(RESET)
    DebugMon_Handler                         0x0000027d   Thumb Code     2  startup_rvmdk.o(RESET)
    ADC0Seq0_Handler                         0x00000283   Thumb Code     0  startup_rvmdk.o(RESET)
    ADC0Seq1_Handler                         0x00000283   Thumb Code     0  startup_rvmdk.o(RESET)
    ADC0Seq2_Handler                         0x00000283   Thumb Code     0  startup_rvmdk.o(RESET)
    ADC0Seq3_Handler                         0x00000283   Thumb Code     0  startup_rvmdk.o(RESET)
    ADC1Seq0_Handler                         0x00000283   Thumb Code     0  startup_rvmdk.o(RESET)
    ADC1Seq1_Handler                         0x00000283   Thumb Code     0  startup_rvmdk.o(RESET)
    ADC1Seq2_Handler                         0x00000283   Thumb Code     0  startup_rvmdk.o(RESET)
    ADC1Seq3_Handler                         0x00000283   Thumb Code     0  startup_rvmdk.o(RESET)
    CAN0_Handler                             0x00000283   Thumb Code     0  startup_rvmdk.o(RESET)
    CAN1_Handler                             0x00000283   Thumb Code     0  startup_rvmdk.o(RESET)
    CAN2_Handler                             0x00000283   Thumb Code     0  startup_rvmdk.o(RESET)
    Comp0_Handler                            0x00000283   Thumb Code     0  startup_rvmdk.o(RESET)
    Comp1_Handler                            0x00000283   Thumb Code     0  startup_rvmdk.o(RESET)
    Comp2_Handler                            0x00000283   Thumb Code     0  startup_rvmdk.o(RESET)
    Ethernet_Handler                         0x00000283   Thumb Code     0  startup_rvmdk.o(RESET)
    ExtBus_Handler                           0x00000283   Thumb Code     0  startup_rvmdk.o(RESET)
    FPU_Handler                              0x00000283   Thumb Code     0  startup_rvmdk.o(RESET)
    Fan0_Handler                             0x00000283   Thumb Code     0  startup_rvmdk.o(RESET)
    FlashCtl_Handler                         0x00000283   Thumb Code     0  startup_rvmdk.o(RESET)
    GPIOPortA_Handler                        0x00000283   Thumb Code     0  startup_rvmdk.o(RESET)
    GPIOPortC_Handler                        0x00000283   Thumb Code     0  startup_rvmdk.o(RESET)
    GPIOPortD_Handler                        0x00000283   Thumb Code     0  startup_rvmdk.o(RESET)
    GPIOPortE_Handler                        0x00000283   Thumb Code     0  startup_rvmdk.o(RESET)
    GPIOPortF_Handler                        0x00000283   Thumb Code     0  startup_rvmdk.o(RESET)
    GPIOPortG_Handler                        0x00000283   Thumb Code     0  startup_rvmdk.o(RESET)
    GPIOPortH_Handler                        0x00000283   Thumb Code     0  startup_rvmdk.o(RESET)
    GPIOPortJ_Handler                        0x00000283   Thumb Code     0  startup_rvmdk.o(RESET)
    GPIOPortK_Handler                        0x00000283   Thumb Code     0  startup_rvmdk.o(RESET)
    GPIOPortL_Handler                        0x00000283   Thumb Code     0  startup_rvmdk.o(RESET)
    GPIOPortM_Handler                        0x00000283   Thumb Code     0  startup_rvmdk.o(RESET)
    GPIOPortN_Handler                        0x00000283   Thumb Code     0  startup_rvmdk.o(RESET)
    GPIOPortP1_Handler                       0x00000283   Thumb Code     0  startup_rvmdk.o(RESET)
    GPIOPortP2_Handler                       0x00000283   Thumb Code     0  startup_rvmdk.o(RESET)
    GPIOPortP3_Handler                       0x00000283   Thumb Code     0  startup_rvmdk.o(RESET)
    GPIOPortP4_Handler                       0x00000283   Thumb Code     0  startup_rvmdk.o(RESET)
    GPIOPortP5_Handler                       0x00000283   Thumb Code     0  startup_rvmdk.o(RESET)
    GPIOPortP6_Handler                       0x00000283   Thumb Code     0  startup_rvmdk.o(RESET)
    GPIOPortP7_Handler                       0x00000283   Thumb Code     0  startup_rvmdk.o(RESET)
    GPIOPortP_Handler                        0x00000283   Thumb Code     0  startup_rvmdk.o(RESET)
    GPIOPortQ1_Handler                       0x00000283   Thumb Code     0  startup_rvmdk.o(RESET)
    GPIOPortQ2_Handler                       0x00000283   Thumb Code     0  startup_rvmdk.o(RESET)
    GPIOPortQ3_Handler                       0x00000283   Thumb Code     0  startup_rvmdk.o(RESET)
    GPIOPortQ4_Handler                       0x00000283   Thumb Code     0  startup_rvmdk.o(RESET)
    GPIOPortQ5_Handler                       0x00000283   Thumb Code     0  startup_rvmdk.o(RESET)
    GPIOPortQ6_Handler                       0x00000283   Thumb Code     0  startup_rvmdk.o(RESET)
    GPIOPortQ7_Handler                       0x00000283   Thumb Code     0  startup_rvmdk.o(RESET)
    GPIOPortQ_Handler                        0x00000283   Thumb Code     0  startup_rvmdk.o(RESET)
    GPIOPortR_Handler                        0x00000283   Thumb Code     0  startup_rvmdk.o(RESET)
    GPIOPortS_Handler                        0x00000283   Thumb Code     0  startup_rvmdk.o(RESET)
    Hibernate_Handler                        0x00000283   Thumb Code     0  startup_rvmdk.o(RESET)
    I2C0_Handler                             0x00000283   Thumb Code     0  startup_rvmdk.o(RESET)
    I2C1_Handler                             0x00000283   Thumb Code     0  startup_rvmdk.o(RESET)
    I2C2_Handler                             0x00000283   Thumb Code     0  startup_rvmdk.o(RESET)
    I2C3_Handler                             0x00000283   Thumb Code     0  startup_rvmdk.o(RESET)
    I2C4_Handler                             0x00000283   Thumb Code     0  startup_rvmdk.o(RESET)
    I2C5_Handler                             0x00000283   Thumb Code     0  startup_rvmdk.o(RESET)
    I2S0_Handler                             0x00000283   Thumb Code     0  startup_rvmdk.o(RESET)
    LPC0_Handler                             0x00000283   Thumb Code     0  startup_rvmdk.o(RESET)
    PECI0_Handler                            0x00000283   Thumb Code     0  startup_rvmdk.o(RESET)
    PWM0Fault_Handler                        0x00000283   Thumb Code     0  startup_rvmdk.o(RESET)
    PWM0Generator0_Handler                   0x00000283   Thumb Code     0  startup_rvmdk.o(RESET)
    PWM0Generator1_Handler                   0x00000283   Thumb Code     0  startup_rvmdk.o(RESET)
    PWM0Generator2_Handler                   0x00000283   Thumb Code     0  startup_rvmdk.o(RESET)
    PWM0Generator3_Handler                   0x00000283   Thumb Code     0  startup_rvmdk.o(RESET)
    PWM1Fault_Handler                        0x00000283   Thumb Code     0  startup_rvmdk.o(RESET)
    PWM1Generator0_Handler                   0x00000283   Thumb Code     0  startup_rvmdk.o(RESET)
    PWM1Generator1_Handler                   0x00000283   Thumb Code     0  startup_rvmdk.o(RESET)
    PWM1Generator2_Handler                   0x00000283   Thumb Code     0  startup_rvmdk.o(RESET)
    PWM1Generator3_Handler                   0x00000283   Thumb Code     0  startup_rvmdk.o(RESET)
    Quadrature0_Handler                      0x00000283   Thumb Code     0  startup_rvmdk.o(RESET)
    Quadrature1_Handler                      0x00000283   Thumb Code     0  startup_rvmdk.o(RESET)
    Quadrature2_Handler                      0x00000283   Thumb Code     0  startup_rvmdk.o(RESET)
    SSI0_Handler                             0x00000283   Thumb Code     0  startup_rvmdk.o(RESET)
    SSI1_Handler                             0x00000283   Thumb Code     0  startup_rvmdk.o(RESET)
    SSI2_Handler                             0x00000283   Thumb Code     0  startup_rvmdk.o(RESET)
    SSI3_Handler                             0x00000283   Thumb Code     0  startup_rvmdk.o(RESET)
    SysCtl_Handler                           0x00000283   Thumb Code     0  startup_rvmdk.o(RESET)
    Timer0A_Handler                          0x00000283   Thumb Code     0  startup_rvmdk.o(RESET)
    Timer0B_Handler                          0x00000283   Thumb Code     0  startup_rvmdk.o(RESET)
    Timer1A_Handler                          0x00000283   Thumb Code     0  startup_rvmdk.o(RESET)
    Timer1B_Handler                          0x00000283   Thumb Code     0  startup_rvmdk.o(RESET)
    Timer2A_Handler                          0x00000283   Thumb Code     0  startup_rvmdk.o(RESET)
    Timer2B_Handler                          0x00000283   Thumb Code     0  startup_rvmdk.o(RESET)
    Timer3A_Handler                          0x00000283   Thumb Code     0  startup_rvmdk.o(RESET)
    Timer3B_Handler                          0x00000283   Thumb Code     0  startup_rvmdk.o(RESET)
    Timer4A_Handler                          0x00000283   Thumb Code     0  startup_rvmdk.o(RESET)
    Timer4B_Handler                          0x00000283   Thumb Code     0  startup_rvmdk.o(RESET)
    Timer5A_Handler                          0x00000283   Thumb Code     0  startup_rvmdk.o(RESET)
    Timer5B_Handler                          0x00000283   Thumb Code     0  startup_rvmdk.o(RESET)
    UART0_Handler                            0x00000283   Thumb Code     0  startup_rvmdk.o(RESET)
    UART1_Handler                            0x00000283   Thumb Code     0  startup_rvmdk.o(RESET)
    UART2_Handler                            0x00000283   Thumb Code     0  startup_rvmdk.o(RESET)
    UART3_Handler                            0x00000283   Thumb Code     0  startup_rvmdk.o(RESET)
    UART4_Handler                            0x00000283   Thumb Code     0  startup_rvmdk.o(RESET)
    UART5_Handler                            0x00000283   Thumb Code     0  startup_rvmdk.o(RESET)
    UART6_Handler                            0x00000283   Thumb Code     0  startup_rvmdk.o(RESET)
    UART7_Handler                            0x00000283   Thumb Code     0  startup_rvmdk.o(RESET)
    USB0_Handler                             0x00000283   Thumb Code     0  startup_rvmdk.o(RESET)
    WDT_Handler                              0x00000283   Thumb Code     0  startup_rvmdk.o(RESET)
    WideTimer0A_Handler                      0x00000283   Thumb Code     0  startup_rvmdk.o(RESET)
    WideTimer0B_Handler                      0x00000283   Thumb Code     0  startup_rvmdk.o(RESET)
    WideTimer1A_Handler                      0x00000283   Thumb Code     0  startup_rvmdk.o(RESET)
    WideTimer1B_Handler                      0x00000283   Thumb Code     0  startup_rvmdk.o(RESET)
    WideTimer2A_Handler                      0x00000283   Thumb Code     0  startup_rvmdk.o(RESET)
    WideTimer2B_Handler                      0x00000283   Thumb Code     0  startup_rvmdk.o(RESET)
    WideTimer3A_Handler                      0x00000283   Thumb Code     0  startup_rvmdk.o(RESET)
    WideTimer3B_Handler                      0x00000283   Thumb Code     0  startup_rvmdk.o(RESET)
    WideTimer4A_Handler                      0x00000283   Thumb Code     0  startup_rvmdk.o(RESET)
    WideTimer4B_Handler                      0x00000283   Thumb Code     0  startup_rvmdk.o(RESET)
    WideTimer5A_Handler                      0x00000283   Thumb Code     0  startup_rvmdk.o(RESET)
    WideTimer5B_Handler                      0x00000283   Thumb Code     0  startup_rvmdk.o(RESET)
    uDMA_Error                               0x00000283   Thumb Code     0  startup_rvmdk.o(RESET)
    uDMA_Handler                             0x00000283   Thumb Code     0  startup_rvmdk.o(RESET)
    __main                                   0x00000285   Thumb Code     0  entry.o(.ARM.Collect$$$$00000000)
    _main_stk                                0x00000285   Thumb Code     0  entry2.o(.ARM.Collect$$$$00000001)
    _main_scatterload                        0x00000289   Thumb Code     0  entry5.o(.ARM.Collect$$$$00000004)
    __main_after_scatterload                 0x0000028d   Thumb Code     0  entry5.o(.ARM.Collect$$$$00000004)
    _main_clock                              0x0000028d   Thumb Code     0  entry7b.o(.ARM.Collect$$$$00000008)
    _main_cpp_init                           0x0000028d   Thumb Code     0  entry8b.o(.ARM.Collect$$$$0000000A)
    _main_init                               0x0000028d   Thumb Code     0  entry9a.o(.ARM.Collect$$$$0000000B)
    __rt_final_cpp                           0x00000295   Thumb Code     0  entry10a.o(.ARM.Collect$$$$0000000D)
    __rt_final_exit                          0x00000295   Thumb Code     0  entry11a.o(.ARM.Collect$$$$0000000F)
    vPortSVCHandler                          0x00000299   Thumb Code    28  port.o(.emb_text)
    __asm___6_port_c_39a90d8d__prvStartFirstTask 0x000002b9   Thumb Code    28  port.o(.emb_text)
    __asm___6_port_c_39a90d8d__prvEnableVFP  0x000002d9   Thumb Code    16  port.o(.emb_text)
    xPortPendSVHandler                       0x000002ed   Thumb Code    88  port.o(.emb_text)
    vPortGetIPSR                             0x00000349   Thumb Code     6  port.o(.emb_text)
    vApplicationStackOverflowHook            0x00000351   Thumb Code     2  main.o(.text)
    main                                     0x000005df   Thumb Code   134  main.o(.text)
    PLL_Init                                 0x000006e5   Thumb Code    90  pll.o(.text)
    PLL_Init_8MHz                            0x0000073f   Thumb Code    90  pll.o(.text)
    PortF_Init                               0x0000079d   Thumb Code    70  gpio.o(.text)
    MotionInt_Init                           0x000007e3   Thumb Code   146  gpio.o(.text)
    SW1_Pushed                               0x00000875   Thumb Code    18  gpio.o(.text)
    SW1_Release                              0x00000887   Thumb Code    18  gpio.o(.text)
    PortF_Input                              0x00000899   Thumb Code    12  gpio.o(.text)
    PortF_Output                             0x000008a5   Thumb Code     8  gpio.o(.text)
    Scan_switch                              0x000008ad   Thumb Code    42  gpio.o(.text)
    Led_ON                                   0x000008d7   Thumb Code     8  gpio.o(.text)
    Led_OFF                                  0x000008df   Thumb Code    36  gpio.o(.text)
    Led_Toggle                               0x00000903   Thumb Code    44  gpio.o(.text)
    UART_Init                                0x00000955   Thumb Code   104  uart.o(.text)
    UART_Init_9600bps                        0x000009bd   Thumb Code   104  uart.o(.text)
    UART_InChar                              0x00000a25   Thumb Code    14  uart.o(.text)
    UART_OutChar                             0x00000a33   Thumb Code    12  uart.o(.text)
    UART_OutString                           0x00000a3f   Thumb Code    20  uart.o(.text)
    UART_InUDec                              0x00000a53   Thumb Code    64  uart.o(.text)
    UART_OutUDec                             0x00000a93   Thumb Code    36  uart.o(.text)
    UART_Out_Dec                             0x00000ab7   Thumb Code    22  uart.o(.text)
    UART_OutFloat                            0x00000acd   Thumb Code    98  uart.o(.text)
    UART_OutFloat2                           0x00000b2f   Thumb Code    86  uart.o(.text)
    UART_InUHex                              0x00000b85   Thumb Code    74  uart.o(.text)
    UART_OutUHex                             0x00000bcf   Thumb Code    42  uart.o(.text)
    UART_InString                            0x00000bf9   Thumb Code    54  uart.o(.text)
    Mag_Transformation                       0x00000c4d   Thumb Code   140  calibration.o(.text)
    Mag_vector_length_stabilasation          0x00000cd9   Thumb Code   124  calibration.o(.text)
    MPU9150_TCBias_Measurement               0x00000d55   Thumb Code  1420  calibration.o(.text)
    MPU9150_Compute_TCBias                   0x000012e1   Thumb Code   136  calibration.o(.text)
    MPU9150_accel_Calibration                0x00001369   Thumb Code  1266  calibration.o(.text)
    MPU9150_Magnetometer_Calibration         0x0000185b   Thumb Code  2030  calibration.o(.text)
    computeMPU9150_RTData                    0x00002049   Thumb Code   778  calibration.o(.text)
    computeMPU9150_RuntimeData               0x00002353   Thumb Code   214  calibration.o(.text)
    init_FirstOrderFilters                   0x00002465   Thumb Code   356  firstorderfilter.o(.text)
    firstOrderFilter                         0x000025c9   Thumb Code    46  firstorderfilter.o(.text)
    I2C1_Init                                0x00002631   Thumb Code   100  i2c.o(.text)
    I2C1_Write_2Bytes                        0x00002695   Thumb Code   122  i2c.o(.text)
    I2C1_Read_2Bytes                         0x0000270f   Thumb Code   134  i2c.o(.text)
    I2C3_Init                                0x00002795   Thumb Code    98  i2c.o(.text)
    I2C3_Init_8MHz                           0x000027f7   Thumb Code    98  i2c.o(.text)
    I2C3_Write_Byte                          0x00002859   Thumb Code    86  i2c.o(.text)
    I2C3_Read_Byte                           0x000028af   Thumb Code   108  i2c.o(.text)
    I2C3_Read_Bytes                          0x0000291b   Thumb Code   176  i2c.o(.text)
    Quaternion_To_Euler                      0x000029ed   Thumb Code   184  imu_quest.o(.text)
    invSqrt                                  0x00002aa5   Thumb Code    40  imu_quest.o(.text)
    Euler_to_Quaternion                      0x00002acd   Thumb Code   280  imu_quest.o(.text)
    QUEST                                    0x00002be5   Thumb Code   804  imu_quest.o(.text)
    getGres                                  0x00002f09   Thumb Code    48  mpu9150.o(.text)
    getAres                                  0x00002f39   Thumb Code    46  mpu9150.o(.text)
    writeByte                                0x00002f67   Thumb Code     4  mpu9150.o(.text)
    readByte                                 0x00002f6b   Thumb Code     4  mpu9150.o(.text)
    readBytes                                0x00002f6f   Thumb Code     4  mpu9150.o(.text)
    MPU9150_selftest                         0x00002f73   Thumb Code   404  mpu9150.o(.text)
    MPU9150_calibrate                        0x00003107   Thumb Code  1036  mpu9150.o(.text)
    MPU9150_init                             0x00003513   Thumb Code   172  mpu9150.o(.text)
    MPU9150_readAccelData                    0x000035bf   Thumb Code    42  mpu9150.o(.text)
    MPU9150_readGyroData                     0x000035e9   Thumb Code    42  mpu9150.o(.text)
    AK8975A_init                             0x00003613   Thumb Code   132  mpu9150.o(.text)
    MPU9150_prepareMagData                   0x00003697   Thumb Code     8  mpu9150.o(.text)
    MPU9150_magDataReady                     0x0000369f   Thumb Code    18  mpu9150.o(.text)
    MPU9150_readMagData                      0x000036b1   Thumb Code    36  mpu9150.o(.text)
    MPU9150_readTempData                     0x000036d5   Thumb Code    24  mpu9150.o(.text)
    MPU9150_reset                            0x000036ed   Thumb Code    22  mpu9150.o(.text)
    MPU9150_setup                            0x00003703   Thumb Code   424  mpu9150.o(.text)
    GPIOPortB_Handler                        0x00003a2d   Thumb Code    50  sensor_task.o(.text)
    MPU9150TaskInit                          0x00003d85   Thumb Code   100  sensor_task.o(.text)
    Timer0A_Delay_Init                       0x00003e89   Thumb Code    50  timer0a.o(.text)
    Timer0A_Delay_Init_8MHz                  0x00003ebb   Thumb Code    54  timer0a.o(.text)
    Delay_us                                 0x00003ef1   Thumb Code    18  timer0a.o(.text)
    Delay_ms                                 0x00003f03   Thumb Code    26  timer0a.o(.text)
    vListInitialise                          0x00003f29   Thumb Code    22  list.o(.text)
    vListInitialiseItem                      0x00003f3f   Thumb Code     6  list.o(.text)
    vListInsertEnd                           0x00003f45   Thumb Code    24  list.o(.text)
    vListInsert                              0x00003f5d   Thumb Code    48  list.o(.text)
    uxListRemove                             0x00003f8d   Thumb Code    36  list.o(.text)
    xQueueGenericReset                       0x00003fb1   Thumb Code   112  queue.o(.text)
    xQueueGenericCreate                      0x00004021   Thumb Code    64  queue.o(.text)
    xQueueGenericSend                        0x00004135   Thumb Code   250  queue.o(.text)
    xQueueCreateMutex                        0x0000422f   Thumb Code    36  queue.o(.text)
    xQueueGiveMutexRecursive                 0x00004253   Thumb Code    42  queue.o(.text)
    xQueueGenericReceive                     0x000042a3   Thumb Code   282  queue.o(.text)
    xQueueTakeMutexRecursive                 0x000043bd   Thumb Code    56  queue.o(.text)
    xQueueGenericSendFromISR                 0x000043f5   Thumb Code   100  queue.o(.text)
    xQueueGiveFromISR                        0x00004459   Thumb Code    86  queue.o(.text)
    xQueueReceiveFromISR                     0x000044af   Thumb Code    98  queue.o(.text)
    xQueuePeekFromISR                        0x00004511   Thumb Code    44  queue.o(.text)
    uxQueueMessagesWaiting                   0x0000453d   Thumb Code    18  queue.o(.text)
    uxQueueSpacesAvailable                   0x0000454f   Thumb Code    22  queue.o(.text)
    uxQueueMessagesWaitingFromISR            0x00004565   Thumb Code     4  queue.o(.text)
    vQueueUnregisterQueue                    0x00004569   Thumb Code    36  queue.o(.text)
    vQueueDelete                             0x0000458d   Thumb Code    18  queue.o(.text)
    uxQueueGetQueueNumber                    0x0000459f   Thumb Code     4  queue.o(.text)
    vQueueSetQueueNumber                     0x000045a3   Thumb Code     4  queue.o(.text)
    ucQueueGetQueueType                      0x000045a7   Thumb Code     6  queue.o(.text)
    xQueueIsQueueEmptyFromISR                0x000045ad   Thumb Code    12  queue.o(.text)
    xQueueIsQueueFullFromISR                 0x000045b9   Thumb Code    16  queue.o(.text)
    vQueueAddToRegistry                      0x000045c9   Thumb Code    32  queue.o(.text)
    pcQueueGetName                           0x000045e9   Thumb Code    34  queue.o(.text)
    xTaskCreate                              0x000046e9   Thumb Code    86  tasks.o(.text)
    vTaskDelete                              0x0000473f   Thumb Code   138  tasks.o(.text)
    xTaskIncrementTick                       0x000047c9   Thumb Code   168  tasks.o(.text)
    xTaskResumeAll                           0x00004871   Thumb Code   166  tasks.o(.text)
    vTaskSuspendAll                          0x0000497d   Thumb Code    10  tasks.o(.text)
    vTaskDelayUntil                          0x00004987   Thumb Code    78  tasks.o(.text)
    vTaskDelay                               0x000049d5   Thumb Code    44  tasks.o(.text)
    eTaskGetState                            0x00004a01   Thumb Code    92  tasks.o(.text)
    uxTaskPriorityGet                        0x00004a5d   Thumb Code    24  tasks.o(.text)
    uxTaskPriorityGetFromISR                 0x00004a75   Thumb Code    32  tasks.o(.text)
    vTaskPrioritySet                         0x00004a95   Thumb Code   168  tasks.o(.text)
    vTaskSwitchContext                       0x00004b3d   Thumb Code   104  tasks.o(.text)
    vTaskSuspend                             0x00004ba5   Thumb Code   136  tasks.o(.text)
    vTaskResume                              0x00004c2d   Thumb Code    96  tasks.o(.text)
    xTaskResumeFromISR                       0x00004c8d   Thumb Code   104  tasks.o(.text)
    vTaskStartScheduler                      0x00004cfb   Thumb Code    66  tasks.o(.text)
    vTaskEndScheduler                        0x00004d3d   Thumb Code    24  tasks.o(.text)
    xTaskGetTickCount                        0x00004d55   Thumb Code     6  tasks.o(.text)
    xTaskGetTickCountFromISR                 0x00004d5b   Thumb Code     6  tasks.o(.text)
    uxTaskGetNumberOfTasks                   0x00004d61   Thumb Code     6  tasks.o(.text)
    pcTaskGetName                            0x00004d67   Thumb Code    10  tasks.o(.text)
    vTaskGetInfo                             0x00004d71   Thumb Code   114  tasks.o(.text)
    uxTaskGetSystemState                     0x00004e55   Thumb Code   156  tasks.o(.text)
    vTaskPlaceOnEventList                    0x00004ef1   Thumb Code    28  tasks.o(.text)
    vTaskPlaceOnUnorderedEventList           0x00004f0d   Thumb Code    36  tasks.o(.text)
    xTaskRemoveFromEventList                 0x00004f31   Thumb Code    88  tasks.o(.text)
    xTaskRemoveFromUnorderedEventList        0x00004f89   Thumb Code    72  tasks.o(.text)
    vTaskSetTimeOutState                     0x00004fd1   Thumb Code    12  tasks.o(.text)
    xTaskCheckForTimeOut                     0x00004fdd   Thumb Code    66  tasks.o(.text)
    vTaskMissedYield                         0x0000501f   Thumb Code     8  tasks.o(.text)
    uxTaskGetTaskNumber                      0x00005027   Thumb Code     8  tasks.o(.text)
    vTaskSetTaskNumber                       0x0000502f   Thumb Code     8  tasks.o(.text)
    uxTaskGetStackHighWaterMark              0x00005037   Thumb Code    12  tasks.o(.text)
    xTaskGetCurrentTaskHandle                0x00005043   Thumb Code     6  tasks.o(.text)
    vTaskPriorityInherit                     0x00005049   Thumb Code   124  tasks.o(.text)
    xTaskPriorityDisinherit                  0x000050c5   Thumb Code   102  tasks.o(.text)
    uxTaskResetEventItemValue                0x0000512b   Thumb Code    20  tasks.o(.text)
    pvTaskIncrementMutexHeldCount            0x0000513f   Thumb Code    18  tasks.o(.text)
    ulTaskNotifyTake                         0x00005151   Thumb Code    96  tasks.o(.text)
    xTaskNotifyWait                          0x000051b1   Thumb Code   128  tasks.o(.text)
    xTaskGenericNotify                       0x00005231   Thumb Code   168  tasks.o(.text)
    xTaskGenericNotifyFromISR                0x000052d9   Thumb Code   176  tasks.o(.text)
    vTaskNotifyGiveFromISR                   0x00005389   Thumb Code   126  tasks.o(.text)
    xTaskNotifyStateClear                    0x00005407   Thumb Code    44  tasks.o(.text)
    pvPortMalloc                             0x00005571   Thumb Code   172  heap_2.o(.text)
    vPortFree                                0x0000561d   Thumb Code    56  heap_2.o(.text)
    xPortGetFreeHeapSize                     0x00005655   Thumb Code     6  heap_2.o(.text)
    vPortInitialiseBlocks                    0x0000565b   Thumb Code     2  heap_2.o(.text)
    pxPortInitialiseStack                    0x00005675   Thumb Code    40  port.o(.text)
    vPortSetupTimerInterrupt                 0x0000569d   Thumb Code    16  port.o(.text)
    xPortStartScheduler                      0x000056ad   Thumb Code    52  port.o(.text)
    vPortEndScheduler                        0x000056e1   Thumb Code     2  port.o(.text)
    vPortEnterCritical                       0x000056e3   Thumb Code    24  port.o(.text)
    vPortExitCritical                        0x000056fb   Thumb Code    16  port.o(.text)
    xPortSysTickHandler                      0x0000570b   Thumb Code    40  port.o(.text)
    __aeabi_memcpy                           0x00005745   Thumb Code    36  memcpya.o(.text)
    __aeabi_memcpy4                          0x00005745   Thumb Code     0  memcpya.o(.text)
    __aeabi_memcpy8                          0x00005745   Thumb Code     0  memcpya.o(.text)
    __aeabi_memset                           0x00005769   Thumb Code    14  memseta.o(.text)
    __aeabi_memset4                          0x00005769   Thumb Code     0  memseta.o(.text)
    __aeabi_memset8                          0x00005769   Thumb Code     0  memseta.o(.text)
    __aeabi_memclr                           0x00005777   Thumb Code     4  memseta.o(.text)
    __aeabi_memclr4                          0x00005777   Thumb Code     0  memseta.o(.text)
    __aeabi_memclr8                          0x00005777   Thumb Code     0  memseta.o(.text)
    _memset$wrapper                          0x0000577b   Thumb Code    18  memseta.o(.text)
    __I$use$fp                               0x0000578d   Thumb Code     0  iusefp.o(.text)
    __fp_status                              0x0000578d   Thumb Code     4  fpstat.o(.text)
    __ieee_status                            0x0000578d   Thumb Code     0  fpstat.o(.text)
    __scatterload                            0x00005791   Thumb Code    28  init.o(.text)
    __scatterload_rt2                        0x00005791   Thumb Code     0  init.o(.text)
    __decompress                             0x000057b5   Thumb Code     0  __dczerorl.o(.text)
    __decompress0                            0x000057b5   Thumb Code    58  __dczerorl.o(.text)
    __ARM_fpclassifyf                        0x000057ef   Thumb Code    38  fpclassifyf.o(i.__ARM_fpclassifyf)
    __hardfp_asinf                           0x00005815   Thumb Code   258  asinf.o(i.__hardfp_asinf)
    __hardfp_atan2f                          0x00005941   Thumb Code   502  atan2f.o(i.__hardfp_atan2f)
    __hardfp_cosf                            0x00005b91   Thumb Code   280  cosf.o(i.__hardfp_cosf)
    __hardfp_powf                            0x00005ce1   Thumb Code  1606  powf.o(i.__hardfp_powf)
    __mathlib_powf                           0x00005ce1   Thumb Code     0  powf.o(i.__hardfp_powf)
    __hardfp_sinf                            0x00006345   Thumb Code   344  sinf.o(i.__hardfp_sinf)
    __hardfp_sqrtf                           0x000064d5   Thumb Code    58  sqrtf.o(i.__hardfp_sqrtf)
    __mathlib_flt_divzero                    0x00006511   Thumb Code    14  funder.o(i.__mathlib_flt_divzero)
    __mathlib_flt_infnan                     0x00006525   Thumb Code     6  funder.o(i.__mathlib_flt_infnan)
    __mathlib_flt_infnan2                    0x0000652b   Thumb Code     6  funder.o(i.__mathlib_flt_infnan2)
    __mathlib_flt_invalid                    0x00006531   Thumb Code    10  funder.o(i.__mathlib_flt_invalid)
    __mathlib_flt_overflow                   0x00006541   Thumb Code    10  funder.o(i.__mathlib_flt_overflow)
    __mathlib_flt_underflow                  0x00006551   Thumb Code    10  funder.o(i.__mathlib_flt_underflow)
    __mathlib_rredf2                         0x00006561   Thumb Code   316  rredf.o(i.__mathlib_rredf2)
    __scatterload_copy                       0x000066b5   Thumb Code    14  handlers.o(i.__scatterload_copy)
    __scatterload_null                       0x000066c3   Thumb Code     2  handlers.o(i.__scatterload_null)
    __scatterload_zeroinit                   0x000066c5   Thumb Code    14  handlers.o(i.__scatterload_zeroinit)
    __set_errno                              0x000066d5   Thumb Code     6  errno.o(i.__set_errno)
    sqrtf                                    0x000066e1   Thumb Code    62  sqrtf.o(i.sqrtf)
    calibration_matrix                       0x00006720   Data          36  calibration.o(.constdata)
    bias                                     0x00006744   Data          12  calibration.o(.constdata)
    Region$$Table$$Base                      0x000068b0   Number         0  anon$$obj.o(Region$$Table)
    Region$$Table$$Limit                     0x000068d0   Number         0  anon$$obj.o(Region$$Table)
    Mag_scaler_flag                          0x20000004   Data           1  calibration.o(.data)
    MPU9150_calibrating                      0x20000005   Data           1  calibration.o(.data)
    accel_OneG                               0x20000008   Data           4  calibration.o(.data)
    Mag_scaler                               0x2000000c   Data           4  calibration.o(.data)
    Mag_normal_vector_length                 0x20000010   Data           4  calibration.o(.data)
    accel_BiasMPU                            0x20000014   Data          12  calibration.o(.data)
    accel_ScaleFactorMPU                     0x20000020   Data          12  calibration.o(.data)
    accel_TCBias_Slope                       0x2000002c   Data          12  calibration.o(.data)
    accel_TCBias_Intercept                   0x20000038   Data          12  calibration.o(.data)
    gyro_TCBias_Slope                        0x20000044   Data          12  calibration.o(.data)
    gyro_TCBias_Intercept                    0x20000050   Data          12  calibration.o(.data)
    first                                    0x2000005c   Data           1  imu_quest.o(.data)
    Ascale                                   0x2000009c   Data           4  mpu9150.o(.data)
    Gscale                                   0x200000a0   Data           4  mpu9150.o(.data)
    MagRate                                  0x200000a4   Data           4  mpu9150.o(.data)
    aRes                                     0x200000a8   Data           4  mpu9150.o(.data)
    I2C3_Mutex                               0x200000ac   Data           4  ram.o(.data)
    GlobalVariable_Mutex                     0x200000b0   Data           4  ram.o(.data)
    MPU9150_RawData_Semaphore                0x200000b4   Data           4  ram.o(.data)
    System_Status                            0x200000b8   Data           1  ram.o(.data)
    RGBLED_Queue                             0x200000bc   Data           4  ram.o(.data)
    SwitchesState_Queue                      0x200000c0   Data           4  ram.o(.data)
    pxCurrentTCB                             0x200000d8   Data           4  tasks.o(.data)
    accelSum                                 0x20000134   Data          12  calibration.o(.bss)
    gyroSum                                  0x20000140   Data          12  calibration.o(.bss)
    Mag_calibrated                           0x2000014c   Data          12  calibration.o(.bss)
    accel_TCBias                             0x20000158   Data          12  calibration.o(.bss)
    gyro_TCBias                              0x20000164   Data          12  calibration.o(.bss)
    gyro_RTBias                              0x20000170   Data          12  calibration.o(.bss)
    firstOrderFilters                        0x2000017c   Data         300  firstorderfilter.o(.bss)
    MPU9150_Bias                             0x200002c8   Data          56  ram.o(.bss)
    MPU9150_FilteredData                     0x20000300   Data          64  ram.o(.bss)
    xQueueRegistry                           0x20000340   Data          80  queue.o(.bss)
    __initial_sp                             0x20007c68   Data           0  startup_rvmdk.o(STACK)



==============================================================================

Memory Map of the image

  Image Entry point : 0x00000285

  Load Region LR_IROM1 (Base: 0x00000000, Size: 0x00006a04, Max: 0x00040000, ABSOLUTE, COMPRESSED[0x0000692c])

    Execution Region ER_IROM1 (Base: 0x00000000, Size: 0x000068d0, Max: 0x00040000, ABSOLUTE)

    Base Addr    Size         Type   Attr      Idx    E Section Name        Object

    0x00000000   0x00000284   Code   RO            3    RESET               startup_rvmdk.o
    0x00000284   0x00000000   Code   RO         1061  * .ARM.Collect$$$$00000000  mc_w.l(entry.o)
    0x00000284   0x00000004   Code   RO         1091    .ARM.Collect$$$$00000001  mc_w.l(entry2.o)
    0x00000288   0x00000004   Code   RO         1094    .ARM.Collect$$$$00000004  mc_w.l(entry5.o)
    0x0000028c   0x00000000   Code   RO         1096    .ARM.Collect$$$$00000008  mc_w.l(entry7b.o)
    0x0000028c   0x00000000   Code   RO         1098    .ARM.Collect$$$$0000000A  mc_w.l(entry8b.o)
    0x0000028c   0x00000008   Code   RO         1099    .ARM.Collect$$$$0000000B  mc_w.l(entry9a.o)
    0x00000294   0x00000000   Code   RO         1101    .ARM.Collect$$$$0000000D  mc_w.l(entry10a.o)
    0x00000294   0x00000000   Code   RO         1103    .ARM.Collect$$$$0000000F  mc_w.l(entry11a.o)
    0x00000294   0x00000004   Code   RO         1092    .ARM.Collect$$$$00002712  mc_w.l(entry2.o)
    0x00000298   0x000000b6   Code   RO          467    .emb_text           port.o
    0x0000034e   0x00000002   PAD
    0x00000350   0x00000394   Code   RO           12    .text               main.o
    0x000006e4   0x000000b8   Code   RO          120    .text               pll.o
    0x0000079c   0x000001b8   Code   RO          132    .text               gpio.o
    0x00000954   0x000002f8   Code   RO          145    .text               uart.o
    0x00000c4c   0x00001818   Code   RO          227    .text               calibration.o
    0x00002464   0x000001cc   Code   RO          254    .text               firstorderfilter.o
    0x00002630   0x000003bc   Code   RO          272    .text               i2c.o
    0x000029ec   0x0000051c   Code   RO          284    .text               imu_quest.o
    0x00002f08   0x00000b24   Code   RO          303    .text               mpu9150.o
    0x00003a2c   0x0000045c   Code   RO          339    .text               sensor_task.o
    0x00003e88   0x000000a0   Code   RO          352    .text               timer0a.o
    0x00003f28   0x00000088   Code   RO          365    .text               list.o
    0x00003fb0   0x00000678   Code   RO          386    .text               queue.o
    0x00004628   0x00000f48   Code   RO          417    .text               tasks.o
    0x00005570   0x000000f4   Code   RO          452    .text               heap_2.o
    0x00005664   0x000000e0   Code   RO          468    .text               port.o
    0x00005744   0x00000024   Code   RO         1064    .text               mc_w.l(memcpya.o)
    0x00005768   0x00000024   Code   RO         1066    .text               mc_w.l(memseta.o)
    0x0000578c   0x00000000   Code   RO         1114    .text               mc_w.l(iusefp.o)
    0x0000578c   0x00000004   Code   RO         1115    .text               mf_w.l(fpstat.o)
    0x00005790   0x00000024   Code   RO         1117    .text               mc_w.l(init.o)
    0x000057b4   0x0000003a   Code   RO         1127    .text               mc_w.l(__dczerorl.o)
    0x000057ee   0x00000026   Code   RO         1072    i.__ARM_fpclassifyf  m_wm.l(fpclassifyf.o)
    0x00005814   0x0000012c   Code   RO          987    i.__hardfp_asinf    m_wm.l(asinf.o)
    0x00005940   0x00000250   Code   RO          999    i.__hardfp_atan2f   m_wm.l(atan2f.o)
    0x00005b90   0x00000150   Code   RO         1011    i.__hardfp_cosf     m_wm.l(cosf.o)
    0x00005ce0   0x00000664   Code   RO         1023    i.__hardfp_powf     m_wm.l(powf.o)
    0x00006344   0x00000190   Code   RO         1037    i.__hardfp_sinf     m_wm.l(sinf.o)
    0x000064d4   0x0000003a   Code   RO         1049    i.__hardfp_sqrtf    m_wm.l(sqrtf.o)
    0x0000650e   0x00000002   PAD
    0x00006510   0x00000014   Code   RO         1074    i.__mathlib_flt_divzero  m_wm.l(funder.o)
    0x00006524   0x00000006   Code   RO         1075    i.__mathlib_flt_infnan  m_wm.l(funder.o)
    0x0000652a   0x00000006   Code   RO         1076    i.__mathlib_flt_infnan2  m_wm.l(funder.o)
    0x00006530   0x00000010   Code   RO         1077    i.__mathlib_flt_invalid  m_wm.l(funder.o)
    0x00006540   0x00000010   Code   RO         1078    i.__mathlib_flt_overflow  m_wm.l(funder.o)
    0x00006550   0x00000010   Code   RO         1080    i.__mathlib_flt_underflow  m_wm.l(funder.o)
    0x00006560   0x00000154   Code   RO         1088    i.__mathlib_rredf2  m_wm.l(rredf.o)
    0x000066b4   0x0000000e   Code   RO         1121    i.__scatterload_copy  mc_w.l(handlers.o)
    0x000066c2   0x00000002   Code   RO         1122    i.__scatterload_null  mc_w.l(handlers.o)
    0x000066c4   0x0000000e   Code   RO         1123    i.__scatterload_zeroinit  mc_w.l(handlers.o)
    0x000066d2   0x00000002   PAD
    0x000066d4   0x0000000c   Code   RO         1109    i.__set_errno       mc_w.l(errno.o)
    0x000066e0   0x0000003e   Code   RO         1051    i.sqrtf             m_wm.l(sqrtf.o)
    0x0000671e   0x00000002   PAD
    0x00006720   0x00000030   Data   RO          229    .constdata          calibration.o
    0x00006750   0x00000140   Data   RO         1026    .constdata          m_wm.l(powf.o)
    0x00006890   0x00000020   Data   RO         1089    .constdata          m_wm.l(rredf.o)
    0x000068b0   0x00000020   Data   RO         1119    Region$$Table       anon$$obj.o


    Execution Region RW_IRAM1 (Base: 0x20000000, Size: 0x00007c68, Max: 0x00008000, ABSOLUTE, COMPRESSED[0x0000005c])

    Base Addr    Size         Type   Attr      Idx    E Section Name        Object

    0x20000000   0x00000002   Data   RW           13    .data               main.o
    0x20000002   0x00000002   PAD
    0x20000004   0x00000058   Data   RW          230    .data               calibration.o
    0x2000005c   0x00000040   Data   RW          286    .data               imu_quest.o
    0x2000009c   0x00000010   Data   RW          304    .data               mpu9150.o
    0x200000ac   0x00000004   Data   RW          322    .data               ram.o
    0x200000b0   0x00000004   Data   RW          323    .data               ram.o
    0x200000b4   0x00000004   Data   RW          324    .data               ram.o
    0x200000b8   0x00000001   Data   RW          325    .data               ram.o
    0x200000b9   0x00000003   PAD
    0x200000bc   0x00000004   Data   RW          326    .data               ram.o
    0x200000c0   0x00000004   Data   RW          327    .data               ram.o
    0x200000c4   0x00000014   Data   RW          340    .data               sensor_task.o
    0x200000d8   0x0000003c   Data   RW          419    .data               tasks.o
    0x20000114   0x00000018   Data   RW          454    .data               heap_2.o
    0x2000012c   0x00000004   Data   RW          469    .data               port.o
    0x20000130   0x00000004   Data   RW         1110    .data               mc_w.l(errno.o)
    0x20000134   0x00000048   Zero   RW          228    .bss                calibration.o
    0x2000017c   0x0000012c   Zero   RW          255    .bss                firstorderfilter.o
    0x200002a8   0x00000020   Zero   RW          285    .bss                imu_quest.o
    0x200002c8   0x00000038   Zero   RW          319    .bss                ram.o
    0x20000300   0x00000040   Zero   RW          320    .bss                ram.o
    0x20000340   0x00000050   Zero   RW          387    .bss                queue.o
    0x20000390   0x000001a4   Zero   RW          418    .bss                tasks.o
    0x20000534   0x00007530   Zero   RW          453    .bss                heap_2.o
    0x20007a64   0x00000004   PAD
    0x20007a68   0x00000200   Zero   RW            1    STACK               startup_rvmdk.o


==============================================================================

Image component sizes


      Code (inc. data)   RO Data    RW Data    ZI Data      Debug   Object Name

      6168       1484         48         88         72       9518   calibration.o
       460         58          0          0        300       2902   firstorderfilter.o
       440         38          0          0          0       2696   gpio.o
       244          8          0         24      30000       3340   heap_2.o
       956         34          0          0          0       3527   i2c.o
      1308         30          0         64         32       3132   imu_quest.o
       136          0          0          0          0       3474   list.o
       916        142          0          2          0      24807   main.o
      2852        450          0         16          0       6431   mpu9150.o
       184          4          0          0          0        649   pll.o
       406         34          0          4          0       7594   port.o
      1656         10          0          0         80      22181   queue.o
         0          0          0         21        120       2486   ram.o
      1116        160          0         20          0       1468   sensor_task.o
       644        620          0          0        512        856   startup_rvmdk.o
      3912         84          0         60        420      31941   tasks.o
       160         12          0          0          0       1533   timer0a.o
       760         30          0          0          0       4182   uart.o

    ----------------------------------------------------------------------
     22320       3198         80        304      31540     132717   Object Totals
         0          0         32          0          0          0   (incl. Generated)
         2          0          0          5          4          0   (incl. Padding)

    ----------------------------------------------------------------------

      Code (inc. data)   RO Data    RW Data    ZI Data      Debug   Library Member Name

       300         42          0          0          0        176   asinf.o
       592         90          0          0          0        184   atan2f.o
       336         56          0          0          0        136   cosf.o
        38          0          0          0          0        116   fpclassifyf.o
        80         24          0          0          0        696   funder.o
      1636        110        320          0          0        372   powf.o
       340         24         32          0          0        160   rredf.o
       400         56          0          0          0        212   sinf.o
       120          0          0          0          0        272   sqrtf.o
        58          0          0          0          0          0   __dczerorl.o
         0          0          0          0          0          0   entry.o
         0          0          0          0          0          0   entry10a.o
         0          0          0          0          0          0   entry11a.o
         8          4          0          0          0          0   entry2.o
         4          0          0          0          0          0   entry5.o
         0          0          0          0          0          0   entry7b.o
         0          0          0          0          0          0   entry8b.o
         8          4          0          0          0          0   entry9a.o
        12          6          0          4          0         68   errno.o
        30          0          0          0          0          0   handlers.o
        36          8          0          0          0         68   init.o
         0          0          0          0          0          0   iusefp.o
        36          0          0          0          0         68   memcpya.o
        36          0          0          0          0        108   memseta.o
         4          0          0          0          0         68   fpstat.o

    ----------------------------------------------------------------------
      4080        424        352          4          0       2704   Library Totals
         6          0          0          0          0          0   (incl. Padding)

    ----------------------------------------------------------------------

      Code (inc. data)   RO Data    RW Data    ZI Data      Debug   Library Name

      3842        402        352          0          0       2324   m_wm.l
       228         22          0          4          0        312   mc_w.l
         4          0          0          0          0         68   mf_w.l

    ----------------------------------------------------------------------
      4080        424        352          4          0       2704   Library Totals

    ----------------------------------------------------------------------

==============================================================================


      Code (inc. data)   RO Data    RW Data    ZI Data      Debug   

     26400       3622        432        308      31540     130901   Grand Totals
     26400       3622        432         92      31540     130901   ELF Image Totals (compressed)
     26400       3622        432         92          0          0   ROM Totals

==============================================================================

    Total RO  Size (Code + RO Data)                26832 (  26.20kB)
    Total RW  Size (RW Data + ZI Data)             31848 (  31.10kB)
    Total ROM Size (Code + RO Data + RW Data)      26924 (  26.29kB)

==============================================================================

