Component: ARM Compiler 5.05 update 1 (build 106) Tool: armlink [4d0efa]

==============================================================================

Section Cross References

    startup_rvmdk.o(RESET) refers to startup_rvmdk.o(STACK) for StackMem
    startup_rvmdk.o(RESET) refers to port.o(.emb_text) for vPortSVCHandler
    startup_rvmdk.o(RESET) refers to port.o(i.xPortSysTickHandler) for xPortSysTickHandler
    startup_rvmdk.o(RESET) refers to entry.o(.ARM.Collect$$$$00000000) for __main
    main.o(i.System_Init) refers to pll.o(i.PLL_Init_8MHz) for PLL_Init_8MHz
    main.o(i.System_Init) refers to uart.o(i.UART_Init_9600bps) for UART_Init_9600bps
    main.o(i.System_Init) refers to fpu.o(i.FPUEnable) for FPUEnable
    main.o(i.System_Init) refers to fpu.o(i.FPULazyStackingEnable) for FPULazyStackingEnable
    main.o(i.main) refers to main.o(i.System_Init) for System_Init
    main.o(i.main) refers to uart.o(i.UART_OutString) for UART_OutString
    main.o(i.main) refers to queue.o(i.xQueueCreateMutex) for xQueueCreateMutex
    main.o(i.main) refers to led_task.o(i.LEDTaskInit) for LEDTaskInit
    main.o(i.main) refers to switch_task.o(i.SwitchTaskInit) for SwitchTaskInit
    main.o(i.main) refers to tasks.o(i.vTaskStartScheduler) for vTaskStartScheduler
    main.o(i.main) refers to main.o(.data) for g_pUARTSemaphore
    gpio.o(i.Led_OFF) refers to gpio.o(i.PortF_Output) for PortF_Output
    gpio.o(i.Led_ON) refers to gpio.o(i.PortF_Output) for PortF_Output
    gpio.o(i.Scan_switch) refers to gpio.o(i.PortF_Input) for PortF_Input
    gpio.o(i.Scan_switch) refers to gpio.o(i.PortF_Output) for PortF_Output
    uart.o(i.UART_InString) refers to uart.o(i.UART_InChar) for UART_InChar
    uart.o(i.UART_InString) refers to uart.o(i.UART_OutChar) for UART_OutChar
    uart.o(i.UART_InUDec) refers to uart.o(i.UART_InChar) for UART_InChar
    uart.o(i.UART_InUDec) refers to uart.o(i.UART_OutChar) for UART_OutChar
    uart.o(i.UART_InUHex) refers to uart.o(i.UART_InChar) for UART_InChar
    uart.o(i.UART_InUHex) refers to uart.o(i.UART_OutChar) for UART_OutChar
    uart.o(i.UART_OutFloat) refers to uart.o(i.UART_OutChar) for UART_OutChar
    uart.o(i.UART_OutFloat) refers to uart.o(i.UART_Out_Dec) for UART_Out_Dec
    uart.o(i.UART_OutFloat) refers to uart.o(i.UART_OutUDec) for UART_OutUDec
    uart.o(i.UART_OutFloat2) refers to uart.o(i.UART_OutChar) for UART_OutChar
    uart.o(i.UART_OutFloat2) refers to uart.o(i.UART_Out_Dec) for UART_Out_Dec
    uart.o(i.UART_OutFloat2) refers to uart.o(i.UART_OutUDec) for UART_OutUDec
    uart.o(i.UART_OutString) refers to uart.o(i.UART_OutChar) for UART_OutChar
    uart.o(i.UART_OutUDec) refers to uart.o(i.UART_OutChar) for UART_OutChar
    uart.o(i.UART_OutUHex) refers to uart.o(i.UART_OutChar) for UART_OutChar
    uart.o(i.UART_Out_Dec) refers to uart.o(i.UART_OutUDec) for UART_OutUDec
    uart.o(i.UART_Out_Dec) refers to uart.o(i.UART_OutChar) for UART_OutChar
    led_task.o(i.LEDTask) refers to tasks.o(i.xTaskGetTickCount) for xTaskGetTickCount
    led_task.o(i.LEDTask) refers to queue.o(i.xQueueGenericReceive) for xQueueGenericReceive
    led_task.o(i.LEDTask) refers to rgb.o(i.RGBColorSet) for RGBColorSet
    led_task.o(i.LEDTask) refers to uart.o(i.UART_OutString) for UART_OutString
    led_task.o(i.LEDTask) refers to uart.o(i.UART_OutUDec) for UART_OutUDec
    led_task.o(i.LEDTask) refers to queue.o(i.xQueueGenericSend) for xQueueGenericSend
    led_task.o(i.LEDTask) refers to rgb.o(i.RGBEnable) for RGBEnable
    led_task.o(i.LEDTask) refers to tasks.o(i.vTaskDelayUntil) for vTaskDelayUntil
    led_task.o(i.LEDTask) refers to rgb.o(i.RGBDisable) for RGBDisable
    led_task.o(i.LEDTask) refers to led_task.o(.data) for g_pLEDQueue
    led_task.o(i.LEDTask) refers to led_task.o(.bss) for g_pui32Colors
    led_task.o(i.LEDTask) refers to main.o(.data) for g_pUARTSemaphore
    led_task.o(i.LEDTaskInit) refers to rgb.o(i.RGBInit) for RGBInit
    led_task.o(i.LEDTaskInit) refers to rgb.o(i.RGBIntensitySet) for RGBIntensitySet
    led_task.o(i.LEDTaskInit) refers to rgb.o(i.RGBColorSet) for RGBColorSet
    led_task.o(i.LEDTaskInit) refers to uart.o(i.UART_OutString) for UART_OutString
    led_task.o(i.LEDTaskInit) refers to uart.o(i.UART_OutUDec) for UART_OutUDec
    led_task.o(i.LEDTaskInit) refers to queue.o(i.xQueueGenericCreate) for xQueueGenericCreate
    led_task.o(i.LEDTaskInit) refers to tasks.o(i.xTaskCreate) for xTaskCreate
    led_task.o(i.LEDTaskInit) refers to led_task.o(.data) for g_ui8ColorsIndx
    led_task.o(i.LEDTaskInit) refers to led_task.o(.bss) for g_pui32Colors
    led_task.o(i.LEDTaskInit) refers to led_task.o(i.LEDTask) for LEDTask
    switch_task.o(i.SwitchTask) refers to tasks.o(i.xTaskGetTickCount) for xTaskGetTickCount
    switch_task.o(i.SwitchTask) refers to buttons.o(i.ButtonsPoll) for ButtonsPoll
    switch_task.o(i.SwitchTask) refers to queue.o(i.xQueueGenericReceive) for xQueueGenericReceive
    switch_task.o(i.SwitchTask) refers to uart.o(i.UART_OutString) for UART_OutString
    switch_task.o(i.SwitchTask) refers to queue.o(i.xQueueGenericSend) for xQueueGenericSend
    switch_task.o(i.SwitchTask) refers to tasks.o(i.vTaskDelayUntil) for vTaskDelayUntil
    switch_task.o(i.SwitchTask) refers to main.o(.data) for g_pUARTSemaphore
    switch_task.o(i.SwitchTask) refers to led_task.o(.data) for g_pLEDQueue
    switch_task.o(i.SwitchTaskInit) refers to buttons.o(i.ButtonsInit) for ButtonsInit
    switch_task.o(i.SwitchTaskInit) refers to tasks.o(i.xTaskCreate) for xTaskCreate
    switch_task.o(i.SwitchTaskInit) refers to switch_task.o(i.SwitchTask) for SwitchTask
    buttons.o(i.ButtonsInit) refers to buttons.o(.data) for g_ui8ButtonStates
    buttons.o(i.ButtonsPoll) refers to buttons.o(.data) for g_ui8ButtonStates
    rgb.o(i.RGBBlinkIntHandler) refers to rgb.o(i.RGBEnable) for RGBEnable
    rgb.o(i.RGBBlinkIntHandler) refers to rgb.o(i.RGBDisable) for RGBDisable
    rgb.o(i.RGBBlinkIntHandler) refers to rgb.o(.data) for ulFlags
    rgb.o(i.RGBBlinkRateSet) refers to rgb.o(i.RGBEnable) for RGBEnable
    rgb.o(i.RGBBlinkRateSet) refers to sysctl.o(i.SysCtlClockGet) for SysCtlClockGet
    rgb.o(i.RGBBlinkRateSet) refers to ffixul.o(.text) for __aeabi_f2ulz
    rgb.o(i.RGBColorGet) refers to rgb.o(.bss) for g_ui32Colors
    rgb.o(i.RGBColorSet) refers to rgb.o(.bss) for g_ui32Colors
    rgb.o(i.RGBColorSet) refers to rgb.o(.data) for g_fIntensity
    rgb.o(i.RGBInit) refers to rgb.o(i.RGBEnable) for RGBEnable
    rgb.o(i.RGBIntensitySet) refers to rgb.o(i.RGBColorSet) for RGBColorSet
    rgb.o(i.RGBIntensitySet) refers to rgb.o(.data) for g_fIntensity
    rgb.o(i.RGBIntensitySet) refers to rgb.o(.bss) for g_ui32Colors
    rgb.o(i.RGBSet) refers to rgb.o(i.RGBColorSet) for RGBColorSet
    rgb.o(i.RGBSet) refers to rgb.o(i.RGBIntensitySet) for RGBIntensitySet
    queue.o(i.pcQueueGetName) refers to queue.o(.bss) for xQueueRegistry
    queue.o(i.prvCopyDataFromQueue) refers to memcpya.o(.text) for __aeabi_memcpy
    queue.o(i.prvCopyDataToQueue) refers to tasks.o(i.xTaskPriorityDisinherit) for xTaskPriorityDisinherit
    queue.o(i.prvCopyDataToQueue) refers to memcpya.o(.text) for __aeabi_memcpy
    queue.o(i.prvInitialiseMutex) refers to queue.o(i.xQueueGenericSend) for xQueueGenericSend
    queue.o(i.prvInitialiseNewQueue) refers to queue.o(i.xQueueGenericReset) for xQueueGenericReset
    queue.o(i.prvIsQueueEmpty) refers to port.o(i.vPortEnterCritical) for vPortEnterCritical
    queue.o(i.prvIsQueueEmpty) refers to port.o(i.vPortExitCritical) for vPortExitCritical
    queue.o(i.prvIsQueueFull) refers to port.o(i.vPortEnterCritical) for vPortEnterCritical
    queue.o(i.prvIsQueueFull) refers to port.o(i.vPortExitCritical) for vPortExitCritical
    queue.o(i.prvUnlockQueue) refers to port.o(i.vPortEnterCritical) for vPortEnterCritical
    queue.o(i.prvUnlockQueue) refers to tasks.o(i.xTaskRemoveFromEventList) for xTaskRemoveFromEventList
    queue.o(i.prvUnlockQueue) refers to tasks.o(i.vTaskMissedYield) for vTaskMissedYield
    queue.o(i.prvUnlockQueue) refers to port.o(i.vPortExitCritical) for vPortExitCritical
    queue.o(i.uxQueueMessagesWaiting) refers to port.o(i.vPortEnterCritical) for vPortEnterCritical
    queue.o(i.uxQueueMessagesWaiting) refers to port.o(i.vPortExitCritical) for vPortExitCritical
    queue.o(i.uxQueueSpacesAvailable) refers to port.o(i.vPortEnterCritical) for vPortEnterCritical
    queue.o(i.uxQueueSpacesAvailable) refers to port.o(i.vPortExitCritical) for vPortExitCritical
    queue.o(i.vQueueAddToRegistry) refers to queue.o(.bss) for xQueueRegistry
    queue.o(i.vQueueDelete) refers to queue.o(i.vQueueUnregisterQueue) for vQueueUnregisterQueue
    queue.o(i.vQueueDelete) refers to heap_2.o(i.vPortFree) for vPortFree
    queue.o(i.vQueueUnregisterQueue) refers to queue.o(.bss) for xQueueRegistry
    queue.o(i.xQueueCreateMutex) refers to queue.o(i.xQueueGenericCreate) for xQueueGenericCreate
    queue.o(i.xQueueCreateMutex) refers to queue.o(i.prvInitialiseMutex) for prvInitialiseMutex
    queue.o(i.xQueueGenericCreate) refers to heap_2.o(i.pvPortMalloc) for pvPortMalloc
    queue.o(i.xQueueGenericCreate) refers to queue.o(i.prvInitialiseNewQueue) for prvInitialiseNewQueue
    queue.o(i.xQueueGenericReceive) refers to port.o(i.vPortEnterCritical) for vPortEnterCritical
    queue.o(i.xQueueGenericReceive) refers to queue.o(i.prvCopyDataFromQueue) for prvCopyDataFromQueue
    queue.o(i.xQueueGenericReceive) refers to tasks.o(i.pvTaskIncrementMutexHeldCount) for pvTaskIncrementMutexHeldCount
    queue.o(i.xQueueGenericReceive) refers to tasks.o(i.xTaskRemoveFromEventList) for xTaskRemoveFromEventList
    queue.o(i.xQueueGenericReceive) refers to port.o(i.vPortExitCritical) for vPortExitCritical
    queue.o(i.xQueueGenericReceive) refers to tasks.o(i.vTaskSetTimeOutState) for vTaskSetTimeOutState
    queue.o(i.xQueueGenericReceive) refers to tasks.o(i.vTaskSuspendAll) for vTaskSuspendAll
    queue.o(i.xQueueGenericReceive) refers to tasks.o(i.xTaskCheckForTimeOut) for xTaskCheckForTimeOut
    queue.o(i.xQueueGenericReceive) refers to queue.o(i.prvIsQueueEmpty) for prvIsQueueEmpty
    queue.o(i.xQueueGenericReceive) refers to tasks.o(i.vTaskPriorityInherit) for vTaskPriorityInherit
    queue.o(i.xQueueGenericReceive) refers to tasks.o(i.vTaskPlaceOnEventList) for vTaskPlaceOnEventList
    queue.o(i.xQueueGenericReceive) refers to queue.o(i.prvUnlockQueue) for prvUnlockQueue
    queue.o(i.xQueueGenericReceive) refers to tasks.o(i.xTaskResumeAll) for xTaskResumeAll
    queue.o(i.xQueueGenericReset) refers to port.o(i.vPortEnterCritical) for vPortEnterCritical
    queue.o(i.xQueueGenericReset) refers to tasks.o(i.xTaskRemoveFromEventList) for xTaskRemoveFromEventList
    queue.o(i.xQueueGenericReset) refers to list.o(i.vListInitialise) for vListInitialise
    queue.o(i.xQueueGenericReset) refers to port.o(i.vPortExitCritical) for vPortExitCritical
    queue.o(i.xQueueGenericSend) refers to port.o(i.vPortEnterCritical) for vPortEnterCritical
    queue.o(i.xQueueGenericSend) refers to queue.o(i.prvCopyDataToQueue) for prvCopyDataToQueue
    queue.o(i.xQueueGenericSend) refers to tasks.o(i.xTaskRemoveFromEventList) for xTaskRemoveFromEventList
    queue.o(i.xQueueGenericSend) refers to port.o(i.vPortExitCritical) for vPortExitCritical
    queue.o(i.xQueueGenericSend) refers to tasks.o(i.vTaskSetTimeOutState) for vTaskSetTimeOutState
    queue.o(i.xQueueGenericSend) refers to tasks.o(i.vTaskSuspendAll) for vTaskSuspendAll
    queue.o(i.xQueueGenericSend) refers to tasks.o(i.xTaskCheckForTimeOut) for xTaskCheckForTimeOut
    queue.o(i.xQueueGenericSend) refers to queue.o(i.prvIsQueueFull) for prvIsQueueFull
    queue.o(i.xQueueGenericSend) refers to tasks.o(i.vTaskPlaceOnEventList) for vTaskPlaceOnEventList
    queue.o(i.xQueueGenericSend) refers to queue.o(i.prvUnlockQueue) for prvUnlockQueue
    queue.o(i.xQueueGenericSend) refers to tasks.o(i.xTaskResumeAll) for xTaskResumeAll
    queue.o(i.xQueueGenericSendFromISR) refers to queue.o(i.prvCopyDataToQueue) for prvCopyDataToQueue
    queue.o(i.xQueueGenericSendFromISR) refers to tasks.o(i.xTaskRemoveFromEventList) for xTaskRemoveFromEventList
    queue.o(i.xQueueGiveFromISR) refers to tasks.o(i.xTaskRemoveFromEventList) for xTaskRemoveFromEventList
    queue.o(i.xQueueGiveMutexRecursive) refers to tasks.o(i.xTaskGetCurrentTaskHandle) for xTaskGetCurrentTaskHandle
    queue.o(i.xQueueGiveMutexRecursive) refers to queue.o(i.xQueueGenericSend) for xQueueGenericSend
    queue.o(i.xQueuePeekFromISR) refers to queue.o(i.prvCopyDataFromQueue) for prvCopyDataFromQueue
    queue.o(i.xQueueReceiveFromISR) refers to queue.o(i.prvCopyDataFromQueue) for prvCopyDataFromQueue
    queue.o(i.xQueueReceiveFromISR) refers to tasks.o(i.xTaskRemoveFromEventList) for xTaskRemoveFromEventList
    queue.o(i.xQueueTakeMutexRecursive) refers to tasks.o(i.xTaskGetCurrentTaskHandle) for xTaskGetCurrentTaskHandle
    queue.o(i.xQueueTakeMutexRecursive) refers to queue.o(i.xQueueGenericReceive) for xQueueGenericReceive
    tasks.o(i.eTaskGetState) refers to port.o(i.vPortEnterCritical) for vPortEnterCritical
    tasks.o(i.eTaskGetState) refers to port.o(i.vPortExitCritical) for vPortExitCritical
    tasks.o(i.eTaskGetState) refers to tasks.o(.data) for pxCurrentTCB
    tasks.o(i.eTaskGetState) refers to tasks.o(.bss) for xSuspendedTaskList
    tasks.o(i.pcTaskGetName) refers to tasks.o(.data) for pxCurrentTCB
    tasks.o(i.prvAddCurrentTaskToDelayedList) refers to list.o(i.uxListRemove) for uxListRemove
    tasks.o(i.prvAddCurrentTaskToDelayedList) refers to list.o(i.vListInsertEnd) for vListInsertEnd
    tasks.o(i.prvAddCurrentTaskToDelayedList) refers to list.o(i.vListInsert) for vListInsert
    tasks.o(i.prvAddCurrentTaskToDelayedList) refers to tasks.o(.data) for xTickCount
    tasks.o(i.prvAddCurrentTaskToDelayedList) refers to tasks.o(.bss) for xSuspendedTaskList
    tasks.o(i.prvAddNewTaskToReadyList) refers to port.o(i.vPortEnterCritical) for vPortEnterCritical
    tasks.o(i.prvAddNewTaskToReadyList) refers to tasks.o(i.prvInitialiseTaskLists) for prvInitialiseTaskLists
    tasks.o(i.prvAddNewTaskToReadyList) refers to list.o(i.vListInsertEnd) for vListInsertEnd
    tasks.o(i.prvAddNewTaskToReadyList) refers to port.o(i.vPortExitCritical) for vPortExitCritical
    tasks.o(i.prvAddNewTaskToReadyList) refers to tasks.o(.data) for uxCurrentNumberOfTasks
    tasks.o(i.prvAddNewTaskToReadyList) refers to tasks.o(.bss) for pxReadyTasksLists
    tasks.o(i.prvCheckTasksWaitingTermination) refers to tasks.o(i.vTaskSuspendAll) for vTaskSuspendAll
    tasks.o(i.prvCheckTasksWaitingTermination) refers to tasks.o(i.xTaskResumeAll) for xTaskResumeAll
    tasks.o(i.prvCheckTasksWaitingTermination) refers to port.o(i.vPortEnterCritical) for vPortEnterCritical
    tasks.o(i.prvCheckTasksWaitingTermination) refers to list.o(i.uxListRemove) for uxListRemove
    tasks.o(i.prvCheckTasksWaitingTermination) refers to port.o(i.vPortExitCritical) for vPortExitCritical
    tasks.o(i.prvCheckTasksWaitingTermination) refers to tasks.o(i.prvDeleteTCB) for prvDeleteTCB
    tasks.o(i.prvCheckTasksWaitingTermination) refers to tasks.o(.bss) for xTasksWaitingTermination
    tasks.o(i.prvCheckTasksWaitingTermination) refers to tasks.o(.data) for uxCurrentNumberOfTasks
    tasks.o(i.prvDeleteTCB) refers to heap_2.o(i.vPortFree) for vPortFree
    tasks.o(i.prvIdleTask) refers to tasks.o(i.prvCheckTasksWaitingTermination) for prvCheckTasksWaitingTermination
    tasks.o(i.prvInitialiseNewTask) refers to memseta.o(.text) for __aeabi_memset
    tasks.o(i.prvInitialiseNewTask) refers to list.o(i.vListInitialiseItem) for vListInitialiseItem
    tasks.o(i.prvInitialiseNewTask) refers to port.o(i.pxPortInitialiseStack) for pxPortInitialiseStack
    tasks.o(i.prvInitialiseTaskLists) refers to list.o(i.vListInitialise) for vListInitialise
    tasks.o(i.prvInitialiseTaskLists) refers to tasks.o(.bss) for pxReadyTasksLists
    tasks.o(i.prvInitialiseTaskLists) refers to tasks.o(.data) for pxDelayedTaskList
    tasks.o(i.prvListTasksWithinSingleList) refers to tasks.o(i.vTaskGetInfo) for vTaskGetInfo
    tasks.o(i.prvResetNextTaskUnblockTime) refers to tasks.o(.data) for pxDelayedTaskList
    tasks.o(i.prvTaskIsTaskSuspended) refers to tasks.o(.bss) for xSuspendedTaskList
    tasks.o(i.pvTaskIncrementMutexHeldCount) refers to tasks.o(.data) for pxCurrentTCB
    tasks.o(i.ulTaskNotifyTake) refers to port.o(i.vPortEnterCritical) for vPortEnterCritical
    tasks.o(i.ulTaskNotifyTake) refers to tasks.o(i.prvAddCurrentTaskToDelayedList) for prvAddCurrentTaskToDelayedList
    tasks.o(i.ulTaskNotifyTake) refers to port.o(i.vPortExitCritical) for vPortExitCritical
    tasks.o(i.ulTaskNotifyTake) refers to tasks.o(.data) for pxCurrentTCB
    tasks.o(i.uxTaskGetNumberOfTasks) refers to tasks.o(.data) for uxCurrentNumberOfTasks
    tasks.o(i.uxTaskGetStackHighWaterMark) refers to tasks.o(i.prvTaskCheckFreeStackSpace) for prvTaskCheckFreeStackSpace
    tasks.o(i.uxTaskGetStackHighWaterMark) refers to tasks.o(.data) for pxCurrentTCB
    tasks.o(i.uxTaskGetSystemState) refers to tasks.o(i.vTaskSuspendAll) for vTaskSuspendAll
    tasks.o(i.uxTaskGetSystemState) refers to tasks.o(i.prvListTasksWithinSingleList) for prvListTasksWithinSingleList
    tasks.o(i.uxTaskGetSystemState) refers to tasks.o(i.xTaskResumeAll) for xTaskResumeAll
    tasks.o(i.uxTaskGetSystemState) refers to tasks.o(.data) for uxCurrentNumberOfTasks
    tasks.o(i.uxTaskGetSystemState) refers to tasks.o(.bss) for pxReadyTasksLists
    tasks.o(i.uxTaskPriorityGet) refers to port.o(i.vPortEnterCritical) for vPortEnterCritical
    tasks.o(i.uxTaskPriorityGet) refers to port.o(i.vPortExitCritical) for vPortExitCritical
    tasks.o(i.uxTaskPriorityGet) refers to tasks.o(.data) for pxCurrentTCB
    tasks.o(i.uxTaskPriorityGetFromISR) refers to tasks.o(.data) for pxCurrentTCB
    tasks.o(i.uxTaskResetEventItemValue) refers to tasks.o(.data) for pxCurrentTCB
    tasks.o(i.vTaskDelay) refers to tasks.o(i.vTaskSuspendAll) for vTaskSuspendAll
    tasks.o(i.vTaskDelay) refers to tasks.o(i.prvAddCurrentTaskToDelayedList) for prvAddCurrentTaskToDelayedList
    tasks.o(i.vTaskDelay) refers to tasks.o(i.xTaskResumeAll) for xTaskResumeAll
    tasks.o(i.vTaskDelayUntil) refers to tasks.o(i.vTaskSuspendAll) for vTaskSuspendAll
    tasks.o(i.vTaskDelayUntil) refers to tasks.o(i.prvAddCurrentTaskToDelayedList) for prvAddCurrentTaskToDelayedList
    tasks.o(i.vTaskDelayUntil) refers to tasks.o(i.xTaskResumeAll) for xTaskResumeAll
    tasks.o(i.vTaskDelayUntil) refers to tasks.o(.data) for xTickCount
    tasks.o(i.vTaskDelete) refers to port.o(i.vPortEnterCritical) for vPortEnterCritical
    tasks.o(i.vTaskDelete) refers to list.o(i.uxListRemove) for uxListRemove
    tasks.o(i.vTaskDelete) refers to list.o(i.vListInsertEnd) for vListInsertEnd
    tasks.o(i.vTaskDelete) refers to tasks.o(i.prvDeleteTCB) for prvDeleteTCB
    tasks.o(i.vTaskDelete) refers to tasks.o(i.prvResetNextTaskUnblockTime) for prvResetNextTaskUnblockTime
    tasks.o(i.vTaskDelete) refers to port.o(i.vPortExitCritical) for vPortExitCritical
    tasks.o(i.vTaskDelete) refers to tasks.o(.data) for pxCurrentTCB
    tasks.o(i.vTaskDelete) refers to tasks.o(.bss) for pxReadyTasksLists
    tasks.o(i.vTaskEndScheduler) refers to port.o(i.vPortEndScheduler) for vPortEndScheduler
    tasks.o(i.vTaskEndScheduler) refers to tasks.o(.data) for xSchedulerRunning
    tasks.o(i.vTaskGetInfo) refers to tasks.o(i.vTaskSuspendAll) for vTaskSuspendAll
    tasks.o(i.vTaskGetInfo) refers to tasks.o(i.xTaskResumeAll) for xTaskResumeAll
    tasks.o(i.vTaskGetInfo) refers to tasks.o(i.eTaskGetState) for eTaskGetState
    tasks.o(i.vTaskGetInfo) refers to tasks.o(i.prvTaskCheckFreeStackSpace) for prvTaskCheckFreeStackSpace
    tasks.o(i.vTaskGetInfo) refers to tasks.o(.data) for pxCurrentTCB
    tasks.o(i.vTaskMissedYield) refers to tasks.o(.data) for xYieldPending
    tasks.o(i.vTaskNotifyGiveFromISR) refers to list.o(i.uxListRemove) for uxListRemove
    tasks.o(i.vTaskNotifyGiveFromISR) refers to list.o(i.vListInsertEnd) for vListInsertEnd
    tasks.o(i.vTaskNotifyGiveFromISR) refers to tasks.o(.data) for uxSchedulerSuspended
    tasks.o(i.vTaskNotifyGiveFromISR) refers to tasks.o(.bss) for pxReadyTasksLists
    tasks.o(i.vTaskPlaceOnEventList) refers to list.o(i.vListInsert) for vListInsert
    tasks.o(i.vTaskPlaceOnEventList) refers to tasks.o(i.prvAddCurrentTaskToDelayedList) for prvAddCurrentTaskToDelayedList
    tasks.o(i.vTaskPlaceOnEventList) refers to tasks.o(.data) for pxCurrentTCB
    tasks.o(i.vTaskPlaceOnUnorderedEventList) refers to list.o(i.vListInsertEnd) for vListInsertEnd
    tasks.o(i.vTaskPlaceOnUnorderedEventList) refers to tasks.o(i.prvAddCurrentTaskToDelayedList) for prvAddCurrentTaskToDelayedList
    tasks.o(i.vTaskPlaceOnUnorderedEventList) refers to tasks.o(.data) for pxCurrentTCB
    tasks.o(i.vTaskPriorityInherit) refers to list.o(i.uxListRemove) for uxListRemove
    tasks.o(i.vTaskPriorityInherit) refers to list.o(i.vListInsertEnd) for vListInsertEnd
    tasks.o(i.vTaskPriorityInherit) refers to tasks.o(.data) for pxCurrentTCB
    tasks.o(i.vTaskPriorityInherit) refers to tasks.o(.bss) for pxReadyTasksLists
    tasks.o(i.vTaskPrioritySet) refers to port.o(i.vPortEnterCritical) for vPortEnterCritical
    tasks.o(i.vTaskPrioritySet) refers to list.o(i.uxListRemove) for uxListRemove
    tasks.o(i.vTaskPrioritySet) refers to list.o(i.vListInsertEnd) for vListInsertEnd
    tasks.o(i.vTaskPrioritySet) refers to port.o(i.vPortExitCritical) for vPortExitCritical
    tasks.o(i.vTaskPrioritySet) refers to tasks.o(.data) for pxCurrentTCB
    tasks.o(i.vTaskPrioritySet) refers to tasks.o(.bss) for pxReadyTasksLists
    tasks.o(i.vTaskResume) refers to port.o(i.vPortEnterCritical) for vPortEnterCritical
    tasks.o(i.vTaskResume) refers to tasks.o(i.prvTaskIsTaskSuspended) for prvTaskIsTaskSuspended
    tasks.o(i.vTaskResume) refers to list.o(i.uxListRemove) for uxListRemove
    tasks.o(i.vTaskResume) refers to list.o(i.vListInsertEnd) for vListInsertEnd
    tasks.o(i.vTaskResume) refers to port.o(i.vPortExitCritical) for vPortExitCritical
    tasks.o(i.vTaskResume) refers to tasks.o(.data) for pxCurrentTCB
    tasks.o(i.vTaskResume) refers to tasks.o(.bss) for pxReadyTasksLists
    tasks.o(i.vTaskSetTimeOutState) refers to tasks.o(.data) for xNumOfOverflows
    tasks.o(i.vTaskStartScheduler) refers to tasks.o(i.xTaskCreate) for xTaskCreate
    tasks.o(i.vTaskStartScheduler) refers to port.o(i.xPortStartScheduler) for xPortStartScheduler
    tasks.o(i.vTaskStartScheduler) refers to tasks.o(.data) for xIdleTaskHandle
    tasks.o(i.vTaskStartScheduler) refers to tasks.o(i.prvIdleTask) for prvIdleTask
    tasks.o(i.vTaskSuspend) refers to port.o(i.vPortEnterCritical) for vPortEnterCritical
    tasks.o(i.vTaskSuspend) refers to list.o(i.uxListRemove) for uxListRemove
    tasks.o(i.vTaskSuspend) refers to list.o(i.vListInsertEnd) for vListInsertEnd
    tasks.o(i.vTaskSuspend) refers to port.o(i.vPortExitCritical) for vPortExitCritical
    tasks.o(i.vTaskSuspend) refers to tasks.o(i.prvResetNextTaskUnblockTime) for prvResetNextTaskUnblockTime
    tasks.o(i.vTaskSuspend) refers to tasks.o(i.vTaskSwitchContext) for vTaskSwitchContext
    tasks.o(i.vTaskSuspend) refers to tasks.o(.data) for pxCurrentTCB
    tasks.o(i.vTaskSuspend) refers to tasks.o(.bss) for pxReadyTasksLists
    tasks.o(i.vTaskSuspendAll) refers to tasks.o(.data) for uxSchedulerSuspended
    tasks.o(i.vTaskSwitchContext) refers to main.o(i.vApplicationStackOverflowHook) for vApplicationStackOverflowHook
    tasks.o(i.vTaskSwitchContext) refers to tasks.o(.data) for uxSchedulerSuspended
    tasks.o(i.vTaskSwitchContext) refers to tasks.o(.bss) for pxReadyTasksLists
    tasks.o(i.xTaskCheckForTimeOut) refers to port.o(i.vPortEnterCritical) for vPortEnterCritical
    tasks.o(i.xTaskCheckForTimeOut) refers to tasks.o(i.vTaskSetTimeOutState) for vTaskSetTimeOutState
    tasks.o(i.xTaskCheckForTimeOut) refers to port.o(i.vPortExitCritical) for vPortExitCritical
    tasks.o(i.xTaskCheckForTimeOut) refers to tasks.o(.data) for xTickCount
    tasks.o(i.xTaskCreate) refers to heap_2.o(i.pvPortMalloc) for pvPortMalloc
    tasks.o(i.xTaskCreate) refers to heap_2.o(i.vPortFree) for vPortFree
    tasks.o(i.xTaskCreate) refers to tasks.o(i.prvInitialiseNewTask) for prvInitialiseNewTask
    tasks.o(i.xTaskCreate) refers to tasks.o(i.prvAddNewTaskToReadyList) for prvAddNewTaskToReadyList
    tasks.o(i.xTaskGenericNotify) refers to port.o(i.vPortEnterCritical) for vPortEnterCritical
    tasks.o(i.xTaskGenericNotify) refers to list.o(i.uxListRemove) for uxListRemove
    tasks.o(i.xTaskGenericNotify) refers to list.o(i.vListInsertEnd) for vListInsertEnd
    tasks.o(i.xTaskGenericNotify) refers to port.o(i.vPortExitCritical) for vPortExitCritical
    tasks.o(i.xTaskGenericNotify) refers to tasks.o(.data) for uxTopReadyPriority
    tasks.o(i.xTaskGenericNotify) refers to tasks.o(.bss) for pxReadyTasksLists
    tasks.o(i.xTaskGenericNotifyFromISR) refers to list.o(i.uxListRemove) for uxListRemove
    tasks.o(i.xTaskGenericNotifyFromISR) refers to list.o(i.vListInsertEnd) for vListInsertEnd
    tasks.o(i.xTaskGenericNotifyFromISR) refers to tasks.o(.data) for uxSchedulerSuspended
    tasks.o(i.xTaskGenericNotifyFromISR) refers to tasks.o(.bss) for pxReadyTasksLists
    tasks.o(i.xTaskGetCurrentTaskHandle) refers to tasks.o(.data) for pxCurrentTCB
    tasks.o(i.xTaskGetTickCount) refers to tasks.o(.data) for xTickCount
    tasks.o(i.xTaskGetTickCountFromISR) refers to tasks.o(.data) for xTickCount
    tasks.o(i.xTaskIncrementTick) refers to tasks.o(i.prvResetNextTaskUnblockTime) for prvResetNextTaskUnblockTime
    tasks.o(i.xTaskIncrementTick) refers to list.o(i.uxListRemove) for uxListRemove
    tasks.o(i.xTaskIncrementTick) refers to list.o(i.vListInsertEnd) for vListInsertEnd
    tasks.o(i.xTaskIncrementTick) refers to tasks.o(.data) for uxSchedulerSuspended
    tasks.o(i.xTaskIncrementTick) refers to tasks.o(.bss) for pxReadyTasksLists
    tasks.o(i.xTaskNotifyStateClear) refers to port.o(i.vPortEnterCritical) for vPortEnterCritical
    tasks.o(i.xTaskNotifyStateClear) refers to port.o(i.vPortExitCritical) for vPortExitCritical
    tasks.o(i.xTaskNotifyStateClear) refers to tasks.o(.data) for pxCurrentTCB
    tasks.o(i.xTaskNotifyWait) refers to port.o(i.vPortEnterCritical) for vPortEnterCritical
    tasks.o(i.xTaskNotifyWait) refers to tasks.o(i.prvAddCurrentTaskToDelayedList) for prvAddCurrentTaskToDelayedList
    tasks.o(i.xTaskNotifyWait) refers to port.o(i.vPortExitCritical) for vPortExitCritical
    tasks.o(i.xTaskNotifyWait) refers to tasks.o(.data) for pxCurrentTCB
    tasks.o(i.xTaskPriorityDisinherit) refers to list.o(i.uxListRemove) for uxListRemove
    tasks.o(i.xTaskPriorityDisinherit) refers to list.o(i.vListInsertEnd) for vListInsertEnd
    tasks.o(i.xTaskPriorityDisinherit) refers to tasks.o(.bss) for pxReadyTasksLists
    tasks.o(i.xTaskPriorityDisinherit) refers to tasks.o(.data) for uxTopReadyPriority
    tasks.o(i.xTaskRemoveFromEventList) refers to list.o(i.uxListRemove) for uxListRemove
    tasks.o(i.xTaskRemoveFromEventList) refers to list.o(i.vListInsertEnd) for vListInsertEnd
    tasks.o(i.xTaskRemoveFromEventList) refers to tasks.o(.data) for uxSchedulerSuspended
    tasks.o(i.xTaskRemoveFromEventList) refers to tasks.o(.bss) for pxReadyTasksLists
    tasks.o(i.xTaskRemoveFromUnorderedEventList) refers to list.o(i.uxListRemove) for uxListRemove
    tasks.o(i.xTaskRemoveFromUnorderedEventList) refers to list.o(i.vListInsertEnd) for vListInsertEnd
    tasks.o(i.xTaskRemoveFromUnorderedEventList) refers to tasks.o(.data) for uxTopReadyPriority
    tasks.o(i.xTaskRemoveFromUnorderedEventList) refers to tasks.o(.bss) for pxReadyTasksLists
    tasks.o(i.xTaskResumeAll) refers to port.o(i.vPortEnterCritical) for vPortEnterCritical
    tasks.o(i.xTaskResumeAll) refers to list.o(i.uxListRemove) for uxListRemove
    tasks.o(i.xTaskResumeAll) refers to list.o(i.vListInsertEnd) for vListInsertEnd
    tasks.o(i.xTaskResumeAll) refers to tasks.o(i.prvResetNextTaskUnblockTime) for prvResetNextTaskUnblockTime
    tasks.o(i.xTaskResumeAll) refers to tasks.o(i.xTaskIncrementTick) for xTaskIncrementTick
    tasks.o(i.xTaskResumeAll) refers to port.o(i.vPortExitCritical) for vPortExitCritical
    tasks.o(i.xTaskResumeAll) refers to tasks.o(.data) for uxSchedulerSuspended
    tasks.o(i.xTaskResumeAll) refers to tasks.o(.bss) for xPendingReadyList
    tasks.o(i.xTaskResumeFromISR) refers to tasks.o(i.prvTaskIsTaskSuspended) for prvTaskIsTaskSuspended
    tasks.o(i.xTaskResumeFromISR) refers to list.o(i.uxListRemove) for uxListRemove
    tasks.o(i.xTaskResumeFromISR) refers to list.o(i.vListInsertEnd) for vListInsertEnd
    tasks.o(i.xTaskResumeFromISR) refers to tasks.o(.data) for uxSchedulerSuspended
    tasks.o(i.xTaskResumeFromISR) refers to tasks.o(.bss) for pxReadyTasksLists
    heap_2.o(i.prvHeapInit) refers to heap_2.o(.bss) for ucHeap
    heap_2.o(i.prvHeapInit) refers to heap_2.o(.data) for xStart
    heap_2.o(i.pvPortMalloc) refers to tasks.o(i.vTaskSuspendAll) for vTaskSuspendAll
    heap_2.o(i.pvPortMalloc) refers to heap_2.o(i.prvHeapInit) for prvHeapInit
    heap_2.o(i.pvPortMalloc) refers to tasks.o(i.xTaskResumeAll) for xTaskResumeAll
    heap_2.o(i.pvPortMalloc) refers to heap_2.o(.data) for xHeapHasBeenInitialised
    heap_2.o(i.vPortFree) refers to tasks.o(i.vTaskSuspendAll) for vTaskSuspendAll
    heap_2.o(i.vPortFree) refers to tasks.o(i.xTaskResumeAll) for xTaskResumeAll
    heap_2.o(i.vPortFree) refers to heap_2.o(.data) for xStart
    heap_2.o(i.xPortGetFreeHeapSize) refers to heap_2.o(.data) for xFreeBytesRemaining
    port.o(.emb_text) refers to tasks.o(i.vTaskSwitchContext) for vTaskSwitchContext
    port.o(.emb_text) refers to tasks.o(.data) for pxCurrentTCB
    port.o(i.pxPortInitialiseStack) refers to port.o(i.prvTaskExitError) for prvTaskExitError
    port.o(i.vPortEnterCritical) refers to port.o(.data) for uxCriticalNesting
    port.o(i.vPortExitCritical) refers to port.o(.data) for uxCriticalNesting
    port.o(i.xPortStartScheduler) refers to port.o(i.vPortSetupTimerInterrupt) for vPortSetupTimerInterrupt
    port.o(i.xPortStartScheduler) refers to port.o(.emb_text) for __asm___6_port_c_39a90d8d__prvEnableVFP
    port.o(i.xPortStartScheduler) refers to port.o(.data) for uxCriticalNesting
    port.o(i.xPortSysTickHandler) refers to tasks.o(i.xTaskIncrementTick) for xTaskIncrementTick
    sysctl.o(i.SysCtlClockFreqSet) refers to sysctl.o(.constdata) for .constdata
    sysctl.o(i.SysCtlClockGet) refers to sysctl.o(.constdata) for .constdata
    sysctl.o(i.SysCtlClockSet) refers to sysctl.o(.emb_text) for SysCtlDelay
    sysctl.o(i.SysCtlDeepSleep) refers to cpu.o(.emb_text) for CPUwfi
    sysctl.o(i.SysCtlIntRegister) refers to interrupt.o(i.IntRegister) for IntRegister
    sysctl.o(i.SysCtlIntRegister) refers to interrupt.o(i.IntEnable) for IntEnable
    sysctl.o(i.SysCtlIntUnregister) refers to interrupt.o(i.IntDisable) for IntDisable
    sysctl.o(i.SysCtlIntUnregister) refers to interrupt.o(i.IntUnregister) for IntUnregister
    sysctl.o(i.SysCtlSleep) refers to cpu.o(.emb_text) for CPUwfi
    interrupt.o(i.IntDisable) refers to interrupt.o(.constdata) for .constdata
    interrupt.o(i.IntEnable) refers to interrupt.o(.constdata) for .constdata
    interrupt.o(i.IntIsEnabled) refers to interrupt.o(.constdata) for .constdata
    interrupt.o(i.IntMasterDisable) refers to cpu.o(.emb_text) for CPUcpsid
    interrupt.o(i.IntMasterEnable) refers to cpu.o(.emb_text) for CPUcpsie
    interrupt.o(i.IntPendClear) refers to interrupt.o(.constdata) for .constdata
    interrupt.o(i.IntPendSet) refers to interrupt.o(.constdata) for .constdata
    interrupt.o(i.IntPriorityGet) refers to interrupt.o(.constdata) for .constdata
    interrupt.o(i.IntPriorityGroupingGet) refers to interrupt.o(.constdata) for .constdata
    interrupt.o(i.IntPriorityGroupingSet) refers to interrupt.o(.constdata) for .constdata
    interrupt.o(i.IntPriorityMaskGet) refers to cpu.o(.emb_text) for CPUbasepriGet
    interrupt.o(i.IntPriorityMaskSet) refers to cpu.o(.emb_text) for CPUbasepriSet
    interrupt.o(i.IntPrioritySet) refers to interrupt.o(.constdata) for .constdata
    interrupt.o(i.IntRegister) refers to interrupt.o(vtable) for vtable
    interrupt.o(i.IntUnregister) refers to interrupt.o(i._IntDefaultHandler) for _IntDefaultHandler
    interrupt.o(i.IntUnregister) refers to interrupt.o(vtable) for vtable
    entry.o(.ARM.Collect$$$$00000000) refers (Special) to entry10a.o(.ARM.Collect$$$$0000000D) for __rt_final_cpp
    entry.o(.ARM.Collect$$$$00000000) refers (Special) to entry11a.o(.ARM.Collect$$$$0000000F) for __rt_final_exit
    entry.o(.ARM.Collect$$$$00000000) refers (Special) to entry7b.o(.ARM.Collect$$$$00000008) for _main_clock
    entry.o(.ARM.Collect$$$$00000000) refers (Special) to entry8b.o(.ARM.Collect$$$$0000000A) for _main_cpp_init
    entry.o(.ARM.Collect$$$$00000000) refers (Special) to entry9a.o(.ARM.Collect$$$$0000000B) for _main_init
    entry.o(.ARM.Collect$$$$00000000) refers (Special) to entry5.o(.ARM.Collect$$$$00000004) for _main_scatterload
    entry.o(.ARM.Collect$$$$00000000) refers (Special) to entry2.o(.ARM.Collect$$$$00000001) for _main_stk
    ffixul.o(.text) refers (Special) to iusefp.o(.text) for __I$use$fp
    ffixul.o(.text) refers to llshl.o(.text) for __aeabi_llsl
    entry2.o(.ARM.Collect$$$$00000001) refers to entry2.o(.ARM.Collect$$$$00002712) for __lit__00000000
    entry2.o(.ARM.Collect$$$$00002712) refers to startup_rvmdk.o(STACK) for __initial_sp
    entry2.o(__vectab_stack_and_reset_area) refers to startup_rvmdk.o(STACK) for __initial_sp
    entry2.o(__vectab_stack_and_reset_area) refers to entry.o(.ARM.Collect$$$$00000000) for __main
    entry5.o(.ARM.Collect$$$$00000004) refers to init.o(.text) for __scatterload
    entry9a.o(.ARM.Collect$$$$0000000B) refers to main.o(i.main) for main
    entry9b.o(.ARM.Collect$$$$0000000C) refers to main.o(i.main) for main
    init.o(.text) refers to entry5.o(.ARM.Collect$$$$00000004) for __main_after_scatterload


==============================================================================

Removing Unused input sections from the image.

    Removing startup_rvmdk.o(HEAP), (0 bytes).
    Removing startup_rvmdk.o(.text), (28 bytes).
    Removing pll.o(i.PLL_Init), (124 bytes).
    Removing gpio.o(i.Led_OFF), (60 bytes).
    Removing gpio.o(i.Led_ON), (12 bytes).
    Removing gpio.o(i.Led_Toggle), (64 bytes).
    Removing gpio.o(i.MotionInt_Init), (204 bytes).
    Removing gpio.o(i.PortF_Init), (92 bytes).
    Removing gpio.o(i.PortF_Input), (16 bytes).
    Removing gpio.o(i.PortF_Output), (12 bytes).
    Removing gpio.o(i.SW1_Pushed), (24 bytes).
    Removing gpio.o(i.SW1_Release), (24 bytes).
    Removing gpio.o(i.Scan_switch), (60 bytes).
    Removing uart.o(i.UART_InChar), (28 bytes).
    Removing uart.o(i.UART_InString), (66 bytes).
    Removing uart.o(i.UART_InUDec), (76 bytes).
    Removing uart.o(i.UART_InUHex), (104 bytes).
    Removing uart.o(i.UART_Init), (148 bytes).
    Removing uart.o(i.UART_OutFloat), (136 bytes).
    Removing uart.o(i.UART_OutFloat2), (112 bytes).
    Removing uart.o(i.UART_OutUHex), (52 bytes).
    Removing uart.o(i.UART_Out_Dec), (36 bytes).
    Removing rgb.o(i.RGBBlinkIntHandler), (56 bytes).
    Removing rgb.o(i.RGBBlinkRateSet), (124 bytes).
    Removing rgb.o(i.RGBColorGet), (28 bytes).
    Removing rgb.o(i.RGBSet), (32 bytes).
    Removing queue.o(i.pcQueueGetName), (44 bytes).
    Removing queue.o(i.ucQueueGetQueueType), (8 bytes).
    Removing queue.o(i.uxQueueGetQueueNumber), (6 bytes).
    Removing queue.o(i.uxQueueMessagesWaiting), (18 bytes).
    Removing queue.o(i.uxQueueMessagesWaitingFromISR), (6 bytes).
    Removing queue.o(i.uxQueueSpacesAvailable), (24 bytes).
    Removing queue.o(i.vQueueAddToRegistry), (44 bytes).
    Removing queue.o(i.vQueueDelete), (20 bytes).
    Removing queue.o(i.vQueueSetQueueNumber), (4 bytes).
    Removing queue.o(i.vQueueUnregisterQueue), (48 bytes).
    Removing queue.o(i.xQueueGenericSendFromISR), (134 bytes).
    Removing queue.o(i.xQueueGiveFromISR), (120 bytes).
    Removing queue.o(i.xQueueGiveMutexRecursive), (48 bytes).
    Removing queue.o(i.xQueueIsQueueEmptyFromISR), (14 bytes).
    Removing queue.o(i.xQueueIsQueueFullFromISR), (18 bytes).
    Removing queue.o(i.xQueuePeekFromISR), (74 bytes).
    Removing queue.o(i.xQueueReceiveFromISR), (130 bytes).
    Removing queue.o(i.xQueueTakeMutexRecursive), (58 bytes).
    Removing queue.o(.bss), (80 bytes).
    Removing tasks.o(i.eTaskGetState), (108 bytes).
    Removing tasks.o(i.pcTaskGetName), (24 bytes).
    Removing tasks.o(i.prvListTasksWithinSingleList), (106 bytes).
    Removing tasks.o(i.prvTaskCheckFreeStackSpace), (22 bytes).
    Removing tasks.o(i.prvTaskIsTaskSuspended), (64 bytes).
    Removing tasks.o(i.ulTaskNotifyTake), (116 bytes).
    Removing tasks.o(i.uxTaskGetNumberOfTasks), (12 bytes).
    Removing tasks.o(i.uxTaskGetStackHighWaterMark), (40 bytes).
    Removing tasks.o(i.uxTaskGetSystemState), (176 bytes).
    Removing tasks.o(i.uxTaskGetTaskNumber), (14 bytes).
    Removing tasks.o(i.uxTaskPriorityGet), (36 bytes).
    Removing tasks.o(i.uxTaskPriorityGetFromISR), (56 bytes).
    Removing tasks.o(i.uxTaskResetEventItemValue), (28 bytes).
    Removing tasks.o(i.vTaskDelay), (52 bytes).
    Removing tasks.o(i.vTaskDelete), (204 bytes).
    Removing tasks.o(i.vTaskEndScheduler), (36 bytes).
    Removing tasks.o(i.vTaskGetInfo), (120 bytes).
    Removing tasks.o(i.vTaskNotifyGiveFromISR), (180 bytes).
    Removing tasks.o(i.vTaskPlaceOnUnorderedEventList), (44 bytes).
    Removing tasks.o(i.vTaskPrioritySet), (244 bytes).
    Removing tasks.o(i.vTaskResume), (120 bytes).
    Removing tasks.o(i.vTaskSetTaskNumber), (8 bytes).
    Removing tasks.o(i.vTaskSuspend), (188 bytes).
    Removing tasks.o(i.xTaskGenericNotify), (196 bytes).
    Removing tasks.o(i.xTaskGenericNotifyFromISR), (252 bytes).
    Removing tasks.o(i.xTaskGetCurrentTaskHandle), (12 bytes).
    Removing tasks.o(i.xTaskGetTickCountFromISR), (12 bytes).
    Removing tasks.o(i.xTaskNotifyStateClear), (52 bytes).
    Removing tasks.o(i.xTaskNotifyWait), (160 bytes).
    Removing tasks.o(i.xTaskRemoveFromUnorderedEventList), (112 bytes).
    Removing tasks.o(i.xTaskResumeFromISR), (152 bytes).
    Removing heap_2.o(i.vPortInitialiseBlocks), (2 bytes).
    Removing heap_2.o(i.xPortGetFreeHeapSize), (12 bytes).
    Removing port.o(i.vPortEndScheduler), (2 bytes).
    Removing fpu.o(i.FPUDisable), (16 bytes).
    Removing fpu.o(i.FPUFlushToZeroModeSet), (20 bytes).
    Removing fpu.o(i.FPUHalfPrecisionModeSet), (20 bytes).
    Removing fpu.o(i.FPUNaNModeSet), (20 bytes).
    Removing fpu.o(i.FPURoundingModeSet), (20 bytes).
    Removing fpu.o(i.FPUStackingDisable), (16 bytes).
    Removing fpu.o(i.FPUStackingEnable), (20 bytes).
    Removing sysctl.o(.emb_text), (6 bytes).
    Removing sysctl.o(i.SysCtlAltClkConfig), (12 bytes).
    Removing sysctl.o(i.SysCtlClockFreqSet), (712 bytes).
    Removing sysctl.o(i.SysCtlClockGet), (340 bytes).
    Removing sysctl.o(i.SysCtlClockOutConfig), (20 bytes).
    Removing sysctl.o(i.SysCtlClockSet), (288 bytes).
    Removing sysctl.o(i.SysCtlDeepSleep), (32 bytes).
    Removing sysctl.o(i.SysCtlDeepSleepClockConfigSet), (112 bytes).
    Removing sysctl.o(i.SysCtlDeepSleepClockSet), (12 bytes).
    Removing sysctl.o(i.SysCtlDeepSleepPowerSet), (12 bytes).
    Removing sysctl.o(i.SysCtlFlashSectorSizeGet), (56 bytes).
    Removing sysctl.o(i.SysCtlFlashSizeGet), (56 bytes).
    Removing sysctl.o(i.SysCtlGPIOAHBDisable), (28 bytes).
    Removing sysctl.o(i.SysCtlGPIOAHBEnable), (24 bytes).
    Removing sysctl.o(i.SysCtlIntClear), (12 bytes).
    Removing sysctl.o(i.SysCtlIntDisable), (16 bytes).
    Removing sysctl.o(i.SysCtlIntEnable), (16 bytes).
    Removing sysctl.o(i.SysCtlIntRegister), (20 bytes).
    Removing sysctl.o(i.SysCtlIntStatus), (16 bytes).
    Removing sysctl.o(i.SysCtlIntUnregister), (18 bytes).
    Removing sysctl.o(i.SysCtlLDODeepSleepGet), (12 bytes).
    Removing sysctl.o(i.SysCtlLDODeepSleepSet), (12 bytes).
    Removing sysctl.o(i.SysCtlLDOSleepGet), (12 bytes).
    Removing sysctl.o(i.SysCtlLDOSleepSet), (12 bytes).
    Removing sysctl.o(i.SysCtlMOSCConfigSet), (12 bytes).
    Removing sysctl.o(i.SysCtlNMIClear), (16 bytes).
    Removing sysctl.o(i.SysCtlNMIStatus), (12 bytes).
    Removing sysctl.o(i.SysCtlPIOSCCalibrate), (76 bytes).
    Removing sysctl.o(i.SysCtlPWMClockGet), (24 bytes).
    Removing sysctl.o(i.SysCtlPWMClockSet), (20 bytes).
    Removing sysctl.o(i.SysCtlPeripheralClockGating), (68 bytes).
    Removing sysctl.o(i.SysCtlPeripheralDeepSleepDisable), (40 bytes).
    Removing sysctl.o(i.SysCtlPeripheralDeepSleepEnable), (40 bytes).
    Removing sysctl.o(i.SysCtlPeripheralDisable), (40 bytes).
    Removing sysctl.o(i.SysCtlPeripheralEnable), (40 bytes).
    Removing sysctl.o(i.SysCtlPeripheralPowerOff), (40 bytes).
    Removing sysctl.o(i.SysCtlPeripheralPowerOn), (40 bytes).
    Removing sysctl.o(i.SysCtlPeripheralPresent), (44 bytes).
    Removing sysctl.o(i.SysCtlPeripheralReady), (44 bytes).
    Removing sysctl.o(i.SysCtlPeripheralReset), (60 bytes).
    Removing sysctl.o(i.SysCtlPeripheralSleepDisable), (40 bytes).
    Removing sysctl.o(i.SysCtlPeripheralSleepEnable), (40 bytes).
    Removing sysctl.o(i.SysCtlReset), (16 bytes).
    Removing sysctl.o(i.SysCtlResetBehaviorGet), (12 bytes).
    Removing sysctl.o(i.SysCtlResetBehaviorSet), (12 bytes).
    Removing sysctl.o(i.SysCtlResetCauseClear), (16 bytes).
    Removing sysctl.o(i.SysCtlResetCauseGet), (12 bytes).
    Removing sysctl.o(i.SysCtlSRAMSizeGet), (16 bytes).
    Removing sysctl.o(i.SysCtlSleep), (4 bytes).
    Removing sysctl.o(i.SysCtlSleepPowerSet), (12 bytes).
    Removing sysctl.o(i.SysCtlUSBPLLDisable), (16 bytes).
    Removing sysctl.o(i.SysCtlUSBPLLEnable), (16 bytes).
    Removing sysctl.o(i.SysCtlVoltageEventClear), (16 bytes).
    Removing sysctl.o(i.SysCtlVoltageEventConfig), (12 bytes).
    Removing sysctl.o(i.SysCtlVoltageEventStatus), (12 bytes).
    Removing sysctl.o(.constdata), (452 bytes).
    Removing cpu.o(.emb_text), (38 bytes).
    Removing interrupt.o(i.IntDisable), (100 bytes).
    Removing interrupt.o(i.IntEnable), (100 bytes).
    Removing interrupt.o(i.IntIsEnabled), (96 bytes).
    Removing interrupt.o(i.IntMasterDisable), (14 bytes).
    Removing interrupt.o(i.IntMasterEnable), (14 bytes).
    Removing interrupt.o(i.IntPendClear), (68 bytes).
    Removing interrupt.o(i.IntPendSet), (84 bytes).
    Removing interrupt.o(i.IntPriorityGet), (28 bytes).
    Removing interrupt.o(i.IntPriorityGroupingGet), (36 bytes).
    Removing interrupt.o(i.IntPriorityGroupingSet), (28 bytes).
    Removing interrupt.o(i.IntPriorityMaskGet), (4 bytes).
    Removing interrupt.o(i.IntPriorityMaskSet), (4 bytes).
    Removing interrupt.o(i.IntPrioritySet), (40 bytes).
    Removing interrupt.o(i.IntRegister), (52 bytes).
    Removing interrupt.o(i.IntTrigger), (12 bytes).
    Removing interrupt.o(i.IntUnregister), (20 bytes).
    Removing interrupt.o(i._IntDefaultHandler), (2 bytes).
    Removing interrupt.o(.constdata), (268 bytes).
    Removing interrupt.o(vtable), (620 bytes).
    Removing ffixul.o(.text), (44 bytes).

163 unused section(s) (total 10558 bytes) removed from the image.

==============================================================================

Image Symbol Table

    Local Symbols

    Symbol Name                              Value     Ov Type        Size  Object(Section)

    RESET                                    0x00000000   Section      644  startup_rvmdk.o(RESET)
    ../clib/microlib/init/entry.s            0x00000000   Number         0  entry9a.o ABSOLUTE
    ../clib/microlib/init/entry.s            0x00000000   Number         0  entry11b.o ABSOLUTE
    ../clib/microlib/init/entry.s            0x00000000   Number         0  entry9b.o ABSOLUTE
    ../clib/microlib/init/entry.s            0x00000000   Number         0  entry10a.o ABSOLUTE
    ../clib/microlib/init/entry.s            0x00000000   Number         0  entry2.o ABSOLUTE
    ../clib/microlib/init/entry.s            0x00000000   Number         0  entry11a.o ABSOLUTE
    ../clib/microlib/init/entry.s            0x00000000   Number         0  entry5.o ABSOLUTE
    ../clib/microlib/init/entry.s            0x00000000   Number         0  entry.o ABSOLUTE
    ../clib/microlib/init/entry.s            0x00000000   Number         0  entry7a.o ABSOLUTE
    ../clib/microlib/init/entry.s            0x00000000   Number         0  entry7b.o ABSOLUTE
    ../clib/microlib/init/entry.s            0x00000000   Number         0  entry8a.o ABSOLUTE
    ../clib/microlib/init/entry.s            0x00000000   Number         0  entry8b.o ABSOLUTE
    ../clib/microlib/init/entry.s            0x00000000   Number         0  entry10b.o ABSOLUTE
    ../clib/microlib/longlong.c              0x00000000   Number         0  llshl.o ABSOLUTE
    ../clib/microlib/string/memcpy.c         0x00000000   Number         0  memcpyb.o ABSOLUTE
    ../clib/microlib/string/memcpy.c         0x00000000   Number         0  memcpya.o ABSOLUTE
    ../clib/microlib/string/memset.c         0x00000000   Number         0  memseta.o ABSOLUTE
    ../clib/microlib/stubs.s                 0x00000000   Number         0  iusefp.o ABSOLUTE
    ../fplib/microlib/fpfix.c                0x00000000   Number         0  ffixul.o ABSOLUTE
    FreeRTOS\ARM_CM4F\port.c                 0x00000000   Number         0  port.o ABSOLUTE
    FreeRTOS\MemMang\heap_2.c                0x00000000   Number         0  heap_2.o ABSOLUTE
    FreeRTOS\\ARM_CM4F\\port.c               0x00000000   Number         0  port.o ABSOLUTE
    FreeRTOS\list.c                          0x00000000   Number         0  list.o ABSOLUTE
    FreeRTOS\queue.c                         0x00000000   Number         0  queue.o ABSOLUTE
    FreeRTOS\tasks.c                         0x00000000   Number         0  tasks.o ABSOLUTE
    Source\GPIO.c                            0x00000000   Number         0  gpio.o ABSOLUTE
    Source\PLL.c                             0x00000000   Number         0  pll.o ABSOLUTE
    Source\UART.c                            0x00000000   Number         0  uart.o ABSOLUTE
    Source\drivers\buttons.c                 0x00000000   Number         0  buttons.o ABSOLUTE
    Source\drivers\rgb.c                     0x00000000   Number         0  rgb.o ABSOLUTE
    Source\led_task.c                        0x00000000   Number         0  led_task.o ABSOLUTE
    Source\main.c                            0x00000000   Number         0  main.o ABSOLUTE
    Source\switch_task.c                     0x00000000   Number         0  switch_task.o ABSOLUTE
    Startup\startup_rvmdk.S                  0x00000000   Number         0  startup_rvmdk.o ABSOLUTE
    cpu.c                                    0x00000000   Number         0  cpu.o ABSOLUTE
    cpu.c                                    0x00000000   Number         0  cpu.o ABSOLUTE
    dc.s                                     0x00000000   Number         0  dc.o ABSOLUTE
    fpu.c                                    0x00000000   Number         0  fpu.o ABSOLUTE
    handlers.s                               0x00000000   Number         0  handlers.o ABSOLUTE
    init.s                                   0x00000000   Number         0  init.o ABSOLUTE
    interrupt.c                              0x00000000   Number         0  interrupt.o ABSOLUTE
    sysctl.c                                 0x00000000   Number         0  sysctl.o ABSOLUTE
    sysctl.c                                 0x00000000   Number         0  sysctl.o ABSOLUTE
    $v0                                      0x0000026c   Number         0  startup_rvmdk.o(RESET)
    .ARM.Collect$$$$00000000                 0x00000284   Section        0  entry.o(.ARM.Collect$$$$00000000)
    .ARM.Collect$$$$00000001                 0x00000284   Section        4  entry2.o(.ARM.Collect$$$$00000001)
    .ARM.Collect$$$$00000004                 0x00000288   Section        4  entry5.o(.ARM.Collect$$$$00000004)
    .ARM.Collect$$$$00000008                 0x0000028c   Section        0  entry7b.o(.ARM.Collect$$$$00000008)
    .ARM.Collect$$$$0000000A                 0x0000028c   Section        0  entry8b.o(.ARM.Collect$$$$0000000A)
    .ARM.Collect$$$$0000000B                 0x0000028c   Section        8  entry9a.o(.ARM.Collect$$$$0000000B)
    .ARM.Collect$$$$0000000D                 0x00000294   Section        0  entry10a.o(.ARM.Collect$$$$0000000D)
    .ARM.Collect$$$$0000000F                 0x00000294   Section        0  entry11a.o(.ARM.Collect$$$$0000000F)
    .ARM.Collect$$$$00002712                 0x00000294   Section        4  entry2.o(.ARM.Collect$$$$00002712)
    __lit__00000000                          0x00000294   Data           4  entry2.o(.ARM.Collect$$$$00002712)
    .emb_text                                0x00000298   Section      182  port.o(.emb_text)
    $v0                                      0x00000298   Number         0  port.o(.emb_text)
    .text                                    0x0000034e   Section        0  memcpya.o(.text)
    .text                                    0x00000372   Section        0  memseta.o(.text)
    .text                                    0x00000398   Section       36  init.o(.text)
    i.ButtonsInit                            0x000003bc   Section        0  buttons.o(i.ButtonsInit)
    i.ButtonsPoll                            0x0000042c   Section        0  buttons.o(i.ButtonsPoll)
    i.FPUEnable                              0x000004d4   Section        0  fpu.o(i.FPUEnable)
    i.FPULazyStackingEnable                  0x000004e4   Section        0  fpu.o(i.FPULazyStackingEnable)
    i.LEDTask                                0x000004f4   Section        0  led_task.o(i.LEDTask)
    LEDTask                                  0x000004f5   Thumb Code   228  led_task.o(i.LEDTask)
    i.LEDTaskInit                            0x00000630   Section        0  led_task.o(i.LEDTaskInit)
    i.PLL_Init_8MHz                          0x00000710   Section        0  pll.o(i.PLL_Init_8MHz)
    i.RGBColorSet                            0x0000078c   Section        0  rgb.o(i.RGBColorSet)
    i.RGBDisable                             0x00000824   Section        0  rgb.o(i.RGBDisable)
    i.RGBEnable                              0x00000890   Section        0  rgb.o(i.RGBEnable)
    i.RGBInit                                0x00000960   Section        0  rgb.o(i.RGBInit)
    i.RGBIntensitySet                        0x00000a6c   Section        0  rgb.o(i.RGBIntensitySet)
    i.SwitchTask                             0x00000a90   Section        0  switch_task.o(i.SwitchTask)
    SwitchTask                               0x00000a91   Thumb Code   170  switch_task.o(i.SwitchTask)
    i.SwitchTaskInit                         0x00000ba4   Section        0  switch_task.o(i.SwitchTaskInit)
    i.System_Init                            0x00000bec   Section        0  main.o(i.System_Init)
    i.UART_Init_9600bps                      0x00000c00   Section        0  uart.o(i.UART_Init_9600bps)
    i.UART_OutChar                           0x00000c94   Section        0  uart.o(i.UART_OutChar)
    i.UART_OutString                         0x00000cac   Section        0  uart.o(i.UART_OutString)
    i.UART_OutUDec                           0x00000cc2   Section        0  uart.o(i.UART_OutUDec)
    i.__scatterload_copy                     0x00000cec   Section       14  handlers.o(i.__scatterload_copy)
    i.__scatterload_null                     0x00000cfa   Section        2  handlers.o(i.__scatterload_null)
    i.__scatterload_zeroinit                 0x00000cfc   Section       14  handlers.o(i.__scatterload_zeroinit)
    i.main                                   0x00000d0c   Section        0  main.o(i.main)
    i.prvAddCurrentTaskToDelayedList         0x00000d64   Section        0  tasks.o(i.prvAddCurrentTaskToDelayedList)
    prvAddCurrentTaskToDelayedList           0x00000d65   Thumb Code   124  tasks.o(i.prvAddCurrentTaskToDelayedList)
    i.prvAddNewTaskToReadyList               0x00000dfc   Section        0  tasks.o(i.prvAddNewTaskToReadyList)
    prvAddNewTaskToReadyList                 0x00000dfd   Thumb Code   156  tasks.o(i.prvAddNewTaskToReadyList)
    i.prvCheckTasksWaitingTermination        0x00000eb4   Section        0  tasks.o(i.prvCheckTasksWaitingTermination)
    prvCheckTasksWaitingTermination          0x00000eb5   Thumb Code    86  tasks.o(i.prvCheckTasksWaitingTermination)
    i.prvCopyDataFromQueue                   0x00000f18   Section        0  queue.o(i.prvCopyDataFromQueue)
    prvCopyDataFromQueue                     0x00000f19   Thumb Code    42  queue.o(i.prvCopyDataFromQueue)
    i.prvCopyDataToQueue                     0x00000f42   Section        0  queue.o(i.prvCopyDataToQueue)
    prvCopyDataToQueue                       0x00000f43   Thumb Code   124  queue.o(i.prvCopyDataToQueue)
    i.prvDeleteTCB                           0x00000fbe   Section        0  tasks.o(i.prvDeleteTCB)
    prvDeleteTCB                             0x00000fbf   Thumb Code    18  tasks.o(i.prvDeleteTCB)
    i.prvHeapInit                            0x00000fd0   Section        0  heap_2.o(i.prvHeapInit)
    prvHeapInit                              0x00000fd1   Thumb Code    42  heap_2.o(i.prvHeapInit)
    i.prvIdleTask                            0x00001008   Section        0  tasks.o(i.prvIdleTask)
    prvIdleTask                              0x00001009   Thumb Code     8  tasks.o(i.prvIdleTask)
    i.prvInitialiseMutex                     0x00001010   Section        0  queue.o(i.prvInitialiseMutex)
    prvInitialiseMutex                       0x00001011   Thumb Code    28  queue.o(i.prvInitialiseMutex)
    i.prvInitialiseNewQueue                  0x0000102c   Section        0  queue.o(i.prvInitialiseNewQueue)
    prvInitialiseNewQueue                    0x0000102d   Thumb Code    42  queue.o(i.prvInitialiseNewQueue)
    i.prvInitialiseNewTask                   0x00001056   Section        0  tasks.o(i.prvInitialiseNewTask)
    prvInitialiseNewTask                     0x00001057   Thumb Code   144  tasks.o(i.prvInitialiseNewTask)
    i.prvInitialiseTaskLists                 0x000010e8   Section        0  tasks.o(i.prvInitialiseTaskLists)
    prvInitialiseTaskLists                   0x000010e9   Thumb Code    70  tasks.o(i.prvInitialiseTaskLists)
    i.prvIsQueueEmpty                        0x00001150   Section        0  queue.o(i.prvIsQueueEmpty)
    prvIsQueueEmpty                          0x00001151   Thumb Code    26  queue.o(i.prvIsQueueEmpty)
    i.prvIsQueueFull                         0x0000116a   Section        0  queue.o(i.prvIsQueueFull)
    prvIsQueueFull                           0x0000116b   Thumb Code    30  queue.o(i.prvIsQueueFull)
    i.prvResetNextTaskUnblockTime            0x00001188   Section        0  tasks.o(i.prvResetNextTaskUnblockTime)
    prvResetNextTaskUnblockTime              0x00001189   Thumb Code    42  tasks.o(i.prvResetNextTaskUnblockTime)
    i.prvTaskExitError                       0x000011bc   Section        0  port.o(i.prvTaskExitError)
    prvTaskExitError                         0x000011bd   Thumb Code    22  port.o(i.prvTaskExitError)
    i.prvUnlockQueue                         0x000011d2   Section        0  queue.o(i.prvUnlockQueue)
    prvUnlockQueue                           0x000011d3   Thumb Code   126  queue.o(i.prvUnlockQueue)
    i.pvPortMalloc                           0x00001250   Section        0  heap_2.o(i.pvPortMalloc)
    i.pvTaskIncrementMutexHeldCount          0x00001308   Section        0  tasks.o(i.pvTaskIncrementMutexHeldCount)
    i.pxPortInitialiseStack                  0x00001328   Section        0  port.o(i.pxPortInitialiseStack)
    i.uxListRemove                           0x00001354   Section        0  list.o(i.uxListRemove)
    i.vApplicationStackOverflowHook          0x0000137c   Section        0  main.o(i.vApplicationStackOverflowHook)
    i.vListInitialise                        0x00001380   Section        0  list.o(i.vListInitialise)
    i.vListInitialiseItem                    0x0000139a   Section        0  list.o(i.vListInitialiseItem)
    i.vListInsert                            0x000013a0   Section        0  list.o(i.vListInsert)
    i.vListInsertEnd                         0x000013d4   Section        0  list.o(i.vListInsertEnd)
    i.vPortEnterCritical                     0x000013ec   Section        0  port.o(i.vPortEnterCritical)
    i.vPortExitCritical                      0x00001410   Section        0  port.o(i.vPortExitCritical)
    i.vPortFree                              0x00001430   Section        0  heap_2.o(i.vPortFree)
    i.vPortSetupTimerInterrupt               0x00001470   Section        0  port.o(i.vPortSetupTimerInterrupt)
    i.vTaskDelayUntil                        0x00001480   Section        0  tasks.o(i.vTaskDelayUntil)
    i.vTaskMissedYield                       0x000014f4   Section        0  tasks.o(i.vTaskMissedYield)
    i.vTaskPlaceOnEventList                  0x00001500   Section        0  tasks.o(i.vTaskPlaceOnEventList)
    i.vTaskPriorityInherit                   0x00001520   Section        0  tasks.o(i.vTaskPriorityInherit)
    i.vTaskSetTimeOutState                   0x000015d0   Section        0  tasks.o(i.vTaskSetTimeOutState)
    i.vTaskStartScheduler                    0x000015e8   Section        0  tasks.o(i.vTaskStartScheduler)
    i.vTaskSuspendAll                        0x0000164c   Section        0  tasks.o(i.vTaskSuspendAll)
    i.vTaskSwitchContext                     0x0000165c   Section        0  tasks.o(i.vTaskSwitchContext)
    i.xPortStartScheduler                    0x000016f4   Section        0  port.o(i.xPortStartScheduler)
    i.xPortSysTickHandler                    0x0000173c   Section        0  port.o(i.xPortSysTickHandler)
    i.xQueueCreateMutex                      0x00001770   Section        0  queue.o(i.xQueueCreateMutex)
    i.xQueueGenericCreate                    0x00001792   Section        0  queue.o(i.xQueueGenericCreate)
    i.xQueueGenericReceive                   0x000017cc   Section        0  queue.o(i.xQueueGenericReceive)
    i.xQueueGenericReset                     0x00001928   Section        0  queue.o(i.xQueueGenericReset)
    i.xQueueGenericSend                      0x000019a8   Section        0  queue.o(i.xQueueGenericSend)
    i.xTaskCheckForTimeOut                   0x00001ac0   Section        0  tasks.o(i.xTaskCheckForTimeOut)
    i.xTaskCreate                            0x00001b1c   Section        0  tasks.o(i.xTaskCreate)
    i.xTaskGetTickCount                      0x00001b7c   Section        0  tasks.o(i.xTaskGetTickCount)
    i.xTaskIncrementTick                     0x00001b88   Section        0  tasks.o(i.xTaskIncrementTick)
    i.xTaskPriorityDisinherit                0x00001ca4   Section        0  tasks.o(i.xTaskPriorityDisinherit)
    i.xTaskRemoveFromEventList               0x00001d28   Section        0  tasks.o(i.xTaskRemoveFromEventList)
    i.xTaskResumeAll                         0x00001da8   Section        0  tasks.o(i.xTaskResumeAll)
    .data                                    0x20000000   Section        8  main.o(.data)
    .data                                    0x20000008   Section        5  led_task.o(.data)
    g_ui8ColorsIndx                          0x2000000c   Data           1  led_task.o(.data)
    .data                                    0x2000000d   Section        3  buttons.o(.data)
    g_ui8ButtonStates                        0x2000000d   Data           1  buttons.o(.data)
    ui8SwitchClockA                          0x2000000e   Data           1  buttons.o(.data)
    ui8SwitchClockB                          0x2000000f   Data           1  buttons.o(.data)
    .data                                    0x20000010   Section        8  rgb.o(.data)
    g_fIntensity                             0x20000010   Data           4  rgb.o(.data)
    ulFlags                                  0x20000014   Data           4  rgb.o(.data)
    .data                                    0x20000018   Section       60  tasks.o(.data)
    pxDelayedTaskList                        0x2000001c   Data           4  tasks.o(.data)
    pxOverflowDelayedTaskList                0x20000020   Data           4  tasks.o(.data)
    uxDeletedTasksWaitingCleanUp             0x20000024   Data           4  tasks.o(.data)
    uxCurrentNumberOfTasks                   0x20000028   Data           4  tasks.o(.data)
    xTickCount                               0x2000002c   Data           4  tasks.o(.data)
    uxTopReadyPriority                       0x20000030   Data           4  tasks.o(.data)
    xSchedulerRunning                        0x20000034   Data           4  tasks.o(.data)
    uxPendedTicks                            0x20000038   Data           4  tasks.o(.data)
    xYieldPending                            0x2000003c   Data           4  tasks.o(.data)
    xNumOfOverflows                          0x20000040   Data           4  tasks.o(.data)
    uxTaskNumber                             0x20000044   Data           4  tasks.o(.data)
    xNextTaskUnblockTime                     0x20000048   Data           4  tasks.o(.data)
    xIdleTaskHandle                          0x2000004c   Data           4  tasks.o(.data)
    uxSchedulerSuspended                     0x20000050   Data           4  tasks.o(.data)
    .data                                    0x20000054   Section       24  heap_2.o(.data)
    xStart                                   0x20000054   Data           8  heap_2.o(.data)
    xEnd                                     0x2000005c   Data           8  heap_2.o(.data)
    xFreeBytesRemaining                      0x20000064   Data           4  heap_2.o(.data)
    xHeapHasBeenInitialised                  0x20000068   Data           4  heap_2.o(.data)
    .data                                    0x2000006c   Section        4  port.o(.data)
    uxCriticalNesting                        0x2000006c   Data           4  port.o(.data)
    .bss                                     0x20000070   Section       12  led_task.o(.bss)
    g_pui32Colors                            0x20000070   Data          12  led_task.o(.bss)
    .bss                                     0x2000007c   Section       12  rgb.o(.bss)
    g_ui32Colors                             0x2000007c   Data          12  rgb.o(.bss)
    .bss                                     0x20000088   Section      420  tasks.o(.bss)
    pxReadyTasksLists                        0x20000088   Data         320  tasks.o(.bss)
    xDelayedTaskList1                        0x200001c8   Data          20  tasks.o(.bss)
    xDelayedTaskList2                        0x200001dc   Data          20  tasks.o(.bss)
    xPendingReadyList                        0x200001f0   Data          20  tasks.o(.bss)
    xTasksWaitingTermination                 0x20000204   Data          20  tasks.o(.bss)
    xSuspendedTaskList                       0x20000218   Data          20  tasks.o(.bss)
    .bss                                     0x2000022c   Section    30000  heap_2.o(.bss)
    ucHeap                                   0x2000022c   Data       30000  heap_2.o(.bss)
    STACK                                    0x20007760   Section      512  startup_rvmdk.o(STACK)
    StackMem                                 0x20007760   Data           0  startup_rvmdk.o(STACK)

    Global Symbols

    Symbol Name                              Value     Ov Type        Size  Object(Section)

    BuildAttributes$$THM_ISAv4$E$P$D$K$B$S$7EM$VFPi3$EXTD16$VFPS$VFMA$PE$A:L22UL41UL21$X:L11$S22US41US21$IEEE1$IW$USESV6$~STKCKD$USESV7$~SHL$OTIME$ROPI$EBA8$MICROLIB$REQ8$PRES8$EABIv2 0x00000000   Number         0  anon$$obj.o ABSOLUTE
    __ARM_use_no_argv                        0x00000000   Number         0  main.o ABSOLUTE
    __Vectors                                0x00000000   Data           0  startup_rvmdk.o(RESET)
    __cpp_initialize__aeabi_                  - Undefined Weak Reference
    __cxa_finalize                            - Undefined Weak Reference
    __decompress                              - Undefined Weak Reference
    _clock_init                               - Undefined Weak Reference
    _microlib_exit                            - Undefined Weak Reference
    Reset_Handler                            0x0000026d   Thumb Code     0  startup_rvmdk.o(RESET)
    NMI_Handler                              0x00000271   Thumb Code     2  startup_rvmdk.o(RESET)
    HardFault_Handler                        0x00000273   Thumb Code     2  startup_rvmdk.o(RESET)
    MemManage_Handler                        0x00000275   Thumb Code     2  startup_rvmdk.o(RESET)
    BusFault_Handler                         0x00000277   Thumb Code     2  startup_rvmdk.o(RESET)
    UsageFault_Handler                       0x00000279   Thumb Code     2  startup_rvmdk.o(RESET)
    DebugMon_Handler                         0x0000027d   Thumb Code     2  startup_rvmdk.o(RESET)
    ADC0Seq0_Handler                         0x00000283   Thumb Code     0  startup_rvmdk.o(RESET)
    ADC0Seq1_Handler                         0x00000283   Thumb Code     0  startup_rvmdk.o(RESET)
    ADC0Seq2_Handler                         0x00000283   Thumb Code     0  startup_rvmdk.o(RESET)
    ADC0Seq3_Handler                         0x00000283   Thumb Code     0  startup_rvmdk.o(RESET)
    ADC1Seq0_Handler                         0x00000283   Thumb Code     0  startup_rvmdk.o(RESET)
    ADC1Seq1_Handler                         0x00000283   Thumb Code     0  startup_rvmdk.o(RESET)
    ADC1Seq2_Handler                         0x00000283   Thumb Code     0  startup_rvmdk.o(RESET)
    ADC1Seq3_Handler                         0x00000283   Thumb Code     0  startup_rvmdk.o(RESET)
    CAN0_Handler                             0x00000283   Thumb Code     0  startup_rvmdk.o(RESET)
    CAN1_Handler                             0x00000283   Thumb Code     0  startup_rvmdk.o(RESET)
    CAN2_Handler                             0x00000283   Thumb Code     0  startup_rvmdk.o(RESET)
    Comp0_Handler                            0x00000283   Thumb Code     0  startup_rvmdk.o(RESET)
    Comp1_Handler                            0x00000283   Thumb Code     0  startup_rvmdk.o(RESET)
    Comp2_Handler                            0x00000283   Thumb Code     0  startup_rvmdk.o(RESET)
    Ethernet_Handler                         0x00000283   Thumb Code     0  startup_rvmdk.o(RESET)
    ExtBus_Handler                           0x00000283   Thumb Code     0  startup_rvmdk.o(RESET)
    FPU_Handler                              0x00000283   Thumb Code     0  startup_rvmdk.o(RESET)
    Fan0_Handler                             0x00000283   Thumb Code     0  startup_rvmdk.o(RESET)
    FlashCtl_Handler                         0x00000283   Thumb Code     0  startup_rvmdk.o(RESET)
    GPIOPortA_Handler                        0x00000283   Thumb Code     0  startup_rvmdk.o(RESET)
    GPIOPortB_Handler                        0x00000283   Thumb Code     0  startup_rvmdk.o(RESET)
    GPIOPortC_Handler                        0x00000283   Thumb Code     0  startup_rvmdk.o(RESET)
    GPIOPortD_Handler                        0x00000283   Thumb Code     0  startup_rvmdk.o(RESET)
    GPIOPortE_Handler                        0x00000283   Thumb Code     0  startup_rvmdk.o(RESET)
    GPIOPortF_Handler                        0x00000283   Thumb Code     0  startup_rvmdk.o(RESET)
    GPIOPortG_Handler                        0x00000283   Thumb Code     0  startup_rvmdk.o(RESET)
    GPIOPortH_Handler                        0x00000283   Thumb Code     0  startup_rvmdk.o(RESET)
    GPIOPortJ_Handler                        0x00000283   Thumb Code     0  startup_rvmdk.o(RESET)
    GPIOPortK_Handler                        0x00000283   Thumb Code     0  startup_rvmdk.o(RESET)
    GPIOPortL_Handler                        0x00000283   Thumb Code     0  startup_rvmdk.o(RESET)
    GPIOPortM_Handler                        0x00000283   Thumb Code     0  startup_rvmdk.o(RESET)
    GPIOPortN_Handler                        0x00000283   Thumb Code     0  startup_rvmdk.o(RESET)
    GPIOPortP1_Handler                       0x00000283   Thumb Code     0  startup_rvmdk.o(RESET)
    GPIOPortP2_Handler                       0x00000283   Thumb Code     0  startup_rvmdk.o(RESET)
    GPIOPortP3_Handler                       0x00000283   Thumb Code     0  startup_rvmdk.o(RESET)
    GPIOPortP4_Handler                       0x00000283   Thumb Code     0  startup_rvmdk.o(RESET)
    GPIOPortP5_Handler                       0x00000283   Thumb Code     0  startup_rvmdk.o(RESET)
    GPIOPortP6_Handler                       0x00000283   Thumb Code     0  startup_rvmdk.o(RESET)
    GPIOPortP7_Handler                       0x00000283   Thumb Code     0  startup_rvmdk.o(RESET)
    GPIOPortP_Handler                        0x00000283   Thumb Code     0  startup_rvmdk.o(RESET)
    GPIOPortQ1_Handler                       0x00000283   Thumb Code     0  startup_rvmdk.o(RESET)
    GPIOPortQ2_Handler                       0x00000283   Thumb Code     0  startup_rvmdk.o(RESET)
    GPIOPortQ3_Handler                       0x00000283   Thumb Code     0  startup_rvmdk.o(RESET)
    GPIOPortQ4_Handler                       0x00000283   Thumb Code     0  startup_rvmdk.o(RESET)
    GPIOPortQ5_Handler                       0x00000283   Thumb Code     0  startup_rvmdk.o(RESET)
    GPIOPortQ6_Handler                       0x00000283   Thumb Code     0  startup_rvmdk.o(RESET)
    GPIOPortQ7_Handler                       0x00000283   Thumb Code     0  startup_rvmdk.o(RESET)
    GPIOPortQ_Handler                        0x00000283   Thumb Code     0  startup_rvmdk.o(RESET)
    GPIOPortR_Handler                        0x00000283   Thumb Code     0  startup_rvmdk.o(RESET)
    GPIOPortS_Handler                        0x00000283   Thumb Code     0  startup_rvmdk.o(RESET)
    Hibernate_Handler                        0x00000283   Thumb Code     0  startup_rvmdk.o(RESET)
    I2C0_Handler                             0x00000283   Thumb Code     0  startup_rvmdk.o(RESET)
    I2C1_Handler                             0x00000283   Thumb Code     0  startup_rvmdk.o(RESET)
    I2C2_Handler                             0x00000283   Thumb Code     0  startup_rvmdk.o(RESET)
    I2C3_Handler                             0x00000283   Thumb Code     0  startup_rvmdk.o(RESET)
    I2C4_Handler                             0x00000283   Thumb Code     0  startup_rvmdk.o(RESET)
    I2C5_Handler                             0x00000283   Thumb Code     0  startup_rvmdk.o(RESET)
    I2S0_Handler                             0x00000283   Thumb Code     0  startup_rvmdk.o(RESET)
    LPC0_Handler                             0x00000283   Thumb Code     0  startup_rvmdk.o(RESET)
    PECI0_Handler                            0x00000283   Thumb Code     0  startup_rvmdk.o(RESET)
    PWM0Fault_Handler                        0x00000283   Thumb Code     0  startup_rvmdk.o(RESET)
    PWM0Generator0_Handler                   0x00000283   Thumb Code     0  startup_rvmdk.o(RESET)
    PWM0Generator1_Handler                   0x00000283   Thumb Code     0  startup_rvmdk.o(RESET)
    PWM0Generator2_Handler                   0x00000283   Thumb Code     0  startup_rvmdk.o(RESET)
    PWM0Generator3_Handler                   0x00000283   Thumb Code     0  startup_rvmdk.o(RESET)
    PWM1Fault_Handler                        0x00000283   Thumb Code     0  startup_rvmdk.o(RESET)
    PWM1Generator0_Handler                   0x00000283   Thumb Code     0  startup_rvmdk.o(RESET)
    PWM1Generator1_Handler                   0x00000283   Thumb Code     0  startup_rvmdk.o(RESET)
    PWM1Generator2_Handler                   0x00000283   Thumb Code     0  startup_rvmdk.o(RESET)
    PWM1Generator3_Handler                   0x00000283   Thumb Code     0  startup_rvmdk.o(RESET)
    Quadrature0_Handler                      0x00000283   Thumb Code     0  startup_rvmdk.o(RESET)
    Quadrature1_Handler                      0x00000283   Thumb Code     0  startup_rvmdk.o(RESET)
    Quadrature2_Handler                      0x00000283   Thumb Code     0  startup_rvmdk.o(RESET)
    SSI0_Handler                             0x00000283   Thumb Code     0  startup_rvmdk.o(RESET)
    SSI1_Handler                             0x00000283   Thumb Code     0  startup_rvmdk.o(RESET)
    SSI2_Handler                             0x00000283   Thumb Code     0  startup_rvmdk.o(RESET)
    SSI3_Handler                             0x00000283   Thumb Code     0  startup_rvmdk.o(RESET)
    SysCtl_Handler                           0x00000283   Thumb Code     0  startup_rvmdk.o(RESET)
    Timer0A_Handler                          0x00000283   Thumb Code     0  startup_rvmdk.o(RESET)
    Timer0B_Handler                          0x00000283   Thumb Code     0  startup_rvmdk.o(RESET)
    Timer1A_Handler                          0x00000283   Thumb Code     0  startup_rvmdk.o(RESET)
    Timer1B_Handler                          0x00000283   Thumb Code     0  startup_rvmdk.o(RESET)
    Timer2A_Handler                          0x00000283   Thumb Code     0  startup_rvmdk.o(RESET)
    Timer2B_Handler                          0x00000283   Thumb Code     0  startup_rvmdk.o(RESET)
    Timer3A_Handler                          0x00000283   Thumb Code     0  startup_rvmdk.o(RESET)
    Timer3B_Handler                          0x00000283   Thumb Code     0  startup_rvmdk.o(RESET)
    Timer4A_Handler                          0x00000283   Thumb Code     0  startup_rvmdk.o(RESET)
    Timer4B_Handler                          0x00000283   Thumb Code     0  startup_rvmdk.o(RESET)
    Timer5A_Handler                          0x00000283   Thumb Code     0  startup_rvmdk.o(RESET)
    Timer5B_Handler                          0x00000283   Thumb Code     0  startup_rvmdk.o(RESET)
    UART0_Handler                            0x00000283   Thumb Code     0  startup_rvmdk.o(RESET)
    UART1_Handler                            0x00000283   Thumb Code     0  startup_rvmdk.o(RESET)
    UART2_Handler                            0x00000283   Thumb Code     0  startup_rvmdk.o(RESET)
    UART3_Handler                            0x00000283   Thumb Code     0  startup_rvmdk.o(RESET)
    UART4_Handler                            0x00000283   Thumb Code     0  startup_rvmdk.o(RESET)
    UART5_Handler                            0x00000283   Thumb Code     0  startup_rvmdk.o(RESET)
    UART6_Handler                            0x00000283   Thumb Code     0  startup_rvmdk.o(RESET)
    UART7_Handler                            0x00000283   Thumb Code     0  startup_rvmdk.o(RESET)
    USB0_Handler                             0x00000283   Thumb Code     0  startup_rvmdk.o(RESET)
    WDT_Handler                              0x00000283   Thumb Code     0  startup_rvmdk.o(RESET)
    WideTimer0A_Handler                      0x00000283   Thumb Code     0  startup_rvmdk.o(RESET)
    WideTimer0B_Handler                      0x00000283   Thumb Code     0  startup_rvmdk.o(RESET)
    WideTimer1A_Handler                      0x00000283   Thumb Code     0  startup_rvmdk.o(RESET)
    WideTimer1B_Handler                      0x00000283   Thumb Code     0  startup_rvmdk.o(RESET)
    WideTimer2A_Handler                      0x00000283   Thumb Code     0  startup_rvmdk.o(RESET)
    WideTimer2B_Handler                      0x00000283   Thumb Code     0  startup_rvmdk.o(RESET)
    WideTimer3A_Handler                      0x00000283   Thumb Code     0  startup_rvmdk.o(RESET)
    WideTimer3B_Handler                      0x00000283   Thumb Code     0  startup_rvmdk.o(RESET)
    WideTimer4A_Handler                      0x00000283   Thumb Code     0  startup_rvmdk.o(RESET)
    WideTimer4B_Handler                      0x00000283   Thumb Code     0  startup_rvmdk.o(RESET)
    WideTimer5A_Handler                      0x00000283   Thumb Code     0  startup_rvmdk.o(RESET)
    WideTimer5B_Handler                      0x00000283   Thumb Code     0  startup_rvmdk.o(RESET)
    uDMA_Error                               0x00000283   Thumb Code     0  startup_rvmdk.o(RESET)
    uDMA_Handler                             0x00000283   Thumb Code     0  startup_rvmdk.o(RESET)
    __main                                   0x00000285   Thumb Code     0  entry.o(.ARM.Collect$$$$00000000)
    _main_stk                                0x00000285   Thumb Code     0  entry2.o(.ARM.Collect$$$$00000001)
    _main_scatterload                        0x00000289   Thumb Code     0  entry5.o(.ARM.Collect$$$$00000004)
    __main_after_scatterload                 0x0000028d   Thumb Code     0  entry5.o(.ARM.Collect$$$$00000004)
    _main_clock                              0x0000028d   Thumb Code     0  entry7b.o(.ARM.Collect$$$$00000008)
    _main_cpp_init                           0x0000028d   Thumb Code     0  entry8b.o(.ARM.Collect$$$$0000000A)
    _main_init                               0x0000028d   Thumb Code     0  entry9a.o(.ARM.Collect$$$$0000000B)
    __rt_final_cpp                           0x00000295   Thumb Code     0  entry10a.o(.ARM.Collect$$$$0000000D)
    __rt_final_exit                          0x00000295   Thumb Code     0  entry11a.o(.ARM.Collect$$$$0000000F)
    vPortSVCHandler                          0x00000299   Thumb Code    28  port.o(.emb_text)
    __asm___6_port_c_39a90d8d__prvStartFirstTask 0x000002b9   Thumb Code    28  port.o(.emb_text)
    __asm___6_port_c_39a90d8d__prvEnableVFP  0x000002d9   Thumb Code    16  port.o(.emb_text)
    xPortPendSVHandler                       0x000002ed   Thumb Code    88  port.o(.emb_text)
    vPortGetIPSR                             0x00000349   Thumb Code     6  port.o(.emb_text)
    __aeabi_memcpy                           0x0000034f   Thumb Code    36  memcpya.o(.text)
    __aeabi_memcpy4                          0x0000034f   Thumb Code     0  memcpya.o(.text)
    __aeabi_memcpy8                          0x0000034f   Thumb Code     0  memcpya.o(.text)
    __aeabi_memset                           0x00000373   Thumb Code    14  memseta.o(.text)
    __aeabi_memset4                          0x00000373   Thumb Code     0  memseta.o(.text)
    __aeabi_memset8                          0x00000373   Thumb Code     0  memseta.o(.text)
    __aeabi_memclr                           0x00000381   Thumb Code     4  memseta.o(.text)
    __aeabi_memclr4                          0x00000381   Thumb Code     0  memseta.o(.text)
    __aeabi_memclr8                          0x00000381   Thumb Code     0  memseta.o(.text)
    _memset$wrapper                          0x00000385   Thumb Code    18  memseta.o(.text)
    __scatterload                            0x00000399   Thumb Code    28  init.o(.text)
    __scatterload_rt2                        0x00000399   Thumb Code     0  init.o(.text)
    ButtonsInit                              0x000003bd   Thumb Code    92  buttons.o(i.ButtonsInit)
    ButtonsPoll                              0x0000042d   Thumb Code   152  buttons.o(i.ButtonsPoll)
    FPUEnable                                0x000004d5   Thumb Code    12  fpu.o(i.FPUEnable)
    FPULazyStackingEnable                    0x000004e5   Thumb Code    12  fpu.o(i.FPULazyStackingEnable)
    LEDTaskInit                              0x00000631   Thumb Code   128  led_task.o(i.LEDTaskInit)
    PLL_Init_8MHz                            0x00000711   Thumb Code   120  pll.o(i.PLL_Init_8MHz)
    RGBColorSet                              0x0000078d   Thumb Code   134  rgb.o(i.RGBColorSet)
    RGBDisable                               0x00000825   Thumb Code    94  rgb.o(i.RGBDisable)
    RGBEnable                                0x00000891   Thumb Code   184  rgb.o(i.RGBEnable)
    RGBInit                                  0x00000961   Thumb Code   238  rgb.o(i.RGBInit)
    RGBIntensitySet                          0x00000a6d   Thumb Code    28  rgb.o(i.RGBIntensitySet)
    SwitchTaskInit                           0x00000ba5   Thumb Code    50  switch_task.o(i.SwitchTaskInit)
    System_Init                              0x00000bed   Thumb Code    20  main.o(i.System_Init)
    UART_Init_9600bps                        0x00000c01   Thumb Code   126  uart.o(i.UART_Init_9600bps)
    UART_OutChar                             0x00000c95   Thumb Code    20  uart.o(i.UART_OutChar)
    UART_OutString                           0x00000cad   Thumb Code    22  uart.o(i.UART_OutString)
    UART_OutUDec                             0x00000cc3   Thumb Code    42  uart.o(i.UART_OutUDec)
    __scatterload_copy                       0x00000ced   Thumb Code    14  handlers.o(i.__scatterload_copy)
    __scatterload_null                       0x00000cfb   Thumb Code     2  handlers.o(i.__scatterload_null)
    __scatterload_zeroinit                   0x00000cfd   Thumb Code    14  handlers.o(i.__scatterload_zeroinit)
    main                                     0x00000d0d   Thumb Code    48  main.o(i.main)
    pvPortMalloc                             0x00001251   Thumb Code   166  heap_2.o(i.pvPortMalloc)
    pvTaskIncrementMutexHeldCount            0x00001309   Thumb Code    26  tasks.o(i.pvTaskIncrementMutexHeldCount)
    pxPortInitialiseStack                    0x00001329   Thumb Code    38  port.o(i.pxPortInitialiseStack)
    uxListRemove                             0x00001355   Thumb Code    40  list.o(i.uxListRemove)
    vApplicationStackOverflowHook            0x0000137d   Thumb Code     4  main.o(i.vApplicationStackOverflowHook)
    vListInitialise                          0x00001381   Thumb Code    26  list.o(i.vListInitialise)
    vListInitialiseItem                      0x0000139b   Thumb Code     6  list.o(i.vListInitialiseItem)
    vListInsert                              0x000013a1   Thumb Code    52  list.o(i.vListInsert)
    vListInsertEnd                           0x000013d5   Thumb Code    24  list.o(i.vListInsertEnd)
    vPortEnterCritical                       0x000013ed   Thumb Code    30  port.o(i.vPortEnterCritical)
    vPortExitCritical                        0x00001411   Thumb Code    28  port.o(i.vPortExitCritical)
    vPortFree                                0x00001431   Thumb Code    56  heap_2.o(i.vPortFree)
    vPortSetupTimerInterrupt                 0x00001471   Thumb Code    16  port.o(i.vPortSetupTimerInterrupt)
    vTaskDelayUntil                          0x00001481   Thumb Code   106  tasks.o(i.vTaskDelayUntil)
    vTaskMissedYield                         0x000014f5   Thumb Code     8  tasks.o(i.vTaskMissedYield)
    vTaskPlaceOnEventList                    0x00001501   Thumb Code    28  tasks.o(i.vTaskPlaceOnEventList)
    vTaskPriorityInherit                     0x00001521   Thumb Code   164  tasks.o(i.vTaskPriorityInherit)
    vTaskSetTimeOutState                     0x000015d1   Thumb Code    14  tasks.o(i.vTaskSetTimeOutState)
    vTaskStartScheduler                      0x000015e9   Thumb Code    72  tasks.o(i.vTaskStartScheduler)
    vTaskSuspendAll                          0x0000164d   Thumb Code    12  tasks.o(i.vTaskSuspendAll)
    vTaskSwitchContext                       0x0000165d   Thumb Code   132  tasks.o(i.vTaskSwitchContext)
    xPortStartScheduler                      0x000016f5   Thumb Code    58  port.o(i.xPortStartScheduler)
    xPortSysTickHandler                      0x0000173d   Thumb Code    46  port.o(i.xPortSysTickHandler)
    xQueueCreateMutex                        0x00001771   Thumb Code    34  queue.o(i.xQueueCreateMutex)
    xQueueGenericCreate                      0x00001793   Thumb Code    56  queue.o(i.xQueueGenericCreate)
    xQueueGenericReceive                     0x000017cd   Thumb Code   342  queue.o(i.xQueueGenericReceive)
    xQueueGenericReset                       0x00001929   Thumb Code   122  queue.o(i.xQueueGenericReset)
    xQueueGenericSend                        0x000019a9   Thumb Code   276  queue.o(i.xQueueGenericSend)
    xTaskCheckForTimeOut                     0x00001ac1   Thumb Code    84  tasks.o(i.xTaskCheckForTimeOut)
    xTaskCreate                              0x00001b1d   Thumb Code    96  tasks.o(i.xTaskCreate)
    xTaskGetTickCount                        0x00001b7d   Thumb Code     6  tasks.o(i.xTaskGetTickCount)
    xTaskIncrementTick                       0x00001b89   Thumb Code   238  tasks.o(i.xTaskIncrementTick)
    xTaskPriorityDisinherit                  0x00001ca5   Thumb Code   122  tasks.o(i.xTaskPriorityDisinherit)
    xTaskRemoveFromEventList                 0x00001d29   Thumb Code   104  tasks.o(i.xTaskRemoveFromEventList)
    xTaskResumeAll                           0x00001da9   Thumb Code   196  tasks.o(i.xTaskResumeAll)
    Region$$Table$$Base                      0x00001e90   Number         0  anon$$obj.o(Region$$Table)
    Region$$Table$$Limit                     0x00001eb0   Number         0  anon$$obj.o(Region$$Table)
    i                                        0x20000000   Data           4  main.o(.data)
    g_pUARTSemaphore                         0x20000004   Data           4  main.o(.data)
    g_pLEDQueue                              0x20000008   Data           4  led_task.o(.data)
    pxCurrentTCB                             0x20000018   Data           4  tasks.o(.data)
    __initial_sp                             0x20007960   Data           0  startup_rvmdk.o(STACK)



==============================================================================

Memory Map of the image

  Image Entry point : 0x00000285

  Load Region LR_IROM1 (Base: 0x00000000, Size: 0x00001f20, Max: 0x00040000, ABSOLUTE)

    Execution Region ER_IROM1 (Base: 0x00000000, Size: 0x00001eb0, Max: 0x00040000, ABSOLUTE)

    Base Addr    Size         Type   Attr      Idx    E Section Name        Object

    0x00000000   0x00000284   Code   RO            3    RESET               startup_rvmdk.o
    0x00000284   0x00000000   Code   RO         1692  * .ARM.Collect$$$$00000000  mc_w.l(entry.o)
    0x00000284   0x00000004   Code   RO         1703    .ARM.Collect$$$$00000001  mc_w.l(entry2.o)
    0x00000288   0x00000004   Code   RO         1706    .ARM.Collect$$$$00000004  mc_w.l(entry5.o)
    0x0000028c   0x00000000   Code   RO         1708    .ARM.Collect$$$$00000008  mc_w.l(entry7b.o)
    0x0000028c   0x00000000   Code   RO         1710    .ARM.Collect$$$$0000000A  mc_w.l(entry8b.o)
    0x0000028c   0x00000008   Code   RO         1711    .ARM.Collect$$$$0000000B  mc_w.l(entry9a.o)
    0x00000294   0x00000000   Code   RO         1713    .ARM.Collect$$$$0000000D  mc_w.l(entry10a.o)
    0x00000294   0x00000000   Code   RO         1715    .ARM.Collect$$$$0000000F  mc_w.l(entry11a.o)
    0x00000294   0x00000004   Code   RO         1704    .ARM.Collect$$$$00002712  mc_w.l(entry2.o)
    0x00000298   0x000000b6   Code   RO         1069    .emb_text           port.o
    0x0000034e   0x00000024   Code   RO         1695    .text               mc_w.l(memcpya.o)
    0x00000372   0x00000024   Code   RO         1697    .text               mc_w.l(memseta.o)
    0x00000396   0x00000002   PAD
    0x00000398   0x00000024   Code   RO         1720    .text               mc_w.l(init.o)
    0x000003bc   0x00000070   Code   RO          341    i.ButtonsInit       buttons.o
    0x0000042c   0x000000a8   Code   RO          342    i.ButtonsPoll       buttons.o
    0x000004d4   0x00000010   Code   RO         1141    i.FPUEnable         driverlib.lib(fpu.o)
    0x000004e4   0x00000010   Code   RO         1144    i.FPULazyStackingEnable  driverlib.lib(fpu.o)
    0x000004f4   0x0000013c   Code   RO          277    i.LEDTask           led_task.o
    0x00000630   0x000000e0   Code   RO          278    i.LEDTaskInit       led_task.o
    0x00000710   0x0000007c   Code   RO          110    i.PLL_Init_8MHz     pll.o
    0x0000078c   0x00000098   Code   RO          370    i.RGBColorSet       rgb.o
    0x00000824   0x0000006c   Code   RO          371    i.RGBDisable        rgb.o
    0x00000890   0x000000d0   Code   RO          372    i.RGBEnable         rgb.o
    0x00000960   0x0000010c   Code   RO          373    i.RGBInit           rgb.o
    0x00000a6c   0x00000024   Code   RO          374    i.RGBIntensitySet   rgb.o
    0x00000a90   0x00000114   Code   RO          317    i.SwitchTask        switch_task.o
    0x00000ba4   0x00000048   Code   RO          318    i.SwitchTaskInit    switch_task.o
    0x00000bec   0x00000014   Code   RO           12    i.System_Init       main.o
    0x00000c00   0x00000094   Code   RO          198    i.UART_Init_9600bps  uart.o
    0x00000c94   0x00000018   Code   RO          199    i.UART_OutChar      uart.o
    0x00000cac   0x00000016   Code   RO          202    i.UART_OutString    uart.o
    0x00000cc2   0x0000002a   Code   RO          203    i.UART_OutUDec      uart.o
    0x00000cec   0x0000000e   Code   RO         1724    i.__scatterload_copy  mc_w.l(handlers.o)
    0x00000cfa   0x00000002   Code   RO         1725    i.__scatterload_null  mc_w.l(handlers.o)
    0x00000cfc   0x0000000e   Code   RO         1726    i.__scatterload_zeroinit  mc_w.l(handlers.o)
    0x00000d0a   0x00000002   PAD
    0x00000d0c   0x00000058   Code   RO           13    i.main              main.o
    0x00000d64   0x00000098   Code   RO          686    i.prvAddCurrentTaskToDelayedList  tasks.o
    0x00000dfc   0x000000b8   Code   RO          687    i.prvAddNewTaskToReadyList  tasks.o
    0x00000eb4   0x00000064   Code   RO          688    i.prvCheckTasksWaitingTermination  tasks.o
    0x00000f18   0x0000002a   Code   RO          488    i.prvCopyDataFromQueue  queue.o
    0x00000f42   0x0000007c   Code   RO          489    i.prvCopyDataToQueue  queue.o
    0x00000fbe   0x00000012   Code   RO          689    i.prvDeleteTCB      tasks.o
    0x00000fd0   0x00000038   Code   RO         1031    i.prvHeapInit       heap_2.o
    0x00001008   0x00000008   Code   RO          690    i.prvIdleTask       tasks.o
    0x00001010   0x0000001c   Code   RO          490    i.prvInitialiseMutex  queue.o
    0x0000102c   0x0000002a   Code   RO          491    i.prvInitialiseNewQueue  queue.o
    0x00001056   0x00000090   Code   RO          691    i.prvInitialiseNewTask  tasks.o
    0x000010e6   0x00000002   PAD
    0x000010e8   0x00000068   Code   RO          692    i.prvInitialiseTaskLists  tasks.o
    0x00001150   0x0000001a   Code   RO          492    i.prvIsQueueEmpty   queue.o
    0x0000116a   0x0000001e   Code   RO          493    i.prvIsQueueFull    queue.o
    0x00001188   0x00000034   Code   RO          694    i.prvResetNextTaskUnblockTime  tasks.o
    0x000011bc   0x00000016   Code   RO         1070    i.prvTaskExitError  port.o
    0x000011d2   0x0000007e   Code   RO          494    i.prvUnlockQueue    queue.o
    0x00001250   0x000000b8   Code   RO         1032    i.pvPortMalloc      heap_2.o
    0x00001308   0x00000020   Code   RO          697    i.pvTaskIncrementMutexHeldCount  tasks.o
    0x00001328   0x0000002c   Code   RO         1071    i.pxPortInitialiseStack  port.o
    0x00001354   0x00000028   Code   RO          442    i.uxListRemove      list.o
    0x0000137c   0x00000004   Code   RO           14    i.vApplicationStackOverflowHook  main.o
    0x00001380   0x0000001a   Code   RO          443    i.vListInitialise   list.o
    0x0000139a   0x00000006   Code   RO          444    i.vListInitialiseItem  list.o
    0x000013a0   0x00000034   Code   RO          445    i.vListInsert       list.o
    0x000013d4   0x00000018   Code   RO          446    i.vListInsertEnd    list.o
    0x000013ec   0x00000024   Code   RO         1073    i.vPortEnterCritical  port.o
    0x00001410   0x00000020   Code   RO         1074    i.vPortExitCritical  port.o
    0x00001430   0x00000040   Code   RO         1033    i.vPortFree         heap_2.o
    0x00001470   0x00000010   Code   RO         1075    i.vPortSetupTimerInterrupt  port.o
    0x00001480   0x00000074   Code   RO          707    i.vTaskDelayUntil   tasks.o
    0x000014f4   0x0000000c   Code   RO          711    i.vTaskMissedYield  tasks.o
    0x00001500   0x00000020   Code   RO          713    i.vTaskPlaceOnEventList  tasks.o
    0x00001520   0x000000b0   Code   RO          715    i.vTaskPriorityInherit  tasks.o
    0x000015d0   0x00000018   Code   RO          719    i.vTaskSetTimeOutState  tasks.o
    0x000015e8   0x00000064   Code   RO          720    i.vTaskStartScheduler  tasks.o
    0x0000164c   0x00000010   Code   RO          722    i.vTaskSuspendAll   tasks.o
    0x0000165c   0x00000098   Code   RO          723    i.vTaskSwitchContext  tasks.o
    0x000016f4   0x00000048   Code   RO         1076    i.xPortStartScheduler  port.o
    0x0000173c   0x00000034   Code   RO         1077    i.xPortSysTickHandler  port.o
    0x00001770   0x00000022   Code   RO          504    i.xQueueCreateMutex  queue.o
    0x00001792   0x00000038   Code   RO          505    i.xQueueGenericCreate  queue.o
    0x000017ca   0x00000002   PAD
    0x000017cc   0x0000015c   Code   RO          506    i.xQueueGenericReceive  queue.o
    0x00001928   0x00000080   Code   RO          507    i.xQueueGenericReset  queue.o
    0x000019a8   0x00000118   Code   RO          508    i.xQueueGenericSend  queue.o
    0x00001ac0   0x0000005c   Code   RO          724    i.xTaskCheckForTimeOut  tasks.o
    0x00001b1c   0x00000060   Code   RO          725    i.xTaskCreate       tasks.o
    0x00001b7c   0x0000000c   Code   RO          729    i.xTaskGetTickCount  tasks.o
    0x00001b88   0x0000011c   Code   RO          731    i.xTaskIncrementTick  tasks.o
    0x00001ca4   0x00000084   Code   RO          734    i.xTaskPriorityDisinherit  tasks.o
    0x00001d28   0x00000080   Code   RO          735    i.xTaskRemoveFromEventList  tasks.o
    0x00001da8   0x000000e8   Code   RO          737    i.xTaskResumeAll    tasks.o
    0x00001e90   0x00000020   Data   RO         1722    Region$$Table       anon$$obj.o


    Execution Region RW_IRAM1 (Base: 0x20000000, Size: 0x00007960, Max: 0x00008000, ABSOLUTE)

    Base Addr    Size         Type   Attr      Idx    E Section Name        Object

    0x20000000   0x00000008   Data   RW           15    .data               main.o
    0x20000008   0x00000005   Data   RW          280    .data               led_task.o
    0x2000000d   0x00000003   Data   RW          343    .data               buttons.o
    0x20000010   0x00000008   Data   RW          377    .data               rgb.o
    0x20000018   0x0000003c   Data   RW          740    .data               tasks.o
    0x20000054   0x00000018   Data   RW         1037    .data               heap_2.o
    0x2000006c   0x00000004   Data   RW         1078    .data               port.o
    0x20000070   0x0000000c   Zero   RW          279    .bss                led_task.o
    0x2000007c   0x0000000c   Zero   RW          376    .bss                rgb.o
    0x20000088   0x000001a4   Zero   RW          739    .bss                tasks.o
    0x2000022c   0x00007530   Zero   RW         1036    .bss                heap_2.o
    0x2000775c   0x00000004   PAD
    0x20007760   0x00000200   Zero   RW            1    STACK               startup_rvmdk.o


==============================================================================

Image component sizes


      Code (inc. data)   RO Data    RW Data    ZI Data      Debug   Object Name

       280         36          0          3          0       2024   buttons.o
       304         40          0         24      30000       3443   heap_2.o
       540        184          0          5         12       2287   led_task.o
       148          0          0          0          0       4538   list.o
       112         40          0          8          0      20898   main.o
       124          4          0          0          0        480   pll.o
       456         52          0          4          0       9316   port.o
      1264         16          0          0          0      18070   queue.o
       772         94          0          8         12       4112   rgb.o
       644        620          0          0        512        816   startup_rvmdk.o
       348        128          0          0          0       1229   switch_task.o
      2398        342          0         60        420      26955   tasks.o
       236         26          0          0          0       2011   uart.o

    ----------------------------------------------------------------------
      7630       1582         32        112      30960      96179   Object Totals
         0          0         32          0          0          0   (incl. Generated)
         4          0          0          0          4          0   (incl. Padding)

    ----------------------------------------------------------------------

      Code (inc. data)   RO Data    RW Data    ZI Data      Debug   Library Member Name

        32          8          0          0          0        908   fpu.o
         0          0          0          0          0          0   entry.o
         0          0          0          0          0          0   entry10a.o
         0          0          0          0          0          0   entry11a.o
         8          4          0          0          0          0   entry2.o
         4          0          0          0          0          0   entry5.o
         0          0          0          0          0          0   entry7b.o
         0          0          0          0          0          0   entry8b.o
         8          4          0          0          0          0   entry9a.o
        30          0          0          0          0          0   handlers.o
        36          8          0          0          0         68   init.o
        36          0          0          0          0         68   memcpya.o
        36          0          0          0          0        108   memseta.o

    ----------------------------------------------------------------------
       194         24          0          0          0       1152   Library Totals
         4          0          0          0          0          0   (incl. Padding)

    ----------------------------------------------------------------------

      Code (inc. data)   RO Data    RW Data    ZI Data      Debug   Library Name

        32          8          0          0          0        908   driverlib.lib
       158         16          0          0          0        244   mc_w.l

    ----------------------------------------------------------------------
       194         24          0          0          0       1152   Library Totals

    ----------------------------------------------------------------------

==============================================================================


      Code (inc. data)   RO Data    RW Data    ZI Data      Debug   

      7824       1606         32        112      30960      90683   Grand Totals
      7824       1606         32        112      30960      90683   ELF Image Totals
      7824       1606         32        112          0          0   ROM Totals

==============================================================================

    Total RO  Size (Code + RO Data)                 7856 (   7.67kB)
    Total RW  Size (RW Data + ZI Data)             31072 (  30.34kB)
    Total ROM Size (Code + RO Data + RW Data)       7968 (   7.78kB)

==============================================================================

