Component: ARM Compiler 5.05 update 1 (build 106) Tool: armlink [4d0efa]

==============================================================================

Section Cross References

    startup_rvmdk.o(RESET) refers to startup_rvmdk.o(STACK) for StackMem
    startup_rvmdk.o(RESET) refers to port.o(.emb_text) for vPortSVCHandler
    startup_rvmdk.o(RESET) refers to port.o(.text) for xPortSysTickHandler
    startup_rvmdk.o(RESET) refers to sensor_task.o(.text) for GPIOPortB_Handler
    startup_rvmdk.o(RESET) refers to entry.o(.ARM.Collect$$$$00000000) for __main
    main.o(.text) refers to queue.o(.text) for xQueueGenericReceive
    main.o(.text) refers to uart.o(.text) for UART_OutString
    main.o(.text) refers to pll.o(.text) for PLL_Init
    main.o(.text) refers to timer0a.o(.text) for Timer0A_Delay_Init
    main.o(.text) refers to tasks.o(.text) for xTaskCreate
    main.o(.text) refers to gpio_task.o(.text) for LED_SwitchTaskInit
    main.o(.text) refers to firstorderfilter.o(.text) for firstOrderFilter
    main.o(.text) refers to ram.o(.data) for SwitchesState_Queue
    main.o(.text) refers to ram.o(.data) for g_pUARTSemaphore
    main.o(.text) refers to ram.o(.data) for I2C3_Mutex
    main.o(.text) refers to ram.o(.data) for GlobalVariable_Mutex
    main.o(.text) refers to ram.o(.data) for RawDataMPU_Semaphore
    main.o(.text) refers to ram.o(.data) for RGBLED_Queue
    main.o(.text) refers to main.o(.data) for .data
    main.o(.text) refers to ram.o(.bss) for MPU9150_RawData
    main.o(.text) refers to firstorderfilter.o(.bss) for firstOrderFilters
    main.o(.text) refers to ram.o(.bss) for MPU9150_FilteredData
    main.o(.text) refers to ram.o(.bss) for MPU9150_Bias
    buttons.o(.text) refers to buttons.o(.data) for .data
    rgb.o(.text) refers to sysctl.o(i.SysCtlClockGet) for SysCtlClockGet
    rgb.o(.text) refers to ffixul.o(.text) for __aeabi_f2ulz
    rgb.o(.text) refers to rgb.o(.data) for .data
    rgb.o(.text) refers to rgb.o(.bss) for .bss
    calibration.o(.text) refers to sqrtf.o(i.__hardfp_sqrtf) for __hardfp_sqrtf
    calibration.o(.text) refers to uart.o(.text) for UART_OutString
    calibration.o(.text) refers to timer0a.o(.text) for Delay_ms
    calibration.o(.text) refers to calibration.o(.constdata) for .constdata
    calibration.o(.text) refers to calibration.o(.bss) for .bss
    calibration.o(.text) refers to calibration.o(.data) for .data
    firstorderfilter.o(.text) refers to firstorderfilter.o(.bss) for .bss
    i2c.o(.text) refers to timer0a.o(.text) for Delay_us
    imu_quest.o(.text) refers to asinf.o(i.__hardfp_asinf) for __hardfp_asinf
    imu_quest.o(.text) refers to atan2f.o(i.__hardfp_atan2f) for __hardfp_atan2f
    imu_quest.o(.text) refers to cosf.o(i.__hardfp_cosf) for __hardfp_cosf
    imu_quest.o(.text) refers to sinf.o(i.__hardfp_sinf) for __hardfp_sinf
    imu_quest.o(.text) refers to imu_quest.o(.data) for .data
    imu_quest.o(.text) refers to imu_quest.o(.bss) for .bss
    mpu9150.o(.text) refers to i2c.o(.text) for I2C3_Write_Byte
    mpu9150.o(.text) refers to timer0a.o(.text) for Delay_ms
    mpu9150.o(.text) refers to mpu9150.o(.data) for .data
    mpu9150.o(.text) refers to ram.o(.bss) for MPU9150_Bias
    mpu9150.o(.text) refers to powf.o(i.__hardfp_powf) for __hardfp_powf
    sensor_task.o(.text) refers to queue.o(.text) for xQueueGenericReceive
    sensor_task.o(.text) refers to mpu9150.o(.text) for MPU9150_readAccelData
    sensor_task.o(.text) refers to memcpya.o(.text) for __aeabi_memcpy
    sensor_task.o(.text) refers to tasks.o(.text) for vTaskSwitchContext
    sensor_task.o(.text) refers to i2c.o(.text) for I2C3_Init
    sensor_task.o(.text) refers to gpio.o(.text) for MotionInt_Init
    sensor_task.o(.text) refers to ram.o(.data) for RawDataMPU_Semaphore
    sensor_task.o(.text) refers to ram.o(.data) for I2C3_Mutex
    sensor_task.o(.text) refers to sensor_task.o(.data) for .data
    sensor_task.o(.text) refers to ram.o(.data) for GlobalVariable_Mutex
    sensor_task.o(.text) refers to ram.o(.bss) for MPU9150_RawData
    gpio_task.o(.text) refers to tasks.o(.text) for xTaskGetTickCount
    gpio_task.o(.text) refers to queue.o(.text) for xQueueGenericReceive
    gpio_task.o(.text) refers to gpio.o(.text) for Led_ON
    gpio_task.o(.text) refers to ram.o(.data) for RGBLED_Queue
    gpio_task.o(.text) refers to ram.o(.data) for SwitchesState_Queue
    queue.o(.text) refers to port.o(.text) for vPortEnterCritical
    queue.o(.text) refers to list.o(.text) for vListInitialise
    queue.o(.text) refers to tasks.o(.text) for xTaskRemoveFromEventList
    queue.o(.text) refers to heap_2.o(.text) for pvPortMalloc
    queue.o(.text) refers to memcpya.o(.text) for __aeabi_memcpy
    queue.o(.text) refers to queue.o(.bss) for .bss
    tasks.o(.text) refers to port.o(.text) for vPortEnterCritical
    tasks.o(.text) refers to list.o(.text) for vListInitialise
    tasks.o(.text) refers to heap_2.o(.text) for pvPortMalloc
    tasks.o(.text) refers to tasks.o(.data) for .data
    tasks.o(.text) refers to tasks.o(.bss) for .bss
    tasks.o(.text) refers to main.o(.text) for vApplicationStackOverflowHook
    tasks.o(.text) refers to memseta.o(.text) for __aeabi_memset
    heap_2.o(.text) refers to tasks.o(.text) for vTaskSuspendAll
    heap_2.o(.text) refers to heap_2.o(.data) for .data
    heap_2.o(.text) refers to heap_2.o(.bss) for .bss
    port.o(.emb_text) refers to tasks.o(.text) for vTaskSwitchContext
    port.o(.emb_text) refers to tasks.o(.data) for pxCurrentTCB
    port.o(.text) refers to port.o(.emb_text) for __asm___6_port_c_39a90d8d__prvEnableVFP
    port.o(.text) refers to tasks.o(.text) for xTaskIncrementTick
    port.o(.text) refers to port.o(.data) for .data
    sysctl.o(i.SysCtlClockFreqSet) refers to sysctl.o(.constdata) for .constdata
    sysctl.o(i.SysCtlClockGet) refers to sysctl.o(.constdata) for .constdata
    sysctl.o(i.SysCtlClockSet) refers to sysctl.o(.emb_text) for SysCtlDelay
    sysctl.o(i.SysCtlDeepSleep) refers to cpu.o(.emb_text) for CPUwfi
    sysctl.o(i.SysCtlIntRegister) refers to interrupt.o(i.IntRegister) for IntRegister
    sysctl.o(i.SysCtlIntRegister) refers to interrupt.o(i.IntEnable) for IntEnable
    sysctl.o(i.SysCtlIntUnregister) refers to interrupt.o(i.IntDisable) for IntDisable
    sysctl.o(i.SysCtlIntUnregister) refers to interrupt.o(i.IntUnregister) for IntUnregister
    sysctl.o(i.SysCtlSleep) refers to cpu.o(.emb_text) for CPUwfi
    interrupt.o(i.IntDisable) refers to interrupt.o(.constdata) for .constdata
    interrupt.o(i.IntEnable) refers to interrupt.o(.constdata) for .constdata
    interrupt.o(i.IntIsEnabled) refers to interrupt.o(.constdata) for .constdata
    interrupt.o(i.IntMasterDisable) refers to cpu.o(.emb_text) for CPUcpsid
    interrupt.o(i.IntMasterEnable) refers to cpu.o(.emb_text) for CPUcpsie
    interrupt.o(i.IntPendClear) refers to interrupt.o(.constdata) for .constdata
    interrupt.o(i.IntPendSet) refers to interrupt.o(.constdata) for .constdata
    interrupt.o(i.IntPriorityGet) refers to interrupt.o(.constdata) for .constdata
    interrupt.o(i.IntPriorityGroupingGet) refers to interrupt.o(.constdata) for .constdata
    interrupt.o(i.IntPriorityGroupingSet) refers to interrupt.o(.constdata) for .constdata
    interrupt.o(i.IntPriorityMaskGet) refers to cpu.o(.emb_text) for CPUbasepriGet
    interrupt.o(i.IntPriorityMaskSet) refers to cpu.o(.emb_text) for CPUbasepriSet
    interrupt.o(i.IntPrioritySet) refers to interrupt.o(.constdata) for .constdata
    interrupt.o(i.IntRegister) refers to interrupt.o(vtable) for vtable
    interrupt.o(i.IntUnregister) refers to interrupt.o(i._IntDefaultHandler) for _IntDefaultHandler
    interrupt.o(i.IntUnregister) refers to interrupt.o(vtable) for vtable
    asinf.o(i.__hardfp_asinf) refers (Special) to iusefp.o(.text) for __I$use$fp
    asinf.o(i.__hardfp_asinf) refers to sqrtf.o(i.sqrtf) for sqrtf
    asinf.o(i.__hardfp_asinf) refers to fpclassifyf.o(i.__ARM_fpclassifyf) for __ARM_fpclassifyf
    asinf.o(i.__hardfp_asinf) refers to funder.o(i.__mathlib_flt_underflow) for __mathlib_flt_underflow
    asinf.o(i.__hardfp_asinf) refers to funder.o(i.__mathlib_flt_infnan) for __mathlib_flt_infnan
    asinf.o(i.__hardfp_asinf) refers to errno.o(i.__set_errno) for __set_errno
    asinf.o(i.__hardfp_asinf) refers to funder.o(i.__mathlib_flt_invalid) for __mathlib_flt_invalid
    asinf.o(i.__softfp_asinf) refers (Special) to iusefp.o(.text) for __I$use$fp
    asinf.o(i.__softfp_asinf) refers to asinf.o(i.__hardfp_asinf) for __hardfp_asinf
    asinf.o(i.asinf) refers (Special) to iusefp.o(.text) for __I$use$fp
    asinf.o(i.asinf) refers to asinf.o(i.__hardfp_asinf) for __hardfp_asinf
    asinf_x.o(i.____hardfp_asinf$lsc) refers (Special) to iusefp.o(.text) for __I$use$fp
    asinf_x.o(i.____hardfp_asinf$lsc) refers to sqrtf.o(i.sqrtf) for sqrtf
    asinf_x.o(i.____hardfp_asinf$lsc) refers to funder.o(i.__mathlib_flt_infnan) for __mathlib_flt_infnan
    asinf_x.o(i.____hardfp_asinf$lsc) refers to errno.o(i.__set_errno) for __set_errno
    asinf_x.o(i.____softfp_asinf$lsc) refers (Special) to iusefp.o(.text) for __I$use$fp
    asinf_x.o(i.____softfp_asinf$lsc) refers to asinf_x.o(i.____hardfp_asinf$lsc) for ____hardfp_asinf$lsc
    asinf_x.o(i.__asinf$lsc) refers (Special) to iusefp.o(.text) for __I$use$fp
    asinf_x.o(i.__asinf$lsc) refers to asinf_x.o(i.____hardfp_asinf$lsc) for ____hardfp_asinf$lsc
    atan2f.o(i.__hardfp_atan2f) refers (Special) to iusefp.o(.text) for __I$use$fp
    atan2f.o(i.__hardfp_atan2f) refers to fpclassifyf.o(i.__ARM_fpclassifyf) for __ARM_fpclassifyf
    atan2f.o(i.__hardfp_atan2f) refers to funder.o(i.__mathlib_flt_underflow) for __mathlib_flt_underflow
    atan2f.o(i.__hardfp_atan2f) refers to funder.o(i.__mathlib_flt_infnan2) for __mathlib_flt_infnan2
    atan2f.o(i.__softfp_atan2f) refers (Special) to iusefp.o(.text) for __I$use$fp
    atan2f.o(i.__softfp_atan2f) refers to atan2f.o(i.__hardfp_atan2f) for __hardfp_atan2f
    atan2f.o(i.atan2f) refers (Special) to iusefp.o(.text) for __I$use$fp
    atan2f.o(i.atan2f) refers to atan2f.o(i.__hardfp_atan2f) for __hardfp_atan2f
    atan2f_x.o(i.____hardfp_atan2f$lsc) refers (Special) to iusefp.o(.text) for __I$use$fp
    atan2f_x.o(i.____hardfp_atan2f$lsc) refers to funder.o(i.__mathlib_flt_infnan2) for __mathlib_flt_infnan2
    atan2f_x.o(i.____hardfp_atan2f$lsc) refers to errno.o(i.__set_errno) for __set_errno
    atan2f_x.o(i.____softfp_atan2f$lsc) refers (Special) to iusefp.o(.text) for __I$use$fp
    atan2f_x.o(i.____softfp_atan2f$lsc) refers to atan2f_x.o(i.____hardfp_atan2f$lsc) for ____hardfp_atan2f$lsc
    atan2f_x.o(i.__atan2f$lsc) refers (Special) to iusefp.o(.text) for __I$use$fp
    atan2f_x.o(i.__atan2f$lsc) refers to atan2f_x.o(i.____hardfp_atan2f$lsc) for ____hardfp_atan2f$lsc
    cosf.o(i.__hardfp_cosf) refers (Special) to iusefp.o(.text) for __I$use$fp
    cosf.o(i.__hardfp_cosf) refers to rredf.o(i.__mathlib_rredf2) for __mathlib_rredf2
    cosf.o(i.__hardfp_cosf) refers to errno.o(i.__set_errno) for __set_errno
    cosf.o(i.__hardfp_cosf) refers to funder.o(i.__mathlib_flt_invalid) for __mathlib_flt_invalid
    cosf.o(i.__hardfp_cosf) refers to funder.o(i.__mathlib_flt_infnan) for __mathlib_flt_infnan
    cosf.o(i.__softfp_cosf) refers (Special) to iusefp.o(.text) for __I$use$fp
    cosf.o(i.__softfp_cosf) refers to cosf.o(i.__hardfp_cosf) for __hardfp_cosf
    cosf.o(i.cosf) refers (Special) to iusefp.o(.text) for __I$use$fp
    cosf.o(i.cosf) refers to cosf.o(i.__hardfp_cosf) for __hardfp_cosf
    cosf_x.o(i.____hardfp_cosf$lsc) refers (Special) to iusefp.o(.text) for __I$use$fp
    cosf_x.o(i.____hardfp_cosf$lsc) refers to rredf.o(i.__mathlib_rredf2) for __mathlib_rredf2
    cosf_x.o(i.____hardfp_cosf$lsc) refers to errno.o(i.__set_errno) for __set_errno
    cosf_x.o(i.____hardfp_cosf$lsc) refers to funder.o(i.__mathlib_flt_infnan) for __mathlib_flt_infnan
    cosf_x.o(i.____softfp_cosf$lsc) refers (Special) to iusefp.o(.text) for __I$use$fp
    cosf_x.o(i.____softfp_cosf$lsc) refers to cosf_x.o(i.____hardfp_cosf$lsc) for ____hardfp_cosf$lsc
    cosf_x.o(i.__cosf$lsc) refers (Special) to iusefp.o(.text) for __I$use$fp
    cosf_x.o(i.__cosf$lsc) refers to cosf_x.o(i.____hardfp_cosf$lsc) for ____hardfp_cosf$lsc
    powf.o(i.__hardfp_powf) refers (Special) to iusefp.o(.text) for __I$use$fp
    powf.o(i.__hardfp_powf) refers to fpclassifyf.o(i.__ARM_fpclassifyf) for __ARM_fpclassifyf
    powf.o(i.__hardfp_powf) refers to funder.o(i.__mathlib_flt_underflow) for __mathlib_flt_underflow
    powf.o(i.__hardfp_powf) refers to errno.o(i.__set_errno) for __set_errno
    powf.o(i.__hardfp_powf) refers to funder.o(i.__mathlib_flt_overflow) for __mathlib_flt_overflow
    powf.o(i.__hardfp_powf) refers to funder.o(i.__mathlib_flt_invalid) for __mathlib_flt_invalid
    powf.o(i.__hardfp_powf) refers to powf.o(.constdata) for .constdata
    powf.o(i.__hardfp_powf) refers to funder.o(i.__mathlib_flt_infnan2) for __mathlib_flt_infnan2
    powf.o(i.__hardfp_powf) refers to funder.o(i.__mathlib_flt_divzero) for __mathlib_flt_divzero
    powf.o(i.__softfp_powf) refers (Special) to iusefp.o(.text) for __I$use$fp
    powf.o(i.__softfp_powf) refers to powf.o(i.__hardfp_powf) for __hardfp_powf
    powf.o(i.powf) refers (Special) to iusefp.o(.text) for __I$use$fp
    powf.o(i.powf) refers to powf.o(i.__hardfp_powf) for __hardfp_powf
    powf.o(.constdata) refers (Special) to iusefp.o(.text) for __I$use$fp
    powf_x.o(i.____hardfp_powf$lsc) refers (Special) to iusefp.o(.text) for __I$use$fp
    powf_x.o(i.____hardfp_powf$lsc) refers to fpstat.o(.text) for __ieee_status
    powf_x.o(i.____hardfp_powf$lsc) refers to errno.o(i.__set_errno) for __set_errno
    powf_x.o(i.____hardfp_powf$lsc) refers to powf_x.o(.constdata) for .constdata
    powf_x.o(i.____hardfp_powf$lsc) refers to funder.o(i.__mathlib_flt_infnan2) for __mathlib_flt_infnan2
    powf_x.o(i.____softfp_powf$lsc) refers (Special) to iusefp.o(.text) for __I$use$fp
    powf_x.o(i.____softfp_powf$lsc) refers to powf_x.o(i.____hardfp_powf$lsc) for ____hardfp_powf$lsc
    powf_x.o(i.__powf$lsc) refers (Special) to iusefp.o(.text) for __I$use$fp
    powf_x.o(i.__powf$lsc) refers to powf_x.o(i.____hardfp_powf$lsc) for ____hardfp_powf$lsc
    powf_x.o(.constdata) refers (Special) to iusefp.o(.text) for __I$use$fp
    sinf.o(i.__hardfp_sinf) refers (Special) to iusefp.o(.text) for __I$use$fp
    sinf.o(i.__hardfp_sinf) refers to rredf.o(i.__mathlib_rredf2) for __mathlib_rredf2
    sinf.o(i.__hardfp_sinf) refers to fpclassifyf.o(i.__ARM_fpclassifyf) for __ARM_fpclassifyf
    sinf.o(i.__hardfp_sinf) refers to funder.o(i.__mathlib_flt_underflow) for __mathlib_flt_underflow
    sinf.o(i.__hardfp_sinf) refers to errno.o(i.__set_errno) for __set_errno
    sinf.o(i.__hardfp_sinf) refers to funder.o(i.__mathlib_flt_invalid) for __mathlib_flt_invalid
    sinf.o(i.__hardfp_sinf) refers to funder.o(i.__mathlib_flt_infnan) for __mathlib_flt_infnan
    sinf.o(i.__softfp_sinf) refers (Special) to iusefp.o(.text) for __I$use$fp
    sinf.o(i.__softfp_sinf) refers to sinf.o(i.__hardfp_sinf) for __hardfp_sinf
    sinf.o(i.sinf) refers (Special) to iusefp.o(.text) for __I$use$fp
    sinf.o(i.sinf) refers to sinf.o(i.__hardfp_sinf) for __hardfp_sinf
    sinf_x.o(i.____hardfp_sinf$lsc) refers (Special) to iusefp.o(.text) for __I$use$fp
    sinf_x.o(i.____hardfp_sinf$lsc) refers to rredf.o(i.__mathlib_rredf2) for __mathlib_rredf2
    sinf_x.o(i.____hardfp_sinf$lsc) refers to errno.o(i.__set_errno) for __set_errno
    sinf_x.o(i.____hardfp_sinf$lsc) refers to funder.o(i.__mathlib_flt_infnan) for __mathlib_flt_infnan
    sinf_x.o(i.____softfp_sinf$lsc) refers (Special) to iusefp.o(.text) for __I$use$fp
    sinf_x.o(i.____softfp_sinf$lsc) refers to sinf_x.o(i.____hardfp_sinf$lsc) for ____hardfp_sinf$lsc
    sinf_x.o(i.__sinf$lsc) refers (Special) to iusefp.o(.text) for __I$use$fp
    sinf_x.o(i.__sinf$lsc) refers to sinf_x.o(i.____hardfp_sinf$lsc) for ____hardfp_sinf$lsc
    sqrtf.o(i.__hardfp_sqrtf) refers (Special) to iusefp.o(.text) for __I$use$fp
    sqrtf.o(i.__hardfp_sqrtf) refers to errno.o(i.__set_errno) for __set_errno
    sqrtf.o(i.__softfp_sqrtf) refers (Special) to iusefp.o(.text) for __I$use$fp
    sqrtf.o(i.__softfp_sqrtf) refers to errno.o(i.__set_errno) for __set_errno
    sqrtf.o(i.sqrtf) refers (Special) to iusefp.o(.text) for __I$use$fp
    sqrtf.o(i.sqrtf) refers to errno.o(i.__set_errno) for __set_errno
    sqrtf_x.o(i.____hardfp_sqrtf$lsc) refers (Special) to iusefp.o(.text) for __I$use$fp
    sqrtf_x.o(i.____hardfp_sqrtf$lsc) refers to errno.o(i.__set_errno) for __set_errno
    sqrtf_x.o(i.____softfp_sqrtf$lsc) refers (Special) to iusefp.o(.text) for __I$use$fp
    sqrtf_x.o(i.____softfp_sqrtf$lsc) refers to errno.o(i.__set_errno) for __set_errno
    sqrtf_x.o(i.__sqrtf$lsc) refers (Special) to iusefp.o(.text) for __I$use$fp
    sqrtf_x.o(i.__sqrtf$lsc) refers to errno.o(i.__set_errno) for __set_errno
    entry.o(.ARM.Collect$$$$00000000) refers (Special) to entry10a.o(.ARM.Collect$$$$0000000D) for __rt_final_cpp
    entry.o(.ARM.Collect$$$$00000000) refers (Special) to entry11a.o(.ARM.Collect$$$$0000000F) for __rt_final_exit
    entry.o(.ARM.Collect$$$$00000000) refers (Special) to entry7b.o(.ARM.Collect$$$$00000008) for _main_clock
    entry.o(.ARM.Collect$$$$00000000) refers (Special) to entry8b.o(.ARM.Collect$$$$0000000A) for _main_cpp_init
    entry.o(.ARM.Collect$$$$00000000) refers (Special) to entry9a.o(.ARM.Collect$$$$0000000B) for _main_init
    entry.o(.ARM.Collect$$$$00000000) refers (Special) to entry5.o(.ARM.Collect$$$$00000004) for _main_scatterload
    entry.o(.ARM.Collect$$$$00000000) refers (Special) to entry2.o(.ARM.Collect$$$$00000001) for _main_stk
    ffixul.o(.text) refers (Special) to iusefp.o(.text) for __I$use$fp
    ffixul.o(.text) refers to llshl.o(.text) for __aeabi_llsl
    fpclassifyf.o(i.__ARM_fpclassifyf) refers (Special) to iusefp.o(.text) for __I$use$fp
    rredf.o(i.__mathlib_rredf2) refers (Special) to iusefp.o(.text) for __I$use$fp
    rredf.o(i.__mathlib_rredf2) refers to rredf.o(.constdata) for .constdata
    rredf.o(.constdata) refers (Special) to iusefp.o(.text) for __I$use$fp
    entry2.o(.ARM.Collect$$$$00000001) refers to entry2.o(.ARM.Collect$$$$00002712) for __lit__00000000
    entry2.o(.ARM.Collect$$$$00002712) refers to startup_rvmdk.o(STACK) for __initial_sp
    entry2.o(__vectab_stack_and_reset_area) refers to startup_rvmdk.o(STACK) for __initial_sp
    entry2.o(__vectab_stack_and_reset_area) refers to entry.o(.ARM.Collect$$$$00000000) for __main
    entry5.o(.ARM.Collect$$$$00000004) refers to init.o(.text) for __scatterload
    entry9a.o(.ARM.Collect$$$$0000000B) refers to main.o(.text) for main
    entry9b.o(.ARM.Collect$$$$0000000C) refers to main.o(.text) for main
    errno.o(i.__aeabi_errno_addr) refers to errno.o(.data) for .data
    errno.o(i.__read_errno) refers to errno.o(.data) for .data
    errno.o(i.__set_errno) refers to errno.o(.data) for .data
    init.o(.text) refers to entry5.o(.ARM.Collect$$$$00000004) for __main_after_scatterload


==============================================================================

Removing Unused input sections from the image.

    Removing startup_rvmdk.o(HEAP), (0 bytes).
    Removing startup_rvmdk.o(.text), (28 bytes).
    Removing buttons.o(.text), (176 bytes).
    Removing buttons.o(.data), (3 bytes).
    Removing rgb.o(.text), (796 bytes).
    Removing rgb.o(.bss), (12 bytes).
    Removing rgb.o(.data), (8 bytes).
    Removing calibration.o(.text), (6168 bytes).
    Removing calibration.o(.bss), (72 bytes).
    Removing calibration.o(.constdata), (48 bytes).
    Removing calibration.o(.data), (88 bytes).
    Removing imu_quest.o(.text), (1308 bytes).
    Removing imu_quest.o(.bss), (32 bytes).
    Removing imu_quest.o(.data), (64 bytes).
    Removing mpu9150.o(.data), (4 bytes).
    Removing ram.o(.bss), (24 bytes).
    Removing ram.o(.data), (1 bytes).
    Removing sysctl.o(.emb_text), (6 bytes).
    Removing sysctl.o(i.SysCtlAltClkConfig), (12 bytes).
    Removing sysctl.o(i.SysCtlClockFreqSet), (712 bytes).
    Removing sysctl.o(i.SysCtlClockGet), (340 bytes).
    Removing sysctl.o(i.SysCtlClockOutConfig), (20 bytes).
    Removing sysctl.o(i.SysCtlClockSet), (288 bytes).
    Removing sysctl.o(i.SysCtlDeepSleep), (32 bytes).
    Removing sysctl.o(i.SysCtlDeepSleepClockConfigSet), (112 bytes).
    Removing sysctl.o(i.SysCtlDeepSleepClockSet), (12 bytes).
    Removing sysctl.o(i.SysCtlDeepSleepPowerSet), (12 bytes).
    Removing sysctl.o(i.SysCtlFlashSectorSizeGet), (56 bytes).
    Removing sysctl.o(i.SysCtlFlashSizeGet), (56 bytes).
    Removing sysctl.o(i.SysCtlGPIOAHBDisable), (28 bytes).
    Removing sysctl.o(i.SysCtlGPIOAHBEnable), (24 bytes).
    Removing sysctl.o(i.SysCtlIntClear), (12 bytes).
    Removing sysctl.o(i.SysCtlIntDisable), (16 bytes).
    Removing sysctl.o(i.SysCtlIntEnable), (16 bytes).
    Removing sysctl.o(i.SysCtlIntRegister), (20 bytes).
    Removing sysctl.o(i.SysCtlIntStatus), (16 bytes).
    Removing sysctl.o(i.SysCtlIntUnregister), (18 bytes).
    Removing sysctl.o(i.SysCtlLDODeepSleepGet), (12 bytes).
    Removing sysctl.o(i.SysCtlLDODeepSleepSet), (12 bytes).
    Removing sysctl.o(i.SysCtlLDOSleepGet), (12 bytes).
    Removing sysctl.o(i.SysCtlLDOSleepSet), (12 bytes).
    Removing sysctl.o(i.SysCtlMOSCConfigSet), (12 bytes).
    Removing sysctl.o(i.SysCtlNMIClear), (16 bytes).
    Removing sysctl.o(i.SysCtlNMIStatus), (12 bytes).
    Removing sysctl.o(i.SysCtlPIOSCCalibrate), (76 bytes).
    Removing sysctl.o(i.SysCtlPWMClockGet), (24 bytes).
    Removing sysctl.o(i.SysCtlPWMClockSet), (20 bytes).
    Removing sysctl.o(i.SysCtlPeripheralClockGating), (68 bytes).
    Removing sysctl.o(i.SysCtlPeripheralDeepSleepDisable), (40 bytes).
    Removing sysctl.o(i.SysCtlPeripheralDeepSleepEnable), (40 bytes).
    Removing sysctl.o(i.SysCtlPeripheralDisable), (40 bytes).
    Removing sysctl.o(i.SysCtlPeripheralEnable), (40 bytes).
    Removing sysctl.o(i.SysCtlPeripheralPowerOff), (40 bytes).
    Removing sysctl.o(i.SysCtlPeripheralPowerOn), (40 bytes).
    Removing sysctl.o(i.SysCtlPeripheralPresent), (44 bytes).
    Removing sysctl.o(i.SysCtlPeripheralReady), (44 bytes).
    Removing sysctl.o(i.SysCtlPeripheralReset), (60 bytes).
    Removing sysctl.o(i.SysCtlPeripheralSleepDisable), (40 bytes).
    Removing sysctl.o(i.SysCtlPeripheralSleepEnable), (40 bytes).
    Removing sysctl.o(i.SysCtlReset), (16 bytes).
    Removing sysctl.o(i.SysCtlResetBehaviorGet), (12 bytes).
    Removing sysctl.o(i.SysCtlResetBehaviorSet), (12 bytes).
    Removing sysctl.o(i.SysCtlResetCauseClear), (16 bytes).
    Removing sysctl.o(i.SysCtlResetCauseGet), (12 bytes).
    Removing sysctl.o(i.SysCtlSRAMSizeGet), (16 bytes).
    Removing sysctl.o(i.SysCtlSleep), (4 bytes).
    Removing sysctl.o(i.SysCtlSleepPowerSet), (12 bytes).
    Removing sysctl.o(i.SysCtlUSBPLLDisable), (16 bytes).
    Removing sysctl.o(i.SysCtlUSBPLLEnable), (16 bytes).
    Removing sysctl.o(i.SysCtlVoltageEventClear), (16 bytes).
    Removing sysctl.o(i.SysCtlVoltageEventConfig), (12 bytes).
    Removing sysctl.o(i.SysCtlVoltageEventStatus), (12 bytes).
    Removing sysctl.o(.constdata), (452 bytes).
    Removing cpu.o(.emb_text), (38 bytes).
    Removing interrupt.o(i.IntDisable), (100 bytes).
    Removing interrupt.o(i.IntEnable), (100 bytes).
    Removing interrupt.o(i.IntIsEnabled), (96 bytes).
    Removing interrupt.o(i.IntMasterDisable), (14 bytes).
    Removing interrupt.o(i.IntMasterEnable), (14 bytes).
    Removing interrupt.o(i.IntPendClear), (68 bytes).
    Removing interrupt.o(i.IntPendSet), (84 bytes).
    Removing interrupt.o(i.IntPriorityGet), (28 bytes).
    Removing interrupt.o(i.IntPriorityGroupingGet), (36 bytes).
    Removing interrupt.o(i.IntPriorityGroupingSet), (28 bytes).
    Removing interrupt.o(i.IntPriorityMaskGet), (4 bytes).
    Removing interrupt.o(i.IntPriorityMaskSet), (4 bytes).
    Removing interrupt.o(i.IntPrioritySet), (40 bytes).
    Removing interrupt.o(i.IntRegister), (52 bytes).
    Removing interrupt.o(i.IntTrigger), (12 bytes).
    Removing interrupt.o(i.IntUnregister), (20 bytes).
    Removing interrupt.o(i._IntDefaultHandler), (2 bytes).
    Removing interrupt.o(.constdata), (268 bytes).
    Removing interrupt.o(vtable), (620 bytes).
    Removing ffixul.o(.text), (44 bytes).
    Removing fpstat.o(.text), (4 bytes).

95 unused section(s) (total 13684 bytes) removed from the image.

==============================================================================

Image Symbol Table

    Local Symbols

    Symbol Name                              Value     Ov Type        Size  Object(Section)

    RESET                                    0x00000000   Section      644  startup_rvmdk.o(RESET)
    ../clib/microlib/errno.c                 0x00000000   Number         0  errno.o ABSOLUTE
    ../clib/microlib/init/entry.s            0x00000000   Number         0  entry8a.o ABSOLUTE
    ../clib/microlib/init/entry.s            0x00000000   Number         0  entry9b.o ABSOLUTE
    ../clib/microlib/init/entry.s            0x00000000   Number         0  entry9a.o ABSOLUTE
    ../clib/microlib/init/entry.s            0x00000000   Number         0  entry8b.o ABSOLUTE
    ../clib/microlib/init/entry.s            0x00000000   Number         0  entry7b.o ABSOLUTE
    ../clib/microlib/init/entry.s            0x00000000   Number         0  entry7a.o ABSOLUTE
    ../clib/microlib/init/entry.s            0x00000000   Number         0  entry11b.o ABSOLUTE
    ../clib/microlib/init/entry.s            0x00000000   Number         0  entry11a.o ABSOLUTE
    ../clib/microlib/init/entry.s            0x00000000   Number         0  entry10b.o ABSOLUTE
    ../clib/microlib/init/entry.s            0x00000000   Number         0  entry.o ABSOLUTE
    ../clib/microlib/init/entry.s            0x00000000   Number         0  entry10a.o ABSOLUTE
    ../clib/microlib/init/entry.s            0x00000000   Number         0  entry5.o ABSOLUTE
    ../clib/microlib/init/entry.s            0x00000000   Number         0  entry2.o ABSOLUTE
    ../clib/microlib/longlong.c              0x00000000   Number         0  llshl.o ABSOLUTE
    ../clib/microlib/string/memcpy.c         0x00000000   Number         0  memcpya.o ABSOLUTE
    ../clib/microlib/string/memcpy.c         0x00000000   Number         0  memcpyb.o ABSOLUTE
    ../clib/microlib/string/memset.c         0x00000000   Number         0  memseta.o ABSOLUTE
    ../clib/microlib/stubs.s                 0x00000000   Number         0  iusefp.o ABSOLUTE
    ../fplib/microlib/fpfix.c                0x00000000   Number         0  ffixul.o ABSOLUTE
    ../fplib/microlib/fpstat.c               0x00000000   Number         0  fpstat.o ABSOLUTE
    ../mathlib/asinf.c                       0x00000000   Number         0  asinf.o ABSOLUTE
    ../mathlib/asinf.c                       0x00000000   Number         0  asinf_x.o ABSOLUTE
    ../mathlib/atan2f.c                      0x00000000   Number         0  atan2f.o ABSOLUTE
    ../mathlib/atan2f.c                      0x00000000   Number         0  atan2f_x.o ABSOLUTE
    ../mathlib/cosf.c                        0x00000000   Number         0  cosf_x.o ABSOLUTE
    ../mathlib/cosf.c                        0x00000000   Number         0  cosf.o ABSOLUTE
    ../mathlib/fpclassifyf.c                 0x00000000   Number         0  fpclassifyf.o ABSOLUTE
    ../mathlib/funder.c                      0x00000000   Number         0  funder.o ABSOLUTE
    ../mathlib/powf.c                        0x00000000   Number         0  powf_x.o ABSOLUTE
    ../mathlib/powf.c                        0x00000000   Number         0  powf.o ABSOLUTE
    ../mathlib/rredf.c                       0x00000000   Number         0  rredf.o ABSOLUTE
    ../mathlib/sinf.c                        0x00000000   Number         0  sinf.o ABSOLUTE
    ../mathlib/sinf.c                        0x00000000   Number         0  sinf_x.o ABSOLUTE
    ../mathlib/sqrtf.c                       0x00000000   Number         0  sqrtf.o ABSOLUTE
    ../mathlib/sqrtf.c                       0x00000000   Number         0  sqrtf_x.o ABSOLUTE
    FreeRTOS\ARM_CM4F\port.c                 0x00000000   Number         0  port.o ABSOLUTE
    FreeRTOS\MemMang\heap_2.c                0x00000000   Number         0  heap_2.o ABSOLUTE
    FreeRTOS\\ARM_CM4F\\port.c               0x00000000   Number         0  port.o ABSOLUTE
    FreeRTOS\list.c                          0x00000000   Number         0  list.o ABSOLUTE
    FreeRTOS\queue.c                         0x00000000   Number         0  queue.o ABSOLUTE
    FreeRTOS\tasks.c                         0x00000000   Number         0  tasks.o ABSOLUTE
    Source\GPIO.c                            0x00000000   Number         0  gpio.o ABSOLUTE
    Source\GPIO_Task.c                       0x00000000   Number         0  gpio_task.o ABSOLUTE
    Source\I2C.c                             0x00000000   Number         0  i2c.o ABSOLUTE
    Source\IMU_QUEST.c                       0x00000000   Number         0  imu_quest.o ABSOLUTE
    Source\MPU9150.c                         0x00000000   Number         0  mpu9150.o ABSOLUTE
    Source\PLL.c                             0x00000000   Number         0  pll.o ABSOLUTE
    Source\Sensor_Task.c                     0x00000000   Number         0  sensor_task.o ABSOLUTE
    Source\Timer0A.c                         0x00000000   Number         0  timer0a.o ABSOLUTE
    Source\UART.c                            0x00000000   Number         0  uart.o ABSOLUTE
    Source\calibration.c                     0x00000000   Number         0  calibration.o ABSOLUTE
    Source\drivers\buttons.c                 0x00000000   Number         0  buttons.o ABSOLUTE
    Source\drivers\rgb.c                     0x00000000   Number         0  rgb.o ABSOLUTE
    Source\firstOrderFilter.c                0x00000000   Number         0  firstorderfilter.o ABSOLUTE
    Source\main.c                            0x00000000   Number         0  main.o ABSOLUTE
    Source\ram.c                             0x00000000   Number         0  ram.o ABSOLUTE
    Startup\startup_rvmdk.S                  0x00000000   Number         0  startup_rvmdk.o ABSOLUTE
    cpu.c                                    0x00000000   Number         0  cpu.o ABSOLUTE
    cpu.c                                    0x00000000   Number         0  cpu.o ABSOLUTE
    dc.s                                     0x00000000   Number         0  dc.o ABSOLUTE
    handlers.s                               0x00000000   Number         0  handlers.o ABSOLUTE
    init.s                                   0x00000000   Number         0  init.o ABSOLUTE
    interrupt.c                              0x00000000   Number         0  interrupt.o ABSOLUTE
    sysctl.c                                 0x00000000   Number         0  sysctl.o ABSOLUTE
    sysctl.c                                 0x00000000   Number         0  sysctl.o ABSOLUTE
    $v0                                      0x0000026c   Number         0  startup_rvmdk.o(RESET)
    .ARM.Collect$$$$00000000                 0x00000284   Section        0  entry.o(.ARM.Collect$$$$00000000)
    .ARM.Collect$$$$00000001                 0x00000284   Section        4  entry2.o(.ARM.Collect$$$$00000001)
    .ARM.Collect$$$$00000004                 0x00000288   Section        4  entry5.o(.ARM.Collect$$$$00000004)
    .ARM.Collect$$$$00000008                 0x0000028c   Section        0  entry7b.o(.ARM.Collect$$$$00000008)
    .ARM.Collect$$$$0000000A                 0x0000028c   Section        0  entry8b.o(.ARM.Collect$$$$0000000A)
    .ARM.Collect$$$$0000000B                 0x0000028c   Section        8  entry9a.o(.ARM.Collect$$$$0000000B)
    .ARM.Collect$$$$0000000D                 0x00000294   Section        0  entry10a.o(.ARM.Collect$$$$0000000D)
    .ARM.Collect$$$$0000000F                 0x00000294   Section        0  entry11a.o(.ARM.Collect$$$$0000000F)
    .ARM.Collect$$$$00002712                 0x00000294   Section        4  entry2.o(.ARM.Collect$$$$00002712)
    __lit__00000000                          0x00000294   Data           4  entry2.o(.ARM.Collect$$$$00002712)
    .emb_text                                0x00000298   Section      182  port.o(.emb_text)
    $v0                                      0x00000298   Number         0  port.o(.emb_text)
    .text                                    0x00000350   Section        0  main.o(.text)
    System_Task                              0x00000353   Thumb Code    40  main.o(.text)
    .text                                    0x00000604   Section        0  pll.o(.text)
    .text                                    0x000006bc   Section        0  gpio.o(.text)
    .text                                    0x00000874   Section        0  uart.o(.text)
    .text                                    0x00000b6c   Section        0  firstorderfilter.o(.text)
    .text                                    0x00000d38   Section        0  i2c.o(.text)
    .text                                    0x000010f4   Section        0  mpu9150.o(.text)
    .text                                    0x00001964   Section        0  sensor_task.o(.text)
    MPU9150_Task                             0x00001965   Thumb Code   194  sensor_task.o(.text)
    .text                                    0x00001aa8   Section        0  timer0a.o(.text)
    .text                                    0x00001b48   Section        0  gpio_task.o(.text)
    LEDTask                                  0x00001b49   Thumb Code   160  gpio_task.o(.text)
    SwitchTask                               0x00001be9   Thumb Code   350  gpio_task.o(.text)
    .text                                    0x00001da0   Section        0  list.o(.text)
    .text                                    0x00001e28   Section        0  queue.o(.text)
    prvUnlockQueue                           0x00001ed9   Thumb Code   106  queue.o(.text)
    prvCopyDataToQueue                       0x00001f43   Thumb Code   106  queue.o(.text)
    prvCopyDataFromQueue                     0x000020f5   Thumb Code    38  queue.o(.text)
    prvIsQueueEmpty                          0x00002483   Thumb Code    26  queue.o(.text)
    .text                                    0x000024a0   Section        0  tasks.o(.text)
    prvAddNewTaskToReadyList                 0x000024a1   Thumb Code   192  tasks.o(.text)
    prvAddCurrentTaskToDelayedList           0x0000278f   Thumb Code   102  tasks.o(.text)
    prvIdleTask                              0x00002b6d   Thumb Code     6  tasks.o(.text)
    prvListTasksWithinSingleList             0x00002c5b   Thumb Code   114  tasks.o(.text)
    prvInitialiseNewTask                     0x000032ab   Thumb Code   136  tasks.o(.text)
    prvResetNextTaskUnblockTime              0x00003333   Thumb Code    26  tasks.o(.text)
    prvDeleteTCB                             0x0000334d   Thumb Code    20  tasks.o(.text)
    prvTaskIsTaskSuspended                   0x00003361   Thumb Code    28  tasks.o(.text)
    prvCheckTasksWaitingTermination          0x0000337d   Thumb Code    76  tasks.o(.text)
    prvTaskCheckFreeStackSpace               0x000033c9   Thumb Code    20  tasks.o(.text)
    .text                                    0x000033e8   Section        0  heap_2.o(.text)
    .text                                    0x000034dc   Section        0  port.o(.text)
    prvTaskExitError                         0x000034dd   Thumb Code    16  port.o(.text)
    .text                                    0x000035bc   Section        0  memcpya.o(.text)
    .text                                    0x000035e0   Section        0  memseta.o(.text)
    .text                                    0x00003604   Section       36  init.o(.text)
    .text                                    0x00003604   Section        0  iusefp.o(.text)
    i.__ARM_fpclassifyf                      0x00003628   Section        0  fpclassifyf.o(i.__ARM_fpclassifyf)
    i.__hardfp_powf                          0x00003650   Section        0  powf.o(i.__hardfp_powf)
    i.__mathlib_flt_divzero                  0x00003c5c   Section        0  funder.o(i.__mathlib_flt_divzero)
    i.__mathlib_flt_infnan2                  0x00003c70   Section        0  funder.o(i.__mathlib_flt_infnan2)
    i.__mathlib_flt_invalid                  0x00003c78   Section        0  funder.o(i.__mathlib_flt_invalid)
    i.__mathlib_flt_overflow                 0x00003c88   Section        0  funder.o(i.__mathlib_flt_overflow)
    i.__mathlib_flt_underflow                0x00003c98   Section        0  funder.o(i.__mathlib_flt_underflow)
    i.__scatterload_copy                     0x00003ca8   Section       14  handlers.o(i.__scatterload_copy)
    i.__scatterload_null                     0x00003cb6   Section        2  handlers.o(i.__scatterload_null)
    i.__scatterload_zeroinit                 0x00003cb8   Section       14  handlers.o(i.__scatterload_zeroinit)
    i.__set_errno                            0x00003cc8   Section        0  errno.o(i.__set_errno)
    .constdata                               0x00003cd4   Section      320  powf.o(.constdata)
    table                                    0x00003cd4   Data         128  powf.o(.constdata)
    powersof2to1over16top                    0x00003d54   Data          64  powf.o(.constdata)
    powersof2to1over16bot                    0x00003d94   Data          64  powf.o(.constdata)
    powersof2to1over16all                    0x00003dd4   Data          64  powf.o(.constdata)
    .data                                    0x20000000   Section        2  main.o(.data)
    count                                    0x20000000   Data           1  main.o(.data)
    newData                                  0x20000001   Data           1  main.o(.data)
    .data                                    0x20000004   Section       20  mpu9150.o(.data)
    .data                                    0x20000018   Section        4  ram.o(.data)
    .data                                    0x2000001c   Section        4  ram.o(.data)
    .data                                    0x20000020   Section        4  ram.o(.data)
    .data                                    0x20000024   Section        4  ram.o(.data)
    .data                                    0x20000028   Section        4  ram.o(.data)
    .data                                    0x2000002c   Section        4  ram.o(.data)
    .data                                    0x20000030   Section        8  sensor_task.o(.data)
    count                                    0x20000030   Data           1  sensor_task.o(.data)
    xHigherPriorityTaskWoken                 0x20000034   Data           4  sensor_task.o(.data)
    .data                                    0x20000038   Section       60  tasks.o(.data)
    uxDeletedTasksWaitingCleanUp             0x2000003c   Data           4  tasks.o(.data)
    uxCurrentNumberOfTasks                   0x20000040   Data           4  tasks.o(.data)
    xTickCount                               0x20000044   Data           4  tasks.o(.data)
    uxTopReadyPriority                       0x20000048   Data           4  tasks.o(.data)
    xSchedulerRunning                        0x2000004c   Data           4  tasks.o(.data)
    uxPendedTicks                            0x20000050   Data           4  tasks.o(.data)
    xYieldPending                            0x20000054   Data           4  tasks.o(.data)
    xNumOfOverflows                          0x20000058   Data           4  tasks.o(.data)
    uxTaskNumber                             0x2000005c   Data           4  tasks.o(.data)
    xNextTaskUnblockTime                     0x20000060   Data           4  tasks.o(.data)
    xIdleTaskHandle                          0x20000064   Data           4  tasks.o(.data)
    uxSchedulerSuspended                     0x20000068   Data           4  tasks.o(.data)
    pxDelayedTaskList                        0x2000006c   Data           4  tasks.o(.data)
    pxOverflowDelayedTaskList                0x20000070   Data           4  tasks.o(.data)
    .data                                    0x20000074   Section       24  heap_2.o(.data)
    xFreeBytesRemaining                      0x20000074   Data           4  heap_2.o(.data)
    xHeapHasBeenInitialised                  0x20000078   Data           4  heap_2.o(.data)
    xStart                                   0x2000007c   Data           8  heap_2.o(.data)
    xEnd                                     0x20000084   Data           8  heap_2.o(.data)
    .data                                    0x2000008c   Section        4  port.o(.data)
    uxCriticalNesting                        0x2000008c   Data           4  port.o(.data)
    .data                                    0x20000090   Section        4  errno.o(.data)
    _errno                                   0x20000090   Data           4  errno.o(.data)
    .bss                                     0x20000094   Section      300  firstorderfilter.o(.bss)
    .bss                                     0x200001c0   Section       52  ram.o(.bss)
    .bss                                     0x200001f4   Section       22  ram.o(.bss)
    .bss                                     0x2000020c   Section       40  ram.o(.bss)
    .bss                                     0x20000234   Section       80  queue.o(.bss)
    .bss                                     0x20000284   Section      420  tasks.o(.bss)
    pxReadyTasksLists                        0x20000284   Data         320  tasks.o(.bss)
    xDelayedTaskList1                        0x200003c4   Data          20  tasks.o(.bss)
    xDelayedTaskList2                        0x200003d8   Data          20  tasks.o(.bss)
    xPendingReadyList                        0x200003ec   Data          20  tasks.o(.bss)
    xTasksWaitingTermination                 0x20000400   Data          20  tasks.o(.bss)
    xSuspendedTaskList                       0x20000414   Data          20  tasks.o(.bss)
    .bss                                     0x20000428   Section    30000  heap_2.o(.bss)
    ucHeap                                   0x20000428   Data       30000  heap_2.o(.bss)
    STACK                                    0x20007958   Section      512  startup_rvmdk.o(STACK)
    StackMem                                 0x20007958   Data           0  startup_rvmdk.o(STACK)

    Global Symbols

    Symbol Name                              Value     Ov Type        Size  Object(Section)

    BuildAttributes$$THM_ISAv4$E$P$D$K$B$S$7EM$VFPi3$EXTD16$VFPS$VFMA$PE$A:L22UL41UL21$X:L11$S22US41US21$IEEE1$IW$USESV6$~STKCKD$USESV7$~SHL$OTIME$ROPI$IEEEX$EBA8$MICROLIB$REQ8$PRES8$EABIv2 0x00000000   Number         0  anon$$obj.o ABSOLUTE
    __ARM_use_no_argv                        0x00000000   Number         0  main.o ABSOLUTE
    __Vectors                                0x00000000   Data           0  startup_rvmdk.o(RESET)
    __cpp_initialize__aeabi_                  - Undefined Weak Reference
    __cxa_finalize                            - Undefined Weak Reference
    __decompress                              - Undefined Weak Reference
    _clock_init                               - Undefined Weak Reference
    _microlib_exit                            - Undefined Weak Reference
    Reset_Handler                            0x0000026d   Thumb Code     0  startup_rvmdk.o(RESET)
    NMI_Handler                              0x00000271   Thumb Code     2  startup_rvmdk.o(RESET)
    HardFault_Handler                        0x00000273   Thumb Code     2  startup_rvmdk.o(RESET)
    MemManage_Handler                        0x00000275   Thumb Code     2  startup_rvmdk.o(RESET)
    BusFault_Handler                         0x00000277   Thumb Code     2  startup_rvmdk.o(RESET)
    UsageFault_Handler                       0x00000279   Thumb Code     2  startup_rvmdk.o(RESET)
    DebugMon_Handler                         0x0000027d   Thumb Code     2  startup_rvmdk.o(RESET)
    ADC0Seq0_Handler                         0x00000283   Thumb Code     0  startup_rvmdk.o(RESET)
    ADC0Seq1_Handler                         0x00000283   Thumb Code     0  startup_rvmdk.o(RESET)
    ADC0Seq2_Handler                         0x00000283   Thumb Code     0  startup_rvmdk.o(RESET)
    ADC0Seq3_Handler                         0x00000283   Thumb Code     0  startup_rvmdk.o(RESET)
    ADC1Seq0_Handler                         0x00000283   Thumb Code     0  startup_rvmdk.o(RESET)
    ADC1Seq1_Handler                         0x00000283   Thumb Code     0  startup_rvmdk.o(RESET)
    ADC1Seq2_Handler                         0x00000283   Thumb Code     0  startup_rvmdk.o(RESET)
    ADC1Seq3_Handler                         0x00000283   Thumb Code     0  startup_rvmdk.o(RESET)
    CAN0_Handler                             0x00000283   Thumb Code     0  startup_rvmdk.o(RESET)
    CAN1_Handler                             0x00000283   Thumb Code     0  startup_rvmdk.o(RESET)
    CAN2_Handler                             0x00000283   Thumb Code     0  startup_rvmdk.o(RESET)
    Comp0_Handler                            0x00000283   Thumb Code     0  startup_rvmdk.o(RESET)
    Comp1_Handler                            0x00000283   Thumb Code     0  startup_rvmdk.o(RESET)
    Comp2_Handler                            0x00000283   Thumb Code     0  startup_rvmdk.o(RESET)
    Ethernet_Handler                         0x00000283   Thumb Code     0  startup_rvmdk.o(RESET)
    ExtBus_Handler                           0x00000283   Thumb Code     0  startup_rvmdk.o(RESET)
    FPU_Handler                              0x00000283   Thumb Code     0  startup_rvmdk.o(RESET)
    Fan0_Handler                             0x00000283   Thumb Code     0  startup_rvmdk.o(RESET)
    FlashCtl_Handler                         0x00000283   Thumb Code     0  startup_rvmdk.o(RESET)
    GPIOPortA_Handler                        0x00000283   Thumb Code     0  startup_rvmdk.o(RESET)
    GPIOPortC_Handler                        0x00000283   Thumb Code     0  startup_rvmdk.o(RESET)
    GPIOPortD_Handler                        0x00000283   Thumb Code     0  startup_rvmdk.o(RESET)
    GPIOPortE_Handler                        0x00000283   Thumb Code     0  startup_rvmdk.o(RESET)
    GPIOPortF_Handler                        0x00000283   Thumb Code     0  startup_rvmdk.o(RESET)
    GPIOPortG_Handler                        0x00000283   Thumb Code     0  startup_rvmdk.o(RESET)
    GPIOPortH_Handler                        0x00000283   Thumb Code     0  startup_rvmdk.o(RESET)
    GPIOPortJ_Handler                        0x00000283   Thumb Code     0  startup_rvmdk.o(RESET)
    GPIOPortK_Handler                        0x00000283   Thumb Code     0  startup_rvmdk.o(RESET)
    GPIOPortL_Handler                        0x00000283   Thumb Code     0  startup_rvmdk.o(RESET)
    GPIOPortM_Handler                        0x00000283   Thumb Code     0  startup_rvmdk.o(RESET)
    GPIOPortN_Handler                        0x00000283   Thumb Code     0  startup_rvmdk.o(RESET)
    GPIOPortP1_Handler                       0x00000283   Thumb Code     0  startup_rvmdk.o(RESET)
    GPIOPortP2_Handler                       0x00000283   Thumb Code     0  startup_rvmdk.o(RESET)
    GPIOPortP3_Handler                       0x00000283   Thumb Code     0  startup_rvmdk.o(RESET)
    GPIOPortP4_Handler                       0x00000283   Thumb Code     0  startup_rvmdk.o(RESET)
    GPIOPortP5_Handler                       0x00000283   Thumb Code     0  startup_rvmdk.o(RESET)
    GPIOPortP6_Handler                       0x00000283   Thumb Code     0  startup_rvmdk.o(RESET)
    GPIOPortP7_Handler                       0x00000283   Thumb Code     0  startup_rvmdk.o(RESET)
    GPIOPortP_Handler                        0x00000283   Thumb Code     0  startup_rvmdk.o(RESET)
    GPIOPortQ1_Handler                       0x00000283   Thumb Code     0  startup_rvmdk.o(RESET)
    GPIOPortQ2_Handler                       0x00000283   Thumb Code     0  startup_rvmdk.o(RESET)
    GPIOPortQ3_Handler                       0x00000283   Thumb Code     0  startup_rvmdk.o(RESET)
    GPIOPortQ4_Handler                       0x00000283   Thumb Code     0  startup_rvmdk.o(RESET)
    GPIOPortQ5_Handler                       0x00000283   Thumb Code     0  startup_rvmdk.o(RESET)
    GPIOPortQ6_Handler                       0x00000283   Thumb Code     0  startup_rvmdk.o(RESET)
    GPIOPortQ7_Handler                       0x00000283   Thumb Code     0  startup_rvmdk.o(RESET)
    GPIOPortQ_Handler                        0x00000283   Thumb Code     0  startup_rvmdk.o(RESET)
    GPIOPortR_Handler                        0x00000283   Thumb Code     0  startup_rvmdk.o(RESET)
    GPIOPortS_Handler                        0x00000283   Thumb Code     0  startup_rvmdk.o(RESET)
    Hibernate_Handler                        0x00000283   Thumb Code     0  startup_rvmdk.o(RESET)
    I2C0_Handler                             0x00000283   Thumb Code     0  startup_rvmdk.o(RESET)
    I2C1_Handler                             0x00000283   Thumb Code     0  startup_rvmdk.o(RESET)
    I2C2_Handler                             0x00000283   Thumb Code     0  startup_rvmdk.o(RESET)
    I2C3_Handler                             0x00000283   Thumb Code     0  startup_rvmdk.o(RESET)
    I2C4_Handler                             0x00000283   Thumb Code     0  startup_rvmdk.o(RESET)
    I2C5_Handler                             0x00000283   Thumb Code     0  startup_rvmdk.o(RESET)
    I2S0_Handler                             0x00000283   Thumb Code     0  startup_rvmdk.o(RESET)
    LPC0_Handler                             0x00000283   Thumb Code     0  startup_rvmdk.o(RESET)
    PECI0_Handler                            0x00000283   Thumb Code     0  startup_rvmdk.o(RESET)
    PWM0Fault_Handler                        0x00000283   Thumb Code     0  startup_rvmdk.o(RESET)
    PWM0Generator0_Handler                   0x00000283   Thumb Code     0  startup_rvmdk.o(RESET)
    PWM0Generator1_Handler                   0x00000283   Thumb Code     0  startup_rvmdk.o(RESET)
    PWM0Generator2_Handler                   0x00000283   Thumb Code     0  startup_rvmdk.o(RESET)
    PWM0Generator3_Handler                   0x00000283   Thumb Code     0  startup_rvmdk.o(RESET)
    PWM1Fault_Handler                        0x00000283   Thumb Code     0  startup_rvmdk.o(RESET)
    PWM1Generator0_Handler                   0x00000283   Thumb Code     0  startup_rvmdk.o(RESET)
    PWM1Generator1_Handler                   0x00000283   Thumb Code     0  startup_rvmdk.o(RESET)
    PWM1Generator2_Handler                   0x00000283   Thumb Code     0  startup_rvmdk.o(RESET)
    PWM1Generator3_Handler                   0x00000283   Thumb Code     0  startup_rvmdk.o(RESET)
    Quadrature0_Handler                      0x00000283   Thumb Code     0  startup_rvmdk.o(RESET)
    Quadrature1_Handler                      0x00000283   Thumb Code     0  startup_rvmdk.o(RESET)
    Quadrature2_Handler                      0x00000283   Thumb Code     0  startup_rvmdk.o(RESET)
    SSI0_Handler                             0x00000283   Thumb Code     0  startup_rvmdk.o(RESET)
    SSI1_Handler                             0x00000283   Thumb Code     0  startup_rvmdk.o(RESET)
    SSI2_Handler                             0x00000283   Thumb Code     0  startup_rvmdk.o(RESET)
    SSI3_Handler                             0x00000283   Thumb Code     0  startup_rvmdk.o(RESET)
    SysCtl_Handler                           0x00000283   Thumb Code     0  startup_rvmdk.o(RESET)
    Timer0A_Handler                          0x00000283   Thumb Code     0  startup_rvmdk.o(RESET)
    Timer0B_Handler                          0x00000283   Thumb Code     0  startup_rvmdk.o(RESET)
    Timer1A_Handler                          0x00000283   Thumb Code     0  startup_rvmdk.o(RESET)
    Timer1B_Handler                          0x00000283   Thumb Code     0  startup_rvmdk.o(RESET)
    Timer2A_Handler                          0x00000283   Thumb Code     0  startup_rvmdk.o(RESET)
    Timer2B_Handler                          0x00000283   Thumb Code     0  startup_rvmdk.o(RESET)
    Timer3A_Handler                          0x00000283   Thumb Code     0  startup_rvmdk.o(RESET)
    Timer3B_Handler                          0x00000283   Thumb Code     0  startup_rvmdk.o(RESET)
    Timer4A_Handler                          0x00000283   Thumb Code     0  startup_rvmdk.o(RESET)
    Timer4B_Handler                          0x00000283   Thumb Code     0  startup_rvmdk.o(RESET)
    Timer5A_Handler                          0x00000283   Thumb Code     0  startup_rvmdk.o(RESET)
    Timer5B_Handler                          0x00000283   Thumb Code     0  startup_rvmdk.o(RESET)
    UART0_Handler                            0x00000283   Thumb Code     0  startup_rvmdk.o(RESET)
    UART1_Handler                            0x00000283   Thumb Code     0  startup_rvmdk.o(RESET)
    UART2_Handler                            0x00000283   Thumb Code     0  startup_rvmdk.o(RESET)
    UART3_Handler                            0x00000283   Thumb Code     0  startup_rvmdk.o(RESET)
    UART4_Handler                            0x00000283   Thumb Code     0  startup_rvmdk.o(RESET)
    UART5_Handler                            0x00000283   Thumb Code     0  startup_rvmdk.o(RESET)
    UART6_Handler                            0x00000283   Thumb Code     0  startup_rvmdk.o(RESET)
    UART7_Handler                            0x00000283   Thumb Code     0  startup_rvmdk.o(RESET)
    USB0_Handler                             0x00000283   Thumb Code     0  startup_rvmdk.o(RESET)
    WDT_Handler                              0x00000283   Thumb Code     0  startup_rvmdk.o(RESET)
    WideTimer0A_Handler                      0x00000283   Thumb Code     0  startup_rvmdk.o(RESET)
    WideTimer0B_Handler                      0x00000283   Thumb Code     0  startup_rvmdk.o(RESET)
    WideTimer1A_Handler                      0x00000283   Thumb Code     0  startup_rvmdk.o(RESET)
    WideTimer1B_Handler                      0x00000283   Thumb Code     0  startup_rvmdk.o(RESET)
    WideTimer2A_Handler                      0x00000283   Thumb Code     0  startup_rvmdk.o(RESET)
    WideTimer2B_Handler                      0x00000283   Thumb Code     0  startup_rvmdk.o(RESET)
    WideTimer3A_Handler                      0x00000283   Thumb Code     0  startup_rvmdk.o(RESET)
    WideTimer3B_Handler                      0x00000283   Thumb Code     0  startup_rvmdk.o(RESET)
    WideTimer4A_Handler                      0x00000283   Thumb Code     0  startup_rvmdk.o(RESET)
    WideTimer4B_Handler                      0x00000283   Thumb Code     0  startup_rvmdk.o(RESET)
    WideTimer5A_Handler                      0x00000283   Thumb Code     0  startup_rvmdk.o(RESET)
    WideTimer5B_Handler                      0x00000283   Thumb Code     0  startup_rvmdk.o(RESET)
    uDMA_Error                               0x00000283   Thumb Code     0  startup_rvmdk.o(RESET)
    uDMA_Handler                             0x00000283   Thumb Code     0  startup_rvmdk.o(RESET)
    __main                                   0x00000285   Thumb Code     0  entry.o(.ARM.Collect$$$$00000000)
    _main_stk                                0x00000285   Thumb Code     0  entry2.o(.ARM.Collect$$$$00000001)
    _main_scatterload                        0x00000289   Thumb Code     0  entry5.o(.ARM.Collect$$$$00000004)
    __main_after_scatterload                 0x0000028d   Thumb Code     0  entry5.o(.ARM.Collect$$$$00000004)
    _main_clock                              0x0000028d   Thumb Code     0  entry7b.o(.ARM.Collect$$$$00000008)
    _main_cpp_init                           0x0000028d   Thumb Code     0  entry8b.o(.ARM.Collect$$$$0000000A)
    _main_init                               0x0000028d   Thumb Code     0  entry9a.o(.ARM.Collect$$$$0000000B)
    __rt_final_cpp                           0x00000295   Thumb Code     0  entry10a.o(.ARM.Collect$$$$0000000D)
    __rt_final_exit                          0x00000295   Thumb Code     0  entry11a.o(.ARM.Collect$$$$0000000F)
    vPortSVCHandler                          0x00000299   Thumb Code    28  port.o(.emb_text)
    __asm___6_port_c_39a90d8d__prvStartFirstTask 0x000002b9   Thumb Code    28  port.o(.emb_text)
    __asm___6_port_c_39a90d8d__prvEnableVFP  0x000002d9   Thumb Code    16  port.o(.emb_text)
    xPortPendSVHandler                       0x000002ed   Thumb Code    88  port.o(.emb_text)
    vPortGetIPSR                             0x00000349   Thumb Code     6  port.o(.emb_text)
    vApplicationStackOverflowHook            0x00000351   Thumb Code     2  main.o(.text)
    System_Init                              0x0000037b   Thumb Code    34  main.o(.text)
    main                                     0x0000039d   Thumb Code   130  main.o(.text)
    Eulers_Estimate                          0x0000041f   Thumb Code   364  main.o(.text)
    PLL_Init                                 0x00000605   Thumb Code    90  pll.o(.text)
    PLL_Init_8MHz                            0x0000065f   Thumb Code    90  pll.o(.text)
    PortF_Init                               0x000006bd   Thumb Code    70  gpio.o(.text)
    MotionInt_Init                           0x00000703   Thumb Code   146  gpio.o(.text)
    SW1_Pushed                               0x00000795   Thumb Code    18  gpio.o(.text)
    SW1_Release                              0x000007a7   Thumb Code    18  gpio.o(.text)
    PortF_Input                              0x000007b9   Thumb Code    12  gpio.o(.text)
    PortF_Output                             0x000007c5   Thumb Code     8  gpio.o(.text)
    Scan_switch                              0x000007cd   Thumb Code    42  gpio.o(.text)
    Led_ON                                   0x000007f7   Thumb Code     8  gpio.o(.text)
    Led_OFF                                  0x000007ff   Thumb Code    36  gpio.o(.text)
    Led_Toggle                               0x00000823   Thumb Code    44  gpio.o(.text)
    UART_Init                                0x00000875   Thumb Code   104  uart.o(.text)
    UART_Init_9600bps                        0x000008dd   Thumb Code   104  uart.o(.text)
    UART_InChar                              0x00000945   Thumb Code    14  uart.o(.text)
    UART_OutChar                             0x00000953   Thumb Code    12  uart.o(.text)
    UART_OutString                           0x0000095f   Thumb Code    20  uart.o(.text)
    UART_InUDec                              0x00000973   Thumb Code    64  uart.o(.text)
    UART_OutUDec                             0x000009b3   Thumb Code    36  uart.o(.text)
    UART_Out_Dec                             0x000009d7   Thumb Code    22  uart.o(.text)
    UART_OutFloat                            0x000009ed   Thumb Code    98  uart.o(.text)
    UART_OutFloat2                           0x00000a4f   Thumb Code    86  uart.o(.text)
    UART_InUHex                              0x00000aa5   Thumb Code    74  uart.o(.text)
    UART_OutUHex                             0x00000aef   Thumb Code    42  uart.o(.text)
    UART_InString                            0x00000b19   Thumb Code    54  uart.o(.text)
    init_FirstOrderFilters                   0x00000b6d   Thumb Code   356  firstorderfilter.o(.text)
    firstOrderFilter                         0x00000cd1   Thumb Code    46  firstorderfilter.o(.text)
    I2C1_Init                                0x00000d39   Thumb Code   100  i2c.o(.text)
    I2C1_Write_2Bytes                        0x00000d9d   Thumb Code   122  i2c.o(.text)
    I2C1_Read_2Bytes                         0x00000e17   Thumb Code   134  i2c.o(.text)
    I2C3_Init                                0x00000e9d   Thumb Code    98  i2c.o(.text)
    I2C3_Init_8MHz                           0x00000eff   Thumb Code    98  i2c.o(.text)
    I2C3_Write_Byte                          0x00000f61   Thumb Code    86  i2c.o(.text)
    I2C3_Read_Byte                           0x00000fb7   Thumb Code   108  i2c.o(.text)
    I2C3_Read_Bytes                          0x00001023   Thumb Code   176  i2c.o(.text)
    getGres                                  0x000010f5   Thumb Code    46  mpu9150.o(.text)
    getAres                                  0x00001123   Thumb Code    46  mpu9150.o(.text)
    writeByte                                0x00001151   Thumb Code     4  mpu9150.o(.text)
    readByte                                 0x00001155   Thumb Code     4  mpu9150.o(.text)
    readBytes                                0x00001159   Thumb Code     4  mpu9150.o(.text)
    MPU9150_setup                            0x0000115d   Thumb Code    98  mpu9150.o(.text)
    MPU9150_reset                            0x000011bf   Thumb Code    22  mpu9150.o(.text)
    MPU9150_init                             0x000011d5   Thumb Code   172  mpu9150.o(.text)
    MPU9150_calibrate                        0x00001281   Thumb Code  1028  mpu9150.o(.text)
    MPU9150_selftest                         0x00001685   Thumb Code   404  mpu9150.o(.text)
    MPU9150_readAccelData                    0x00001819   Thumb Code    42  mpu9150.o(.text)
    MPU9150_readGyroData                     0x00001843   Thumb Code    42  mpu9150.o(.text)
    AK8975A_init                             0x0000186d   Thumb Code   132  mpu9150.o(.text)
    MPU9150_prepareMagData                   0x000018f1   Thumb Code     8  mpu9150.o(.text)
    MPU9150_magDataReady                     0x000018f9   Thumb Code    18  mpu9150.o(.text)
    MPU9150_readMagData                      0x0000190b   Thumb Code    36  mpu9150.o(.text)
    MPU9150_readTempData                     0x0000192f   Thumb Code    24  mpu9150.o(.text)
    GPIOPortB_Handler                        0x00001a27   Thumb Code    50  sensor_task.o(.text)
    MPU9150TaskInit                          0x00001a59   Thumb Code    42  sensor_task.o(.text)
    Timer0A_Delay_Init                       0x00001aa9   Thumb Code    50  timer0a.o(.text)
    Timer0A_Delay_Init_8MHz                  0x00001adb   Thumb Code    54  timer0a.o(.text)
    Delay_us                                 0x00001b11   Thumb Code    18  timer0a.o(.text)
    Delay_ms                                 0x00001b23   Thumb Code    26  timer0a.o(.text)
    LED_SwitchTaskInit                       0x00001d47   Thumb Code    54  gpio_task.o(.text)
    vListInitialise                          0x00001da1   Thumb Code    22  list.o(.text)
    vListInitialiseItem                      0x00001db7   Thumb Code     6  list.o(.text)
    vListInsertEnd                           0x00001dbd   Thumb Code    24  list.o(.text)
    vListInsert                              0x00001dd5   Thumb Code    48  list.o(.text)
    uxListRemove                             0x00001e05   Thumb Code    36  list.o(.text)
    xQueueGenericReset                       0x00001e29   Thumb Code   112  queue.o(.text)
    xQueueGenericCreate                      0x00001e99   Thumb Code    64  queue.o(.text)
    xQueueGenericSend                        0x00001fad   Thumb Code   250  queue.o(.text)
    xQueueCreateMutex                        0x000020a7   Thumb Code    36  queue.o(.text)
    xQueueGiveMutexRecursive                 0x000020cb   Thumb Code    42  queue.o(.text)
    xQueueGenericReceive                     0x0000211b   Thumb Code   282  queue.o(.text)
    xQueueTakeMutexRecursive                 0x00002235   Thumb Code    56  queue.o(.text)
    xQueueGenericSendFromISR                 0x0000226d   Thumb Code   100  queue.o(.text)
    xQueueGiveFromISR                        0x000022d1   Thumb Code    86  queue.o(.text)
    xQueueReceiveFromISR                     0x00002327   Thumb Code    98  queue.o(.text)
    xQueuePeekFromISR                        0x00002389   Thumb Code    44  queue.o(.text)
    uxQueueMessagesWaiting                   0x000023b5   Thumb Code    18  queue.o(.text)
    uxQueueSpacesAvailable                   0x000023c7   Thumb Code    22  queue.o(.text)
    uxQueueMessagesWaitingFromISR            0x000023dd   Thumb Code     4  queue.o(.text)
    vQueueUnregisterQueue                    0x000023e1   Thumb Code    36  queue.o(.text)
    vQueueDelete                             0x00002405   Thumb Code    18  queue.o(.text)
    uxQueueGetQueueNumber                    0x00002417   Thumb Code     4  queue.o(.text)
    vQueueSetQueueNumber                     0x0000241b   Thumb Code     4  queue.o(.text)
    ucQueueGetQueueType                      0x0000241f   Thumb Code     6  queue.o(.text)
    xQueueIsQueueEmptyFromISR                0x00002425   Thumb Code    12  queue.o(.text)
    xQueueIsQueueFullFromISR                 0x00002431   Thumb Code    16  queue.o(.text)
    vQueueAddToRegistry                      0x00002441   Thumb Code    32  queue.o(.text)
    pcQueueGetName                           0x00002461   Thumb Code    34  queue.o(.text)
    xTaskCreate                              0x00002561   Thumb Code    86  tasks.o(.text)
    vTaskDelete                              0x000025b7   Thumb Code   138  tasks.o(.text)
    xTaskIncrementTick                       0x00002641   Thumb Code   168  tasks.o(.text)
    xTaskResumeAll                           0x000026e9   Thumb Code   166  tasks.o(.text)
    vTaskSuspendAll                          0x000027f5   Thumb Code    10  tasks.o(.text)
    vTaskDelayUntil                          0x000027ff   Thumb Code    78  tasks.o(.text)
    vTaskDelay                               0x0000284d   Thumb Code    44  tasks.o(.text)
    eTaskGetState                            0x00002879   Thumb Code    92  tasks.o(.text)
    uxTaskPriorityGet                        0x000028d5   Thumb Code    24  tasks.o(.text)
    uxTaskPriorityGetFromISR                 0x000028ed   Thumb Code    32  tasks.o(.text)
    vTaskPrioritySet                         0x0000290d   Thumb Code   168  tasks.o(.text)
    vTaskSwitchContext                       0x000029b5   Thumb Code   104  tasks.o(.text)
    vTaskSuspend                             0x00002a1d   Thumb Code   136  tasks.o(.text)
    vTaskResume                              0x00002aa5   Thumb Code    96  tasks.o(.text)
    xTaskResumeFromISR                       0x00002b05   Thumb Code   104  tasks.o(.text)
    vTaskStartScheduler                      0x00002b73   Thumb Code    66  tasks.o(.text)
    vTaskEndScheduler                        0x00002bb5   Thumb Code    24  tasks.o(.text)
    xTaskGetTickCount                        0x00002bcd   Thumb Code     6  tasks.o(.text)
    xTaskGetTickCountFromISR                 0x00002bd3   Thumb Code     6  tasks.o(.text)
    uxTaskGetNumberOfTasks                   0x00002bd9   Thumb Code     6  tasks.o(.text)
    pcTaskGetName                            0x00002bdf   Thumb Code    10  tasks.o(.text)
    vTaskGetInfo                             0x00002be9   Thumb Code   114  tasks.o(.text)
    uxTaskGetSystemState                     0x00002ccd   Thumb Code   156  tasks.o(.text)
    vTaskPlaceOnEventList                    0x00002d69   Thumb Code    28  tasks.o(.text)
    vTaskPlaceOnUnorderedEventList           0x00002d85   Thumb Code    36  tasks.o(.text)
    xTaskRemoveFromEventList                 0x00002da9   Thumb Code    88  tasks.o(.text)
    xTaskRemoveFromUnorderedEventList        0x00002e01   Thumb Code    72  tasks.o(.text)
    vTaskSetTimeOutState                     0x00002e49   Thumb Code    12  tasks.o(.text)
    xTaskCheckForTimeOut                     0x00002e55   Thumb Code    66  tasks.o(.text)
    vTaskMissedYield                         0x00002e97   Thumb Code     8  tasks.o(.text)
    uxTaskGetTaskNumber                      0x00002e9f   Thumb Code     8  tasks.o(.text)
    vTaskSetTaskNumber                       0x00002ea7   Thumb Code     8  tasks.o(.text)
    uxTaskGetStackHighWaterMark              0x00002eaf   Thumb Code    12  tasks.o(.text)
    xTaskGetCurrentTaskHandle                0x00002ebb   Thumb Code     6  tasks.o(.text)
    vTaskPriorityInherit                     0x00002ec1   Thumb Code   124  tasks.o(.text)
    xTaskPriorityDisinherit                  0x00002f3d   Thumb Code   102  tasks.o(.text)
    uxTaskResetEventItemValue                0x00002fa3   Thumb Code    20  tasks.o(.text)
    pvTaskIncrementMutexHeldCount            0x00002fb7   Thumb Code    18  tasks.o(.text)
    ulTaskNotifyTake                         0x00002fc9   Thumb Code    96  tasks.o(.text)
    xTaskNotifyWait                          0x00003029   Thumb Code   128  tasks.o(.text)
    xTaskGenericNotify                       0x000030a9   Thumb Code   168  tasks.o(.text)
    xTaskGenericNotifyFromISR                0x00003151   Thumb Code   176  tasks.o(.text)
    vTaskNotifyGiveFromISR                   0x00003201   Thumb Code   126  tasks.o(.text)
    xTaskNotifyStateClear                    0x0000327f   Thumb Code    44  tasks.o(.text)
    pvPortMalloc                             0x000033e9   Thumb Code   172  heap_2.o(.text)
    vPortFree                                0x00003495   Thumb Code    56  heap_2.o(.text)
    xPortGetFreeHeapSize                     0x000034cd   Thumb Code     6  heap_2.o(.text)
    vPortInitialiseBlocks                    0x000034d3   Thumb Code     2  heap_2.o(.text)
    pxPortInitialiseStack                    0x000034ed   Thumb Code    40  port.o(.text)
    vPortSetupTimerInterrupt                 0x00003515   Thumb Code    16  port.o(.text)
    xPortStartScheduler                      0x00003525   Thumb Code    52  port.o(.text)
    vPortEndScheduler                        0x00003559   Thumb Code     2  port.o(.text)
    vPortEnterCritical                       0x0000355b   Thumb Code    24  port.o(.text)
    vPortExitCritical                        0x00003573   Thumb Code    16  port.o(.text)
    xPortSysTickHandler                      0x00003583   Thumb Code    40  port.o(.text)
    __aeabi_memcpy                           0x000035bd   Thumb Code    36  memcpya.o(.text)
    __aeabi_memcpy4                          0x000035bd   Thumb Code     0  memcpya.o(.text)
    __aeabi_memcpy8                          0x000035bd   Thumb Code     0  memcpya.o(.text)
    __aeabi_memset                           0x000035e1   Thumb Code    14  memseta.o(.text)
    __aeabi_memset4                          0x000035e1   Thumb Code     0  memseta.o(.text)
    __aeabi_memset8                          0x000035e1   Thumb Code     0  memseta.o(.text)
    __aeabi_memclr                           0x000035ef   Thumb Code     4  memseta.o(.text)
    __aeabi_memclr4                          0x000035ef   Thumb Code     0  memseta.o(.text)
    __aeabi_memclr8                          0x000035ef   Thumb Code     0  memseta.o(.text)
    _memset$wrapper                          0x000035f3   Thumb Code    18  memseta.o(.text)
    __I$use$fp                               0x00003605   Thumb Code     0  iusefp.o(.text)
    __scatterload                            0x00003605   Thumb Code    28  init.o(.text)
    __scatterload_rt2                        0x00003605   Thumb Code     0  init.o(.text)
    __ARM_fpclassifyf                        0x00003629   Thumb Code    38  fpclassifyf.o(i.__ARM_fpclassifyf)
    __hardfp_powf                            0x00003651   Thumb Code  1518  powf.o(i.__hardfp_powf)
    __mathlib_powf                           0x00003651   Thumb Code     0  powf.o(i.__hardfp_powf)
    __mathlib_flt_divzero                    0x00003c5d   Thumb Code    14  funder.o(i.__mathlib_flt_divzero)
    __mathlib_flt_infnan2                    0x00003c71   Thumb Code     6  funder.o(i.__mathlib_flt_infnan2)
    __mathlib_flt_invalid                    0x00003c79   Thumb Code    10  funder.o(i.__mathlib_flt_invalid)
    __mathlib_flt_overflow                   0x00003c89   Thumb Code    10  funder.o(i.__mathlib_flt_overflow)
    __mathlib_flt_underflow                  0x00003c99   Thumb Code    10  funder.o(i.__mathlib_flt_underflow)
    __scatterload_copy                       0x00003ca9   Thumb Code    14  handlers.o(i.__scatterload_copy)
    __scatterload_null                       0x00003cb7   Thumb Code     2  handlers.o(i.__scatterload_null)
    __scatterload_zeroinit                   0x00003cb9   Thumb Code    14  handlers.o(i.__scatterload_zeroinit)
    __set_errno                              0x00003cc9   Thumb Code     6  errno.o(i.__set_errno)
    Region$$Table$$Base                      0x00003e14   Number         0  anon$$obj.o(Region$$Table)
    Region$$Table$$Limit                     0x00003e34   Number         0  anon$$obj.o(Region$$Table)
    Ascale                                   0x20000004   Data           4  mpu9150.o(.data)
    Gscale                                   0x20000008   Data           4  mpu9150.o(.data)
    MagRate                                  0x2000000c   Data           4  mpu9150.o(.data)
    aRes                                     0x20000010   Data           4  mpu9150.o(.data)
    gRes                                     0x20000014   Data           4  mpu9150.o(.data)
    g_pUARTSemaphore                         0x20000018   Data           4  ram.o(.data)
    I2C3_Mutex                               0x2000001c   Data           4  ram.o(.data)
    GlobalVariable_Mutex                     0x20000020   Data           4  ram.o(.data)
    RawDataMPU_Semaphore                     0x20000024   Data           4  ram.o(.data)
    RGBLED_Queue                             0x20000028   Data           4  ram.o(.data)
    SwitchesState_Queue                      0x2000002c   Data           4  ram.o(.data)
    pxCurrentTCB                             0x20000038   Data           4  tasks.o(.data)
    firstOrderFilters                        0x20000094   Data         300  firstorderfilter.o(.bss)
    MPU9150_Bias                             0x200001c0   Data          52  ram.o(.bss)
    MPU9150_RawData                          0x200001f4   Data          22  ram.o(.bss)
    MPU9150_FilteredData                     0x2000020c   Data          40  ram.o(.bss)
    xQueueRegistry                           0x20000234   Data          80  queue.o(.bss)
    __initial_sp                             0x20007b58   Data           0  startup_rvmdk.o(STACK)



==============================================================================

Memory Map of the image

  Image Entry point : 0x00000285

  Load Region LR_IROM1 (Base: 0x00000000, Size: 0x00003ec8, Max: 0x00040000, ABSOLUTE)

    Execution Region ER_IROM1 (Base: 0x00000000, Size: 0x00003e34, Max: 0x00040000, ABSOLUTE)

    Base Addr    Size         Type   Attr      Idx    E Section Name        Object

    0x00000000   0x00000284   Code   RO            3    RESET               startup_rvmdk.o
    0x00000284   0x00000000   Code   RO         1077  * .ARM.Collect$$$$00000000  mc_w.l(entry.o)
    0x00000284   0x00000004   Code   RO         1107    .ARM.Collect$$$$00000001  mc_w.l(entry2.o)
    0x00000288   0x00000004   Code   RO         1110    .ARM.Collect$$$$00000004  mc_w.l(entry5.o)
    0x0000028c   0x00000000   Code   RO         1112    .ARM.Collect$$$$00000008  mc_w.l(entry7b.o)
    0x0000028c   0x00000000   Code   RO         1114    .ARM.Collect$$$$0000000A  mc_w.l(entry8b.o)
    0x0000028c   0x00000008   Code   RO         1115    .ARM.Collect$$$$0000000B  mc_w.l(entry9a.o)
    0x00000294   0x00000000   Code   RO         1117    .ARM.Collect$$$$0000000D  mc_w.l(entry10a.o)
    0x00000294   0x00000000   Code   RO         1119    .ARM.Collect$$$$0000000F  mc_w.l(entry11a.o)
    0x00000294   0x00000004   Code   RO         1108    .ARM.Collect$$$$00002712  mc_w.l(entry2.o)
    0x00000298   0x000000b6   Code   RO          483    .emb_text           port.o
    0x0000034e   0x00000002   PAD
    0x00000350   0x000002b4   Code   RO           12    .text               main.o
    0x00000604   0x000000b8   Code   RO          121    .text               pll.o
    0x000006bc   0x000001b8   Code   RO          133    .text               gpio.o
    0x00000874   0x000002f8   Code   RO          146    .text               uart.o
    0x00000b6c   0x000001cc   Code   RO          255    .text               firstorderfilter.o
    0x00000d38   0x000003bc   Code   RO          273    .text               i2c.o
    0x000010f4   0x00000870   Code   RO          304    .text               mpu9150.o
    0x00001964   0x00000144   Code   RO          343    .text               sensor_task.o
    0x00001aa8   0x000000a0   Code   RO          356    .text               timer0a.o
    0x00001b48   0x00000258   Code   RO          369    .text               gpio_task.o
    0x00001da0   0x00000088   Code   RO          381    .text               list.o
    0x00001e28   0x00000678   Code   RO          402    .text               queue.o
    0x000024a0   0x00000f48   Code   RO          433    .text               tasks.o
    0x000033e8   0x000000f4   Code   RO          468    .text               heap_2.o
    0x000034dc   0x000000e0   Code   RO          484    .text               port.o
    0x000035bc   0x00000024   Code   RO         1080    .text               mc_w.l(memcpya.o)
    0x000035e0   0x00000024   Code   RO         1082    .text               mc_w.l(memseta.o)
    0x00003604   0x00000000   Code   RO         1130    .text               mc_w.l(iusefp.o)
    0x00003604   0x00000024   Code   RO         1133    .text               mc_w.l(init.o)
    0x00003628   0x00000026   Code   RO         1088    i.__ARM_fpclassifyf  m_wm.l(fpclassifyf.o)
    0x0000364e   0x00000002   PAD
    0x00003650   0x0000060c   Code   RO         1039    i.__hardfp_powf     m_wm.l(powf.o)
    0x00003c5c   0x00000014   Code   RO         1090    i.__mathlib_flt_divzero  m_wm.l(funder.o)
    0x00003c70   0x00000006   Code   RO         1092    i.__mathlib_flt_infnan2  m_wm.l(funder.o)
    0x00003c76   0x00000002   PAD
    0x00003c78   0x00000010   Code   RO         1093    i.__mathlib_flt_invalid  m_wm.l(funder.o)
    0x00003c88   0x00000010   Code   RO         1094    i.__mathlib_flt_overflow  m_wm.l(funder.o)
    0x00003c98   0x00000010   Code   RO         1096    i.__mathlib_flt_underflow  m_wm.l(funder.o)
    0x00003ca8   0x0000000e   Code   RO         1137    i.__scatterload_copy  mc_w.l(handlers.o)
    0x00003cb6   0x00000002   Code   RO         1138    i.__scatterload_null  mc_w.l(handlers.o)
    0x00003cb8   0x0000000e   Code   RO         1139    i.__scatterload_zeroinit  mc_w.l(handlers.o)
    0x00003cc6   0x00000002   PAD
    0x00003cc8   0x0000000c   Code   RO         1125    i.__set_errno       mc_w.l(errno.o)
    0x00003cd4   0x00000140   Data   RO         1042    .constdata          m_wm.l(powf.o)
    0x00003e14   0x00000020   Data   RO         1135    Region$$Table       anon$$obj.o


    Execution Region RW_IRAM1 (Base: 0x20000000, Size: 0x00007b58, Max: 0x00008000, ABSOLUTE)

    Base Addr    Size         Type   Attr      Idx    E Section Name        Object

    0x20000000   0x00000002   Data   RW           13    .data               main.o
    0x20000002   0x00000002   PAD
    0x20000004   0x00000014   Data   RW          305    .data               mpu9150.o
    0x20000018   0x00000004   Data   RW          325    .data               ram.o
    0x2000001c   0x00000004   Data   RW          326    .data               ram.o
    0x20000020   0x00000004   Data   RW          327    .data               ram.o
    0x20000024   0x00000004   Data   RW          328    .data               ram.o
    0x20000028   0x00000004   Data   RW          330    .data               ram.o
    0x2000002c   0x00000004   Data   RW          331    .data               ram.o
    0x20000030   0x00000008   Data   RW          344    .data               sensor_task.o
    0x20000038   0x0000003c   Data   RW          435    .data               tasks.o
    0x20000074   0x00000018   Data   RW          470    .data               heap_2.o
    0x2000008c   0x00000004   Data   RW          485    .data               port.o
    0x20000090   0x00000004   Data   RW         1126    .data               mc_w.l(errno.o)
    0x20000094   0x0000012c   Zero   RW          256    .bss                firstorderfilter.o
    0x200001c0   0x00000034   Zero   RW          321    .bss                ram.o
    0x200001f4   0x00000016   Zero   RW          322    .bss                ram.o
    0x2000020a   0x00000002   PAD
    0x2000020c   0x00000028   Zero   RW          323    .bss                ram.o
    0x20000234   0x00000050   Zero   RW          403    .bss                queue.o
    0x20000284   0x000001a4   Zero   RW          434    .bss                tasks.o
    0x20000428   0x00007530   Zero   RW          469    .bss                heap_2.o
    0x20007958   0x00000200   Zero   RW            1    STACK               startup_rvmdk.o


==============================================================================

Image component sizes


      Code (inc. data)   RO Data    RW Data    ZI Data      Debug   Object Name

       460         58          0          0        300       2682   firstorderfilter.o
       440         38          0          0          0       2524   gpio.o
       600         50          0          0          0       1565   gpio_task.o
       244          8          0         24      30000       2980   heap_2.o
       956         34          0          0          0       2999   i2c.o
       136          0          0          0          0       3182   list.o
       692        122          0          2          0      22780   main.o
      2160         86          0         20          0       5445   mpu9150.o
       184          4          0          0          0        609   pll.o
       406         34          0          4          0       7350   port.o
      1656         10          0          0         80      19121   queue.o
         0          0          0         24        114       2474   ram.o
       324         38          0          8          0       1040   sensor_task.o
       644        620          0          0        512        816   startup_rvmdk.o
      3912         84          0         60        420      27745   tasks.o
       160         12          0          0          0       1389   timer0a.o
       760         30          0          0          0       3554   uart.o

    ----------------------------------------------------------------------
     13736       1228         32        144      31428     108255   Object Totals
         0          0         32          0          0          0   (incl. Generated)
         2          0          0          2          2          0   (incl. Padding)

    ----------------------------------------------------------------------

      Code (inc. data)   RO Data    RW Data    ZI Data      Debug   Library Member Name

        38          0          0          0          0        116   fpclassifyf.o
        74         24          0          0          0        580   funder.o
      1548        110        320          0          0        268   powf.o
         0          0          0          0          0          0   entry.o
         0          0          0          0          0          0   entry10a.o
         0          0          0          0          0          0   entry11a.o
         8          4          0          0          0          0   entry2.o
         4          0          0          0          0          0   entry5.o
         0          0          0          0          0          0   entry7b.o
         0          0          0          0          0          0   entry8b.o
         8          4          0          0          0          0   entry9a.o
        12          6          0          4          0         68   errno.o
        30          0          0          0          0          0   handlers.o
        36          8          0          0          0         68   init.o
         0          0          0          0          0          0   iusefp.o
        36          0          0          0          0         68   memcpya.o
        36          0          0          0          0        108   memseta.o

    ----------------------------------------------------------------------
      1836        156        320          4          0       1276   Library Totals
         6          0          0          0          0          0   (incl. Padding)

    ----------------------------------------------------------------------

      Code (inc. data)   RO Data    RW Data    ZI Data      Debug   Library Name

      1660        134        320          0          0        964   m_wm.l
       170         22          0          4          0        312   mc_w.l

    ----------------------------------------------------------------------
      1836        156        320          4          0       1276   Library Totals

    ----------------------------------------------------------------------

==============================================================================


      Code (inc. data)   RO Data    RW Data    ZI Data      Debug   

     15572       1384        352        148      31428     105883   Grand Totals
     15572       1384        352        148      31428     105883   ELF Image Totals
     15572       1384        352        148          0          0   ROM Totals

==============================================================================

    Total RO  Size (Code + RO Data)                15924 (  15.55kB)
    Total RW  Size (RW Data + ZI Data)             31576 (  30.84kB)
    Total ROM Size (Code + RO Data + RW Data)      16072 (  15.70kB)

==============================================================================

